<?xml version="1.0" encoding="ISO-8859-1" ?>
<link_info>
   <banner>TI ARM Linker PC v18.1.1.LTS</banner>
   <copyright>Copyright (c) 1996-2017 Texas Instruments Incorporated</copyright>
   <link_time>0x5b10da88</link_time>
   <link_errors>0x0</link_errors>
   <output_file>Timer_Ultrsonic.out</output_file>
   <entry_point>
      <name>_c_int00_noargs</name>
      <address>0x200071cd</address>
   </entry_point>
   <input_file_list>
      <input_file id="fl-2">
         <path>.\</path>
         <kind>object</kind>
         <file>main.obj</file>
         <name>main.obj</name>
      </input_file>
      <input_file id="fl-3">
         <path>.\</path>
         <kind>object</kind>
         <file>pinmux.obj</file>
         <name>pinmux.obj</name>
      </input_file>
      <input_file id="fl-4">
         <path>.\</path>
         <kind>object</kind>
         <file>startup_ccs.obj</file>
         <name>startup_ccs.obj</name>
      </input_file>
      <input_file id="fl-5">
         <path>.\</path>
         <kind>object</kind>
         <file>uart_if.obj</file>
         <name>uart_if.obj</name>
      </input_file>
      <input_file id="fl-a">
         <kind>object</kind>
         <file>&lt;internal&gt;</file>
         <name>&lt;internal&gt;</name>
      </input_file>
      <input_file id="fl-c0">
         <path>C:\ti\ccsv8\tools\compiler\ti-cgt-arm_18.1.1.LTS\lib\</path>
         <kind>archive</kind>
         <file>rtsv7M4_T_le_eabi.lib</file>
         <name>fd_mul_t2.asm.obj</name>
      </input_file>
      <input_file id="fl-c1">
         <path>C:\ti\ccsv8\tools\compiler\ti-cgt-arm_18.1.1.LTS\lib\</path>
         <kind>archive</kind>
         <file>rtsv7M4_T_le_eabi.lib</file>
         <name>fd_tou_t2.asm.obj</name>
      </input_file>
      <input_file id="fl-c2">
         <path>C:\ti\ccsv8\tools\compiler\ti-cgt-arm_18.1.1.LTS\lib\</path>
         <kind>archive</kind>
         <file>rtsv7M4_T_le_eabi.lib</file>
         <name>fs_div_t2.asm.obj</name>
      </input_file>
      <input_file id="fl-c3">
         <path>C:\ti\ccsv8\tools\compiler\ti-cgt-arm_18.1.1.LTS\lib\</path>
         <kind>archive</kind>
         <file>rtsv7M4_T_le_eabi.lib</file>
         <name>fs_mul_t2.asm.obj</name>
      </input_file>
      <input_file id="fl-c4">
         <path>C:\ti\ccsv8\tools\compiler\ti-cgt-arm_18.1.1.LTS\lib\</path>
         <kind>archive</kind>
         <file>rtsv7M4_T_le_eabi.lib</file>
         <name>fs_tod_t2.asm.obj</name>
      </input_file>
      <input_file id="fl-c5">
         <path>C:\ti\ccsv8\tools\compiler\ti-cgt-arm_18.1.1.LTS\lib\</path>
         <kind>archive</kind>
         <file>rtsv7M4_T_le_eabi.lib</file>
         <name>fs_toi_t2.asm.obj</name>
      </input_file>
      <input_file id="fl-c6">
         <path>C:\ti\ccsv8\tools\compiler\ti-cgt-arm_18.1.1.LTS\lib\</path>
         <kind>archive</kind>
         <file>rtsv7M4_T_le_eabi.lib</file>
         <name>u_tofd_t2.asm.obj</name>
      </input_file>
      <input_file id="fl-c7">
         <path>C:\ti\ccsv8\tools\compiler\ti-cgt-arm_18.1.1.LTS\lib\</path>
         <kind>archive</kind>
         <file>rtsv7M4_T_le_eabi.lib</file>
         <name>u_tofs_t2.asm.obj</name>
      </input_file>
      <input_file id="fl-c8">
         <path>C:\ti\ccsv8\tools\compiler\ti-cgt-arm_18.1.1.LTS\lib\</path>
         <kind>archive</kind>
         <file>rtsv7M4_T_le_eabi.lib</file>
         <name>copy_zero_init.c.obj</name>
      </input_file>
      <input_file id="fl-c9">
         <path>C:\ti\ccsv8\tools\compiler\ti-cgt-arm_18.1.1.LTS\lib\</path>
         <kind>archive</kind>
         <file>rtsv7M4_T_le_eabi.lib</file>
         <name>copy_decompress_none.c.obj</name>
      </input_file>
      <input_file id="fl-ca">
         <path>C:\ti\ccsv8\tools\compiler\ti-cgt-arm_18.1.1.LTS\lib\</path>
         <kind>archive</kind>
         <file>rtsv7M4_T_le_eabi.lib</file>
         <name>copy_decompress_lzss.c.obj</name>
      </input_file>
      <input_file id="fl-cb">
         <path>C:\ti\ccsv8\tools\compiler\ti-cgt-arm_18.1.1.LTS\lib\</path>
         <kind>archive</kind>
         <file>rtsv7M4_T_le_eabi.lib</file>
         <name>boot_cortex_m.c.obj</name>
      </input_file>
      <input_file id="fl-cc">
         <path>C:\ti\ccsv8\tools\compiler\ti-cgt-arm_18.1.1.LTS\lib\</path>
         <kind>archive</kind>
         <file>rtsv7M4_T_le_eabi.lib</file>
         <name>exit.c.obj</name>
      </input_file>
      <input_file id="fl-cd">
         <path>C:\ti\ccsv8\tools\compiler\ti-cgt-arm_18.1.1.LTS\lib\</path>
         <kind>archive</kind>
         <file>rtsv7M4_T_le_eabi.lib</file>
         <name>memory.c.obj</name>
      </input_file>
      <input_file id="fl-ce">
         <path>C:\ti\ccsv8\tools\compiler\ti-cgt-arm_18.1.1.LTS\lib\</path>
         <kind>archive</kind>
         <file>rtsv7M4_T_le_eabi.lib</file>
         <name>_lock.c.obj</name>
      </input_file>
      <input_file id="fl-cf">
         <path>C:\ti\ccsv8\tools\compiler\ti-cgt-arm_18.1.1.LTS\lib\</path>
         <kind>archive</kind>
         <file>rtsv7M4_T_le_eabi.lib</file>
         <name>args_main.c.obj</name>
      </input_file>
      <input_file id="fl-d0">
         <path>C:\ti\ccsv8\tools\compiler\ti-cgt-arm_18.1.1.LTS\lib\</path>
         <kind>archive</kind>
         <file>rtsv7M4_T_le_eabi.lib</file>
         <name>memmov.c.obj</name>
      </input_file>
      <input_file id="fl-d1">
         <path>C:\ti\ccsv8\tools\compiler\ti-cgt-arm_18.1.1.LTS\lib\</path>
         <kind>archive</kind>
         <file>rtsv7M4_T_le_eabi.lib</file>
         <name>strlen.c.obj</name>
      </input_file>
      <input_file id="fl-d2">
         <path>C:\ti\ccsv8\tools\compiler\ti-cgt-arm_18.1.1.LTS\lib\</path>
         <kind>archive</kind>
         <file>rtsv7M4_T_le_eabi.lib</file>
         <name>vsnprintf.c.obj</name>
      </input_file>
      <input_file id="fl-d3">
         <path>C:\ti\ccsv8\tools\compiler\ti-cgt-arm_18.1.1.LTS\lib\</path>
         <kind>archive</kind>
         <file>rtsv7M4_T_le_eabi.lib</file>
         <name>memcpy_t2.asm.obj</name>
      </input_file>
      <input_file id="fl-d4">
         <path>C:\ti\ccsv8\tools\compiler\ti-cgt-arm_18.1.1.LTS\lib\</path>
         <kind>archive</kind>
         <file>rtsv7M4_T_le_eabi.lib</file>
         <name>memset_t2.asm.obj</name>
      </input_file>
      <input_file id="fl-d5">
         <path>C:\ti\ccsv8\tools\compiler\ti-cgt-arm_18.1.1.LTS\lib\</path>
         <kind>archive</kind>
         <file>rtsv7M4_T_le_eabi.lib</file>
         <name>autoinit.c.obj</name>
      </input_file>
      <input_file id="fl-d6">
         <path>C:\ti\ccsv8\tools\compiler\ti-cgt-arm_18.1.1.LTS\lib\</path>
         <kind>archive</kind>
         <file>rtsv7M4_T_le_eabi.lib</file>
         <name>pre_init.c.obj</name>
      </input_file>
      <input_file id="fl-d7">
         <path>C:\ti\ccsv8\tools\compiler\ti-cgt-arm_18.1.1.LTS\lib\</path>
         <kind>archive</kind>
         <file>rtsv7M4_T_le_eabi.lib</file>
         <name>cpy_tbl.c.obj</name>
      </input_file>
      <input_file id="fl-d8">
         <path>C:\ti\ccsv8\tools\compiler\ti-cgt-arm_18.1.1.LTS\lib\</path>
         <kind>archive</kind>
         <file>rtsv7M4_T_le_eabi.lib</file>
         <name>_printfi.c.obj</name>
      </input_file>
      <input_file id="fl-d9">
         <path>C:\ti\ccsv8\tools\compiler\ti-cgt-arm_18.1.1.LTS\lib\</path>
         <kind>archive</kind>
         <file>rtsv7M4_T_le_eabi.lib</file>
         <name>atoi.c.obj</name>
      </input_file>
      <input_file id="fl-da">
         <path>C:\ti\ccsv8\tools\compiler\ti-cgt-arm_18.1.1.LTS\lib\</path>
         <kind>archive</kind>
         <file>rtsv7M4_T_le_eabi.lib</file>
         <name>ctype.c.obj</name>
      </input_file>
      <input_file id="fl-db">
         <path>C:\ti\ccsv8\tools\compiler\ti-cgt-arm_18.1.1.LTS\lib\</path>
         <kind>archive</kind>
         <file>rtsv7M4_T_le_eabi.lib</file>
         <name>ltoa.c.obj</name>
      </input_file>
      <input_file id="fl-dc">
         <path>C:\ti\ccsv8\tools\compiler\ti-cgt-arm_18.1.1.LTS\lib\</path>
         <kind>archive</kind>
         <file>rtsv7M4_T_le_eabi.lib</file>
         <name>memccpy.c.obj</name>
      </input_file>
      <input_file id="fl-dd">
         <path>C:\ti\ccsv8\tools\compiler\ti-cgt-arm_18.1.1.LTS\lib\</path>
         <kind>archive</kind>
         <file>rtsv7M4_T_le_eabi.lib</file>
         <name>strchr.c.obj</name>
      </input_file>
      <input_file id="fl-de">
         <path>C:\ti\ccsv8\tools\compiler\ti-cgt-arm_18.1.1.LTS\lib\</path>
         <kind>archive</kind>
         <file>rtsv7M4_T_le_eabi.lib</file>
         <name>s_frexp.c.obj</name>
      </input_file>
      <input_file id="fl-df">
         <path>C:\ti\ccsv8\tools\compiler\ti-cgt-arm_18.1.1.LTS\lib\</path>
         <kind>archive</kind>
         <file>rtsv7M4_T_le_eabi.lib</file>
         <name>s_scalbn.c.obj</name>
      </input_file>
      <input_file id="fl-e0">
         <path>C:\ti\ccsv8\tools\compiler\ti-cgt-arm_18.1.1.LTS\lib\</path>
         <kind>archive</kind>
         <file>rtsv7M4_T_le_eabi.lib</file>
         <name>s_copysign.c.obj</name>
      </input_file>
      <input_file id="fl-e1">
         <path>C:\ti\ccsv8\tools\compiler\ti-cgt-arm_18.1.1.LTS\lib\</path>
         <kind>archive</kind>
         <file>rtsv7M4_T_le_eabi.lib</file>
         <name>wcslen.c.obj</name>
      </input_file>
      <input_file id="fl-e2">
         <path>C:\ti\ccsv8\tools\compiler\ti-cgt-arm_18.1.1.LTS\lib\</path>
         <kind>archive</kind>
         <file>rtsv7M4_T_le_eabi.lib</file>
         <name>fd_add_t2.asm.obj</name>
      </input_file>
      <input_file id="fl-e3">
         <path>C:\ti\ccsv8\tools\compiler\ti-cgt-arm_18.1.1.LTS\lib\</path>
         <kind>archive</kind>
         <file>rtsv7M4_T_le_eabi.lib</file>
         <name>fd_cmp_t2.asm.obj</name>
      </input_file>
      <input_file id="fl-e4">
         <path>C:\ti\ccsv8\tools\compiler\ti-cgt-arm_18.1.1.LTS\lib\</path>
         <kind>archive</kind>
         <file>rtsv7M4_T_le_eabi.lib</file>
         <name>fd_div_t2.asm.obj</name>
      </input_file>
      <input_file id="fl-e5">
         <path>C:\ti\ccsv8\tools\compiler\ti-cgt-arm_18.1.1.LTS\lib\</path>
         <kind>archive</kind>
         <file>rtsv7M4_T_le_eabi.lib</file>
         <name>fd_toi_t2.asm.obj</name>
      </input_file>
      <input_file id="fl-e6">
         <path>C:\ti\ccsv8\tools\compiler\ti-cgt-arm_18.1.1.LTS\lib\</path>
         <kind>archive</kind>
         <file>rtsv7M4_T_le_eabi.lib</file>
         <name>i_tofd_t2.asm.obj</name>
      </input_file>
      <input_file id="fl-e7">
         <path>C:\ti\ccsv8\tools\compiler\ti-cgt-arm_18.1.1.LTS\lib\</path>
         <kind>archive</kind>
         <file>rtsv7M4_T_le_eabi.lib</file>
         <name>ull_div_t2.asm.obj</name>
      </input_file>
      <input_file id="fl-e8">
         <path>C:\ti\ccsv8\tools\compiler\ti-cgt-arm_18.1.1.LTS\lib\</path>
         <kind>archive</kind>
         <file>rtsv7M4_T_le_eabi.lib</file>
         <name>errno.c.obj</name>
      </input_file>
      <input_file id="fl-e9">
         <path>C:\ti\ccsv8\tools\compiler\ti-cgt-arm_18.1.1.LTS\lib\</path>
         <kind>archive</kind>
         <file>rtsv7M4_T_le_eabi.lib</file>
         <name>div0.asm.obj</name>
      </input_file>
      <input_file id="fl-ea">
         <path>C:\ti\CC3200SDK_1.3.0\cc3200-sdk\driverlib\ccs\Release\</path>
         <kind>archive</kind>
         <file>driverlib.a</file>
         <name>gpio.obj</name>
      </input_file>
      <input_file id="fl-eb">
         <path>C:\ti\CC3200SDK_1.3.0\cc3200-sdk\driverlib\ccs\Release\</path>
         <kind>archive</kind>
         <file>driverlib.a</file>
         <name>interrupt.obj</name>
      </input_file>
      <input_file id="fl-ec">
         <path>C:\ti\CC3200SDK_1.3.0\cc3200-sdk\driverlib\ccs\Release\</path>
         <kind>archive</kind>
         <file>driverlib.a</file>
         <name>pin.obj</name>
      </input_file>
      <input_file id="fl-ed">
         <path>C:\ti\CC3200SDK_1.3.0\cc3200-sdk\driverlib\ccs\Release\</path>
         <kind>archive</kind>
         <file>driverlib.a</file>
         <name>prcm.obj</name>
      </input_file>
      <input_file id="fl-ee">
         <path>C:\ti\CC3200SDK_1.3.0\cc3200-sdk\driverlib\ccs\Release\</path>
         <kind>archive</kind>
         <file>driverlib.a</file>
         <name>timer.obj</name>
      </input_file>
      <input_file id="fl-ef">
         <path>C:\ti\CC3200SDK_1.3.0\cc3200-sdk\driverlib\ccs\Release\</path>
         <kind>archive</kind>
         <file>driverlib.a</file>
         <name>uart.obj</name>
      </input_file>
      <input_file id="fl-f0">
         <path>C:\ti\CC3200SDK_1.3.0\cc3200-sdk\driverlib\ccs\Release\</path>
         <kind>archive</kind>
         <file>driverlib.a</file>
         <name>utils.obj</name>
      </input_file>
      <input_file id="fl-f1">
         <path>C:\ti\CC3200SDK_1.3.0\cc3200-sdk\driverlib\ccs\Release\</path>
         <kind>archive</kind>
         <file>driverlib.a</file>
         <name>cpu.obj</name>
      </input_file>
      <input_file id="fl-f2">
         <path>C:\ti\CC3200SDK_1.3.0\cc3200-sdk\driverlib\ccs\Release\</path>
         <kind>archive</kind>
         <file>driverlib.a</file>
         <name>flash.obj</name>
      </input_file>
   </input_file_list>
   <object_component_list>
      <object_component id="oc-f">
         <name>.intvecs</name>
         <load_address>0x20004000</load_address>
         <run_address>0x20004000</run_address>
         <size>0x400</size>
         <input_file_ref idref="fl-4"/>
      </object_component>
      <object_component id="oc-298">
         <name>.text:__TI_printfi</name>
         <load_address>0x20004400</load_address>
         <run_address>0x20004400</run_address>
         <size>0xa4a</size>
         <input_file_ref idref="fl-d8"/>
      </object_component>
      <object_component id="oc-302">
         <name>.text:_nop</name>
         <load_address>0x20004e4a</load_address>
         <run_address>0x20004e4a</run_address>
         <size>0x2</size>
         <input_file_ref idref="fl-ce"/>
      </object_component>
      <object_component id="oc-c2">
         <name>.text</name>
         <load_address>0x20004e4c</load_address>
         <run_address>0x20004e4c</run_address>
         <size>0x280</size>
         <input_file_ref idref="fl-5"/>
      </object_component>
      <object_component id="oc-94">
         <name>.text</name>
         <load_address>0x200050cc</load_address>
         <run_address>0x200050cc</run_address>
         <size>0x26c</size>
         <input_file_ref idref="fl-2"/>
      </object_component>
      <object_component id="oc-346">
         <name>.text:_pconv_a</name>
         <load_address>0x20005338</load_address>
         <run_address>0x20005338</run_address>
         <size>0x268</size>
         <input_file_ref idref="fl-d8"/>
      </object_component>
      <object_component id="oc-334">
         <name>.text:_pconv_g</name>
         <load_address>0x200055a0</load_address>
         <run_address>0x200055a0</run_address>
         <size>0x1cc</size>
         <input_file_ref idref="fl-d8"/>
      </object_component>
      <object_component id="oc-3bc">
         <name>.text</name>
         <load_address>0x2000576c</load_address>
         <run_address>0x2000576c</run_address>
         <size>0x1b6</size>
         <input_file_ref idref="fl-e2"/>
      </object_component>
      <object_component id="oc-411">
         <name>.text</name>
         <load_address>0x20005922</load_address>
         <run_address>0x20005922</run_address>
         <size>0x2</size>
         <input_file_ref idref="fl-e9"/>
      </object_component>
      <object_component id="oc-da">
         <name>.text:PRCMCC3200MCUInit</name>
         <load_address>0x20005924</load_address>
         <run_address>0x20005924</run_address>
         <size>0x178</size>
         <input_file_ref idref="fl-ed"/>
      </object_component>
      <object_component id="oc-340">
         <name>.text:_pconv_e</name>
         <load_address>0x20005a9c</load_address>
         <run_address>0x20005a9c</run_address>
         <size>0x13c</size>
         <input_file_ref idref="fl-d8"/>
      </object_component>
      <object_component id="oc-3a2">
         <name>.text</name>
         <load_address>0x20005bd8</load_address>
         <run_address>0x20005bd8</run_address>
         <size>0x136</size>
         <input_file_ref idref="fl-e4"/>
      </object_component>
      <object_component id="oc-3ce">
         <name>.text:fcvt</name>
         <load_address>0x20005d10</load_address>
         <run_address>0x20005d10</run_address>
         <size>0x120</size>
         <input_file_ref idref="fl-d8"/>
      </object_component>
      <object_component id="oc-1d3">
         <name>.text:realloc</name>
         <load_address>0x20005e30</load_address>
         <run_address>0x20005e30</run_address>
         <size>0x114</size>
         <input_file_ref idref="fl-cd"/>
      </object_component>
      <object_component id="oc-116">
         <name>.text</name>
         <load_address>0x20005f44</load_address>
         <run_address>0x20005f44</run_address>
         <size>0xfc</size>
         <input_file_ref idref="fl-c0"/>
      </object_component>
      <object_component id="oc-1d9">
         <name>.text:free</name>
         <load_address>0x20006040</load_address>
         <run_address>0x20006040</run_address>
         <size>0xd8</size>
         <input_file_ref idref="fl-cd"/>
      </object_component>
      <object_component id="oc-3e2">
         <name>.text:scalbn</name>
         <load_address>0x20006118</load_address>
         <run_address>0x20006118</run_address>
         <size>0xd0</size>
         <input_file_ref idref="fl-df"/>
      </object_component>
      <object_component id="oc-329">
         <name>.text:_ltostr</name>
         <load_address>0x200061e8</load_address>
         <run_address>0x200061e8</run_address>
         <size>0xb1</size>
         <input_file_ref idref="fl-d8"/>
      </object_component>
      <object_component id="oc-d4">
         <name>.text:IntEnable</name>
         <load_address>0x2000629c</load_address>
         <run_address>0x2000629c</run_address>
         <size>0xa8</size>
         <input_file_ref idref="fl-eb"/>
      </object_component>
      <object_component id="oc-3a">
         <name>.text</name>
         <load_address>0x20006344</load_address>
         <run_address>0x20006344</run_address>
         <size>0x9c</size>
         <input_file_ref idref="fl-d3"/>
      </object_component>
      <object_component id="oc-39b">
         <name>.text</name>
         <load_address>0x200063e0</load_address>
         <run_address>0x200063e0</run_address>
         <size>0x96</size>
         <input_file_ref idref="fl-e7"/>
      </object_component>
      <object_component id="oc-19d">
         <name>.text:PRCMPeripheralClockGet</name>
         <load_address>0x20006478</load_address>
         <run_address>0x20006478</run_address>
         <size>0x94</size>
         <input_file_ref idref="fl-ed"/>
      </object_component>
      <object_component id="oc-125">
         <name>.text</name>
         <load_address>0x2000650c</load_address>
         <run_address>0x2000650c</run_address>
         <size>0x92</size>
         <input_file_ref idref="fl-c2"/>
      </object_component>
      <object_component id="oc-2eb">
         <name>.text:PinConfigSet</name>
         <load_address>0x200065a0</load_address>
         <run_address>0x200065a0</run_address>
         <size>0x88</size>
         <input_file_ref idref="fl-ec"/>
      </object_component>
      <object_component id="oc-32f">
         <name>.text:__aeabi_cdcmple</name>
         <load_address>0x20006628</load_address>
         <run_address>0x20006628</run_address>
         <size>0x86</size>
         <input_file_ref idref="fl-e3"/>
      </object_component>
      <object_component id="oc-3a7">
         <name>.text:__aeabi_cdrcmple</name>
         <load_address>0x200066ae</load_address>
         <run_address>0x200066ae</run_address>
         <size>0x86</size>
         <input_file_ref idref="fl-e3"/>
      </object_component>
      <object_component id="oc-f8">
         <name>.text:GPIOIntTypeSet</name>
         <load_address>0x20006734</load_address>
         <run_address>0x20006734</run_address>
         <size>0x82</size>
         <input_file_ref idref="fl-ea"/>
      </object_component>
      <object_component id="oc-12a">
         <name>.text</name>
         <load_address>0x200067b6</load_address>
         <run_address>0x200067b6</run_address>
         <size>0x7a</size>
         <input_file_ref idref="fl-c3"/>
      </object_component>
      <object_component id="oc-88">
         <name>.text</name>
         <load_address>0x20006830</load_address>
         <run_address>0x20006830</run_address>
         <size>0x7a</size>
         <input_file_ref idref="fl-d4"/>
      </object_component>
      <object_component id="oc-1cd">
         <name>.text:malloc</name>
         <load_address>0x200068ac</load_address>
         <run_address>0x200068ac</run_address>
         <size>0x78</size>
         <input_file_ref idref="fl-cd"/>
      </object_component>
      <object_component id="oc-1a3">
         <name>.text:UARTConfigSetExpClk</name>
         <load_address>0x20006924</load_address>
         <run_address>0x20006924</run_address>
         <size>0x76</size>
         <input_file_ref idref="fl-ef"/>
      </object_component>
      <object_component id="oc-fe">
         <name>.text:TimerIntRegister</name>
         <load_address>0x2000699c</load_address>
         <run_address>0x2000699c</run_address>
         <size>0x70</size>
         <input_file_ref idref="fl-ee"/>
      </object_component>
      <object_component id="oc-3c7">
         <name>.text:_mcpy</name>
         <load_address>0x20006a0c</load_address>
         <run_address>0x20006a0c</run_address>
         <size>0x6e</size>
         <input_file_ref idref="fl-d8"/>
      </object_component>
      <object_component id="oc-12">
         <name>.text:decompress:lzss:__TI_decompress_lzss</name>
         <load_address>0x20006a7a</load_address>
         <run_address>0x20006a7a</run_address>
         <size>0x68</size>
         <input_file_ref idref="fl-ca"/>
      </object_component>
      <object_component id="oc-e0">
         <name>.text</name>
         <load_address>0x20006ae4</load_address>
         <run_address>0x20006ae4</run_address>
         <size>0x64</size>
         <input_file_ref idref="fl-3"/>
      </object_component>
      <object_component id="oc-3dc">
         <name>.text:frexp</name>
         <load_address>0x20006b48</load_address>
         <run_address>0x20006b48</run_address>
         <size>0x5c</size>
         <input_file_ref idref="fl-de"/>
      </object_component>
      <object_component id="oc-217">
         <name>.text:PRCMPeripheralReset</name>
         <load_address>0x20006ba4</load_address>
         <run_address>0x20006ba4</run_address>
         <size>0x58</size>
         <input_file_ref idref="fl-ed"/>
      </object_component>
      <object_component id="oc-33a">
         <name>.text:_pconv_f</name>
         <load_address>0x20006bfc</load_address>
         <run_address>0x20006bfc</run_address>
         <size>0x56</size>
         <input_file_ref idref="fl-d8"/>
      </object_component>
      <object_component id="oc-3b1">
         <name>.text:ltoa</name>
         <load_address>0x20006c52</load_address>
         <run_address>0x20006c52</run_address>
         <size>0x54</size>
         <input_file_ref idref="fl-db"/>
      </object_component>
      <object_component id="oc-3c1">
         <name>.text:_ecpy</name>
         <load_address>0x20006ca6</load_address>
         <run_address>0x20006ca6</run_address>
         <size>0x52</size>
         <input_file_ref idref="fl-d8"/>
      </object_component>
      <object_component id="oc-323">
         <name>.text:atoi</name>
         <load_address>0x20006cf8</load_address>
         <run_address>0x20006cf8</run_address>
         <size>0x4c</size>
         <input_file_ref idref="fl-d9"/>
      </object_component>
      <object_component id="oc-243">
         <name>.text:GPIOGetIntNumber</name>
         <load_address>0x20006d44</load_address>
         <run_address>0x20006d44</run_address>
         <size>0x48</size>
         <input_file_ref idref="fl-ea"/>
      </object_component>
      <object_component id="oc-3ac">
         <name>.text</name>
         <load_address>0x20006d8c</load_address>
         <run_address>0x20006d8c</run_address>
         <size>0x48</size>
         <input_file_ref idref="fl-e5"/>
      </object_component>
      <object_component id="oc-e6">
         <name>.text:TimerConfigure</name>
         <load_address>0x20006dd4</load_address>
         <run_address>0x20006dd4</run_address>
         <size>0x44</size>
         <input_file_ref idref="fl-ee"/>
      </object_component>
      <object_component id="oc-16b">
         <name>.text:__TI_auto_init_nobinit_nopinit:__TI_auto_init_nobinit_nopinit</name>
         <load_address>0x20006e18</load_address>
         <run_address>0x20006e18</run_address>
         <size>0x44</size>
         <input_file_ref idref="fl-d5"/>
      </object_component>
      <object_component id="oc-11b">
         <name>.text</name>
         <load_address>0x20006e5c</load_address>
         <run_address>0x20006e5c</run_address>
         <size>0x44</size>
         <input_file_ref idref="fl-c1"/>
      </object_component>
      <object_component id="oc-2f1">
         <name>.text:PinModeSet</name>
         <load_address>0x20006ea0</load_address>
         <run_address>0x20006ea0</run_address>
         <size>0x40</size>
         <input_file_ref idref="fl-ec"/>
      </object_component>
      <object_component id="oc-1af">
         <name>.text:vsnprintf</name>
         <load_address>0x20006ee0</load_address>
         <run_address>0x20006ee0</run_address>
         <size>0x40</size>
         <input_file_ref idref="fl-d2"/>
      </object_component>
      <object_component id="oc-3d4">
         <name>.text:_fcpy</name>
         <load_address>0x20006f20</load_address>
         <run_address>0x20006f20</run_address>
         <size>0x3e</size>
         <input_file_ref idref="fl-d8"/>
      </object_component>
      <object_component id="oc-211">
         <name>.text:PRCMPeripheralClkEnable</name>
         <load_address>0x20006f60</load_address>
         <run_address>0x20006f60</run_address>
         <size>0x3c</size>
         <input_file_ref idref="fl-ed"/>
      </object_component>
      <object_component id="oc-2c8">
         <name>.text:minsert</name>
         <load_address>0x20006f9c</load_address>
         <run_address>0x20006f9c</run_address>
         <size>0x3c</size>
         <input_file_ref idref="fl-cd"/>
      </object_component>
      <object_component id="oc-2bc">
         <name>.text:minit</name>
         <load_address>0x20006fd8</load_address>
         <run_address>0x20006fd8</run_address>
         <size>0x38</size>
         <input_file_ref idref="fl-cd"/>
      </object_component>
      <object_component id="oc-134">
         <name>.text</name>
         <load_address>0x20007010</load_address>
         <run_address>0x20007010</run_address>
         <size>0x38</size>
         <input_file_ref idref="fl-c4"/>
      </object_component>
      <object_component id="oc-12f">
         <name>.text</name>
         <load_address>0x20007048</load_address>
         <run_address>0x20007048</run_address>
         <size>0x38</size>
         <input_file_ref idref="fl-c5"/>
      </object_component>
      <object_component id="oc-22a">
         <name>.text:GPIODirModeSet</name>
         <load_address>0x20007080</load_address>
         <run_address>0x20007080</run_address>
         <size>0x36</size>
         <input_file_ref idref="fl-ea"/>
      </object_component>
      <object_component id="oc-224">
         <name>.text:PinTypeGPIO</name>
         <load_address>0x200070b6</load_address>
         <run_address>0x200070b6</run_address>
         <size>0x30</size>
         <input_file_ref idref="fl-ec"/>
      </object_component>
      <object_component id="oc-28a">
         <name>.text:UARTDisable</name>
         <load_address>0x200070e8</load_address>
         <run_address>0x200070e8</run_address>
         <size>0x30</size>
         <input_file_ref idref="fl-ef"/>
      </object_component>
      <object_component id="oc-29e">
         <name>.text:_outs</name>
         <load_address>0x20007118</load_address>
         <run_address>0x20007118</run_address>
         <size>0x30</size>
         <input_file_ref idref="fl-d2"/>
      </object_component>
      <object_component id="oc-3b7">
         <name>.text</name>
         <load_address>0x20007148</load_address>
         <run_address>0x20007148</run_address>
         <size>0x2e</size>
         <input_file_ref idref="fl-e6"/>
      </object_component>
      <object_component id="oc-1ff">
         <name>.text:PRCMSysResetCauseGet</name>
         <load_address>0x20007178</load_address>
         <run_address>0x20007178</run_address>
         <size>0x2c</size>
         <input_file_ref idref="fl-ed"/>
      </object_component>
      <object_component id="oc-21d">
         <name>.text:PRCMPeripheralClkDisable</name>
         <load_address>0x200071a4</load_address>
         <run_address>0x200071a4</run_address>
         <size>0x28</size>
         <input_file_ref idref="fl-ed"/>
      </object_component>
      <object_component id="oc-58">
         <name>.text:_c_int00_noargs:_c_int00_noargs</name>
         <load_address>0x200071cc</load_address>
         <run_address>0x200071cc</run_address>
         <size>0x28</size>
         <input_file_ref idref="fl-cb"/>
      </object_component>
      <object_component id="oc-2c2">
         <name>.text:mremove</name>
         <load_address>0x200071f4</load_address>
         <run_address>0x200071f4</run_address>
         <size>0x28</size>
         <input_file_ref idref="fl-cd"/>
      </object_component>
      <object_component id="oc-290">
         <name>.text:UARTEnable</name>
         <load_address>0x2000721c</load_address>
         <run_address>0x2000721c</run_address>
         <size>0x24</size>
         <input_file_ref idref="fl-ef"/>
      </object_component>
      <object_component id="oc-1c7">
         <name>.text:memmove</name>
         <load_address>0x20007240</load_address>
         <run_address>0x20007240</run_address>
         <size>0x24</size>
         <input_file_ref idref="fl-d0"/>
      </object_component>
      <object_component id="oc-120">
         <name>.text</name>
         <load_address>0x20007264</load_address>
         <run_address>0x20007264</run_address>
         <size>0x24</size>
         <input_file_ref idref="fl-c7"/>
      </object_component>
      <object_component id="oc-10a">
         <name>.text:GPIOPinWrite</name>
         <load_address>0x20007288</load_address>
         <run_address>0x20007288</run_address>
         <size>0x20</size>
         <input_file_ref idref="fl-ea"/>
      </object_component>
      <object_component id="oc-23b">
         <name>.text:IntRegister</name>
         <load_address>0x200072a8</load_address>
         <run_address>0x200072a8</run_address>
         <size>0x20</size>
         <input_file_ref idref="fl-eb"/>
      </object_component>
      <object_component id="oc-111">
         <name>.text</name>
         <load_address>0x200072c8</load_address>
         <run_address>0x200072c8</run_address>
         <size>0x20</size>
         <input_file_ref idref="fl-c6"/>
      </object_component>
      <object_component id="oc-104">
         <name>.text:GPIOIntRegister</name>
         <load_address>0x200072e8</load_address>
         <run_address>0x200072e8</run_address>
         <size>0x1e</size>
         <input_file_ref idref="fl-ea"/>
      </object_component>
      <object_component id="oc-151">
         <name>.text:TimerDisable</name>
         <load_address>0x20007306</load_address>
         <run_address>0x20007306</run_address>
         <size>0x1e</size>
         <input_file_ref idref="fl-ee"/>
      </object_component>
      <object_component id="oc-ec">
         <name>.text:TimerEnable</name>
         <load_address>0x20007324</load_address>
         <run_address>0x20007324</run_address>
         <size>0x1e</size>
         <input_file_ref idref="fl-ee"/>
      </object_component>
      <object_component id="oc-1a9">
         <name>.text:UARTCharPut</name>
         <load_address>0x20007342</load_address>
         <run_address>0x20007342</run_address>
         <size>0x1e</size>
         <input_file_ref idref="fl-ef"/>
      </object_component>
      <object_component id="oc-145">
         <name>.text:TimerLoadGet</name>
         <load_address>0x20007360</load_address>
         <run_address>0x20007360</run_address>
         <size>0x1c</size>
         <input_file_ref idref="fl-ee"/>
      </object_component>
      <object_component id="oc-14b">
         <name>.text:TimerValueGet</name>
         <load_address>0x2000737c</load_address>
         <run_address>0x2000737c</run_address>
         <size>0x1c</size>
         <input_file_ref idref="fl-ee"/>
      </object_component>
      <object_component id="oc-1bb">
         <name>.text:UARTCharGetNonBlocking</name>
         <load_address>0x20007398</load_address>
         <run_address>0x20007398</run_address>
         <size>0x1c</size>
         <input_file_ref idref="fl-ef"/>
      </object_component>
      <object_component id="oc-34c">
         <name>.text:memccpy</name>
         <load_address>0x200073b4</load_address>
         <run_address>0x200073b4</run_address>
         <size>0x1c</size>
         <input_file_ref idref="fl-dc"/>
      </object_component>
      <object_component id="oc-f2">
         <name>.text:GPIOIntEnable</name>
         <load_address>0x200073d0</load_address>
         <run_address>0x200073d0</run_address>
         <size>0x1a</size>
         <input_file_ref idref="fl-ea"/>
      </object_component>
      <object_component id="oc-230">
         <name>.text:PinTypeUART</name>
         <load_address>0x200073ea</load_address>
         <run_address>0x200073ea</run_address>
         <size>0x1a</size>
         <input_file_ref idref="fl-ec"/>
      </object_component>
      <object_component id="oc-13f">
         <name>.text:GPIOPinRead</name>
         <load_address>0x20007404</load_address>
         <run_address>0x20007404</run_address>
         <size>0x18</size>
         <input_file_ref idref="fl-ea"/>
      </object_component>
      <object_component id="oc-1b5">
         <name>.text:UARTCharsAvail</name>
         <load_address>0x2000741c</load_address>
         <run_address>0x2000741c</run_address>
         <size>0x18</size>
         <input_file_ref idref="fl-ef"/>
      </object_component>
      <object_component id="oc-2a4">
         <name>.text:_outc</name>
         <load_address>0x20007434</load_address>
         <run_address>0x20007434</run_address>
         <size>0x18</size>
         <input_file_ref idref="fl-d2"/>
      </object_component>
      <object_component id="oc-205">
         <name>.text:PRCMHIBRegRead</name>
         <load_address>0x2000744c</load_address>
         <run_address>0x2000744c</run_address>
         <size>0x16</size>
         <input_file_ref idref="fl-ed"/>
      </object_component>
      <object_component id="oc-20b">
         <name>.text:PRCMHIBRegWrite</name>
         <load_address>0x20007462</load_address>
         <run_address>0x20007462</run_address>
         <size>0x16</size>
         <input_file_ref idref="fl-ed"/>
      </object_component>
      <object_component id="oc-3e8">
         <name>.text:strchr</name>
         <load_address>0x20007478</load_address>
         <run_address>0x20007478</run_address>
         <size>0x16</size>
         <input_file_ref idref="fl-dd"/>
      </object_component>
      <object_component id="oc-1ef">
         <name>.text:CPUcpsie</name>
         <load_address>0x2000748e</load_address>
         <run_address>0x2000748e</run_address>
         <size>0x14</size>
         <input_file_ref idref="fl-f1"/>
      </object_component>
      <object_component id="oc-139">
         <name>.text:GPIOIntClear</name>
         <load_address>0x200074a2</load_address>
         <run_address>0x200074a2</run_address>
         <size>0x14</size>
         <input_file_ref idref="fl-ea"/>
      </object_component>
      <object_component id="oc-c8">
         <name>.text:IntVTableBaseSet</name>
         <load_address>0x200074b8</load_address>
         <run_address>0x200074b8</run_address>
         <size>0x14</size>
         <input_file_ref idref="fl-eb"/>
      </object_component>
      <object_component id="oc-1c1">
         <name>.text:strlen</name>
         <load_address>0x200074cc</load_address>
         <run_address>0x200074cc</run_address>
         <size>0x14</size>
         <input_file_ref idref="fl-d1"/>
      </object_component>
      <object_component id="oc-46">
         <name>.text:decompress:ZI:__TI_zero_init_nomemset:__TI_zero_init_nomemset</name>
         <load_address>0x200074e0</load_address>
         <run_address>0x200074e0</run_address>
         <size>0x12</size>
         <input_file_ref idref="fl-c8"/>
      </object_component>
      <object_component id="oc-352">
         <name>.text:wcslen</name>
         <load_address>0x200074f2</load_address>
         <run_address>0x200074f2</run_address>
         <size>0x12</size>
         <input_file_ref idref="fl-e1"/>
      </object_component>
      <object_component id="oc-18">
         <name>.text:decompress:none:__TI_decompress_none</name>
         <load_address>0x20007504</load_address>
         <run_address>0x20007504</run_address>
         <size>0xe</size>
         <input_file_ref idref="fl-c9"/>
      </object_component>
      <object_component id="oc-26">
         <name>.text</name>
         <load_address>0x20007512</load_address>
         <run_address>0x20007512</run_address>
         <size>0xe</size>
         <input_file_ref idref="fl-4"/>
      </object_component>
      <object_component id="oc-ce">
         <name>.text:IntMasterEnable</name>
         <load_address>0x20007520</load_address>
         <run_address>0x20007520</run_address>
         <size>0xa</size>
         <input_file_ref idref="fl-eb"/>
      </object_component>
      <object_component id="oc-358">
         <name>.text:__aeabi_errno_addr</name>
         <load_address>0x2000752c</load_address>
         <run_address>0x2000752c</run_address>
         <size>0x8</size>
         <input_file_ref idref="fl-e8"/>
      </object_component>
      <object_component id="oc-429">
         <name>.text:copysign</name>
         <load_address>0x20007534</load_address>
         <run_address>0x20007534</run_address>
         <size>0x8</size>
         <input_file_ref idref="fl-e0"/>
      </object_component>
      <object_component id="oc-110">
         <name>.text:UtilsDelay</name>
         <load_address>0x2000753c</load_address>
         <run_address>0x2000753c</run_address>
         <size>0x6</size>
         <input_file_ref idref="fl-f0"/>
      </object_component>
      <object_component id="oc-8e">
         <name>.text:_system_pre_init</name>
         <load_address>0x20007542</load_address>
         <run_address>0x20007542</run_address>
         <size>0x4</size>
         <input_file_ref idref="fl-d6"/>
      </object_component>
      <object_component id="oc-15f">
         <name>.text:abort:abort</name>
         <load_address>0x20007546</load_address>
         <run_address>0x20007546</run_address>
         <size>0x4</size>
         <input_file_ref idref="fl-cc"/>
      </object_component>
      <object_component id="oc-396">
         <name>.const:.string:_ctypes_</name>
         <load_address>0x20007550</load_address>
         <run_address>0x20007550</run_address>
         <size>0x101</size>
         <input_file_ref idref="fl-da"/>
      </object_component>
      <object_component id="oc-382">
         <name>.const:g_ulPinToPadMap</name>
         <load_address>0x20007654</load_address>
         <run_address>0x20007654</run_address>
         <size>0x100</size>
         <input_file_ref idref="fl-ec"/>
      </object_component>
      <object_component id="oc-2e4">
         <name>.const:PRCM_PeriphRegsList</name>
         <load_address>0x20007754</load_address>
         <run_address>0x20007754</run_address>
         <size>0xa8</size>
         <input_file_ref idref="fl-ed"/>
      </object_component>
      <object_component id="oc-1fb">
         <name>.const</name>
         <load_address>0x200077fc</load_address>
         <run_address>0x200077fc</run_address>
         <size>0x80</size>
         <input_file_ref idref="fl-eb"/>
      </object_component>
      <object_component id="oc-15a">
         <name>.const</name>
         <load_address>0x20007880</load_address>
         <run_address>0x20007880</run_address>
         <size>0x8</size>
         <input_file_ref idref="fl-2"/>
      </object_component>
      <object_component id="oc-481">
         <name>.cinit..data.load</name>
         <load_address>0x20007888</load_address>
         <run_address>0x20007888</run_address>
         <size>0x1b</size>
      </object_component>
      <object_component id="oc-47f">
         <name>__TI_handler_table</name>
         <load_address>0x200078a4</load_address>
         <run_address>0x200078a4</run_address>
         <size>0xc</size>
      </object_component>
      <object_component id="oc-482">
         <name>.cinit..bss.load</name>
         <load_address>0x200078b0</load_address>
         <run_address>0x200078b0</run_address>
         <size>0x8</size>
      </object_component>
      <object_component id="oc-480">
         <name>__TI_cinit_table</name>
         <load_address>0x200078b8</load_address>
         <run_address>0x200078b8</run_address>
         <size>0x10</size>
      </object_component>
      <object_component id="oc-157">
         <name>.data</name>
         <load_address>0x20017814</load_address>
         <run_address>0x20017814</run_address>
         <size>0x8</size>
         <input_file_ref idref="fl-2"/>
      </object_component>
      <object_component id="oc-2ce">
         <name>.data:$O1$$</name>
         <load_address>0x20017800</load_address>
         <run_address>0x20017800</run_address>
         <size>0xc</size>
         <input_file_ref idref="fl-cd"/>
      </object_component>
      <object_component id="oc-26d">
         <name>.data:$O1$$</name>
         <load_address>0x2001780c</load_address>
         <run_address>0x2001780c</run_address>
         <size>0x8</size>
         <input_file_ref idref="fl-ce"/>
      </object_component>
      <object_component id="oc-3f8">
         <name>.data</name>
         <load_address>0x2001781c</load_address>
         <run_address>0x2001781c</run_address>
         <size>0x4</size>
         <input_file_ref idref="fl-e8"/>
      </object_component>
      <object_component id="oc-1df">
         <name>.bss</name>
         <uninitialized>true</uninitialized>
         <run_address>0x20017820</run_address>
         <size>0x4</size>
         <input_file_ref idref="fl-5"/>
      </object_component>
      <object_component id="oc-23">
         <name>.sysmem</name>
         <uninitialized>true</uninitialized>
         <run_address>0x20017000</run_address>
         <size>0x8</size>
         <input_file_ref idref="fl-cd"/>
      </object_component>
      <object_component id="oc-484">
         <name>.sysmem</name>
         <uninitialized>true</uninitialized>
         <run_address>0x20017000</run_address>
         <size>0x0</size>
      </object_component>
      <object_component id="oc-20">
         <name>.stack</name>
         <uninitialized>true</uninitialized>
         <run_address>0x2002f000</run_address>
         <size>0x4</size>
         <input_file_ref idref="fl-cb"/>
      </object_component>
      <object_component id="oc-483">
         <name>.stack</name>
         <uninitialized>true</uninitialized>
         <run_address>0x2002f000</run_address>
         <size>0x0</size>
      </object_component>
      <object_component id="oc-15e">
         <name>.debug_info</name>
         <load_address>0x0</load_address>
         <run_address>0x0</run_address>
         <size>0x545</size>
         <input_file_ref idref="fl-2"/>
      </object_component>
      <object_component id="oc-15b">
         <name>.debug_info</name>
         <load_address>0x545</load_address>
         <run_address>0x545</run_address>
         <size>0xd2</size>
         <input_file_ref idref="fl-2"/>
      </object_component>
      <object_component id="oc-158">
         <name>.debug_info</name>
         <load_address>0x617</load_address>
         <run_address>0x617</run_address>
         <size>0xf5</size>
         <input_file_ref idref="fl-2"/>
      </object_component>
      <object_component id="oc-95">
         <name>.debug_info</name>
         <load_address>0x70c</load_address>
         <run_address>0x70c</run_address>
         <size>0x579</size>
         <input_file_ref idref="fl-2"/>
      </object_component>
      <object_component id="oc-264">
         <name>.debug_info</name>
         <load_address>0xc85</load_address>
         <run_address>0xc85</run_address>
         <size>0x26b</size>
         <input_file_ref idref="fl-2"/>
      </object_component>
      <object_component id="oc-1e9">
         <name>.debug_info</name>
         <load_address>0xef0</load_address>
         <run_address>0xef0</run_address>
         <size>0x110</size>
         <input_file_ref idref="fl-2"/>
      </object_component>
      <object_component id="oc-37d">
         <name>.debug_info</name>
         <load_address>0x1000</load_address>
         <run_address>0x1000</run_address>
         <size>0x62</size>
         <input_file_ref idref="fl-2"/>
      </object_component>
      <object_component id="oc-35">
         <name>.debug_info</name>
         <load_address>0x1062</load_address>
         <run_address>0x1062</run_address>
         <size>0x84</size>
         <input_file_ref idref="fl-2"/>
      </object_component>
      <object_component id="oc-2d8">
         <name>.debug_info</name>
         <load_address>0x10e6</load_address>
         <run_address>0x10e6</run_address>
         <size>0x297</size>
         <input_file_ref idref="fl-2"/>
      </object_component>
      <object_component id="oc-25f">
         <name>.debug_info</name>
         <load_address>0x137d</load_address>
         <run_address>0x137d</run_address>
         <size>0xbb</size>
         <input_file_ref idref="fl-2"/>
      </object_component>
      <object_component id="oc-1f6">
         <name>.debug_info</name>
         <load_address>0x1438</load_address>
         <run_address>0x1438</run_address>
         <size>0x2c</size>
         <input_file_ref idref="fl-2"/>
      </object_component>
      <object_component id="oc-e1">
         <name>.debug_info</name>
         <load_address>0x1464</load_address>
         <run_address>0x1464</run_address>
         <size>0x1fc</size>
         <input_file_ref idref="fl-3"/>
      </object_component>
      <object_component id="oc-2e">
         <name>.debug_info</name>
         <load_address>0x1660</load_address>
         <run_address>0x1660</run_address>
         <size>0x197</size>
         <input_file_ref idref="fl-4"/>
      </object_component>
      <object_component id="oc-10">
         <name>.debug_info</name>
         <load_address>0x17f7</load_address>
         <run_address>0x17f7</run_address>
         <size>0x116</size>
         <input_file_ref idref="fl-4"/>
      </object_component>
      <object_component id="oc-27">
         <name>.debug_info</name>
         <load_address>0x190d</load_address>
         <run_address>0x190d</run_address>
         <size>0x437</size>
         <input_file_ref idref="fl-4"/>
      </object_component>
      <object_component id="oc-1e3">
         <name>.debug_info</name>
         <load_address>0x1d44</load_address>
         <run_address>0x1d44</run_address>
         <size>0x3dc</size>
         <input_file_ref idref="fl-5"/>
      </object_component>
      <object_component id="oc-1e0">
         <name>.debug_info</name>
         <load_address>0x2120</load_address>
         <run_address>0x2120</run_address>
         <size>0x10d</size>
         <input_file_ref idref="fl-5"/>
      </object_component>
      <object_component id="oc-c3">
         <name>.debug_info</name>
         <load_address>0x222d</load_address>
         <run_address>0x222d</run_address>
         <size>0x8e9</size>
         <input_file_ref idref="fl-5"/>
      </object_component>
      <object_component id="oc-1e4">
         <name>.debug_info</name>
         <load_address>0x2b16</load_address>
         <run_address>0x2b16</run_address>
         <size>0x2c</size>
         <input_file_ref idref="fl-5"/>
      </object_component>
      <object_component id="oc-118">
         <name>.debug_info</name>
         <load_address>0x2b42</load_address>
         <run_address>0x2b42</run_address>
         <size>0x132</size>
         <input_file_ref idref="fl-c0"/>
      </object_component>
      <object_component id="oc-11d">
         <name>.debug_info</name>
         <load_address>0x2c74</load_address>
         <run_address>0x2c74</run_address>
         <size>0x131</size>
         <input_file_ref idref="fl-c1"/>
      </object_component>
      <object_component id="oc-126">
         <name>.debug_info</name>
         <load_address>0x2da5</load_address>
         <run_address>0x2da5</run_address>
         <size>0x132</size>
         <input_file_ref idref="fl-c2"/>
      </object_component>
      <object_component id="oc-12d">
         <name>.debug_info</name>
         <load_address>0x2ed7</load_address>
         <run_address>0x2ed7</run_address>
         <size>0x132</size>
         <input_file_ref idref="fl-c3"/>
      </object_component>
      <object_component id="oc-137">
         <name>.debug_info</name>
         <load_address>0x3009</load_address>
         <run_address>0x3009</run_address>
         <size>0x124</size>
         <input_file_ref idref="fl-c4"/>
      </object_component>
      <object_component id="oc-130">
         <name>.debug_info</name>
         <load_address>0x312d</load_address>
         <run_address>0x312d</run_address>
         <size>0x126</size>
         <input_file_ref idref="fl-c5"/>
      </object_component>
      <object_component id="oc-112">
         <name>.debug_info</name>
         <load_address>0x3253</load_address>
         <run_address>0x3253</run_address>
         <size>0x126</size>
         <input_file_ref idref="fl-c6"/>
      </object_component>
      <object_component id="oc-121">
         <name>.debug_info</name>
         <load_address>0x3379</load_address>
         <run_address>0x3379</run_address>
         <size>0x123</size>
         <input_file_ref idref="fl-c7"/>
      </object_component>
      <object_component id="oc-87">
         <name>.debug_info</name>
         <load_address>0x349c</load_address>
         <run_address>0x349c</run_address>
         <size>0x1e5</size>
         <input_file_ref idref="fl-c8"/>
      </object_component>
      <object_component id="oc-49">
         <name>.debug_info</name>
         <load_address>0x3681</load_address>
         <run_address>0x3681</run_address>
         <size>0x1b4</size>
         <input_file_ref idref="fl-c8"/>
      </object_component>
      <object_component id="oc-82">
         <name>.debug_info</name>
         <load_address>0x3835</load_address>
         <run_address>0x3835</run_address>
         <size>0x46</size>
         <input_file_ref idref="fl-c8"/>
      </object_component>
      <object_component id="oc-b9">
         <name>.debug_info</name>
         <load_address>0x387b</load_address>
         <run_address>0x387b</run_address>
         <size>0x2c</size>
         <input_file_ref idref="fl-c8"/>
      </object_component>
      <object_component id="oc-45">
         <name>.debug_info</name>
         <load_address>0x38a7</load_address>
         <run_address>0x38a7</run_address>
         <size>0x16f</size>
         <input_file_ref idref="fl-c9"/>
      </object_component>
      <object_component id="oc-1a">
         <name>.debug_info</name>
         <load_address>0x3a16</load_address>
         <run_address>0x3a16</run_address>
         <size>0x1df</size>
         <input_file_ref idref="fl-c9"/>
      </object_component>
      <object_component id="oc-40">
         <name>.debug_info</name>
         <load_address>0x3bf5</load_address>
         <run_address>0x3bf5</run_address>
         <size>0x46</size>
         <input_file_ref idref="fl-c9"/>
      </object_component>
      <object_component id="oc-7a">
         <name>.debug_info</name>
         <load_address>0x3c3b</load_address>
         <run_address>0x3c3b</run_address>
         <size>0x2c</size>
         <input_file_ref idref="fl-c9"/>
      </object_component>
      <object_component id="oc-78">
         <name>.debug_info</name>
         <load_address>0x3c67</load_address>
         <run_address>0x3c67</run_address>
         <size>0x165</size>
         <input_file_ref idref="fl-ca"/>
      </object_component>
      <object_component id="oc-16">
         <name>.debug_info</name>
         <load_address>0x3dcc</load_address>
         <run_address>0x3dcc</run_address>
         <size>0x245</size>
         <input_file_ref idref="fl-ca"/>
      </object_component>
      <object_component id="oc-30">
         <name>.debug_info</name>
         <load_address>0x4011</load_address>
         <run_address>0x4011</run_address>
         <size>0x60</size>
         <input_file_ref idref="fl-ca"/>
      </object_component>
      <object_component id="oc-b2">
         <name>.debug_info</name>
         <load_address>0x4071</load_address>
         <run_address>0x4071</run_address>
         <size>0x46</size>
         <input_file_ref idref="fl-ca"/>
      </object_component>
      <object_component id="oc-73">
         <name>.debug_info</name>
         <load_address>0x40b7</load_address>
         <run_address>0x40b7</run_address>
         <size>0x39</size>
         <input_file_ref idref="fl-ca"/>
      </object_component>
      <object_component id="oc-21">
         <name>.debug_info</name>
         <load_address>0x40f0</load_address>
         <run_address>0x40f0</run_address>
         <size>0x100</size>
         <input_file_ref idref="fl-cb"/>
      </object_component>
      <object_component id="oc-5a">
         <name>.debug_info</name>
         <load_address>0x41f0</load_address>
         <run_address>0x41f0</run_address>
         <size>0x1a4</size>
         <input_file_ref idref="fl-cb"/>
      </object_component>
      <object_component id="oc-161">
         <name>.debug_info</name>
         <load_address>0x4394</load_address>
         <run_address>0x4394</run_address>
         <size>0x117</size>
         <input_file_ref idref="fl-cc"/>
      </object_component>
      <object_component id="oc-6e">
         <name>.debug_info</name>
         <load_address>0x44ab</load_address>
         <run_address>0x44ab</run_address>
         <size>0x28d</size>
         <input_file_ref idref="fl-cd"/>
      </object_component>
      <object_component id="oc-24">
         <name>.debug_info</name>
         <load_address>0x4738</load_address>
         <run_address>0x4738</run_address>
         <size>0x101</size>
         <input_file_ref idref="fl-cd"/>
      </object_component>
      <object_component id="oc-2cf">
         <name>.debug_info</name>
         <load_address>0x4839</load_address>
         <run_address>0x4839</run_address>
         <size>0x14c</size>
         <input_file_ref idref="fl-cd"/>
      </object_component>
      <object_component id="oc-2be">
         <name>.debug_info</name>
         <load_address>0x4985</load_address>
         <run_address>0x4985</run_address>
         <size>0x139</size>
         <input_file_ref idref="fl-cd"/>
      </object_component>
      <object_component id="oc-2c5">
         <name>.debug_info</name>
         <load_address>0x4abe</load_address>
         <run_address>0x4abe</run_address>
         <size>0x174</size>
         <input_file_ref idref="fl-cd"/>
      </object_component>
      <object_component id="oc-2c9">
         <name>.debug_info</name>
         <load_address>0x4c32</load_address>
         <run_address>0x4c32</run_address>
         <size>0x172</size>
         <input_file_ref idref="fl-cd"/>
      </object_component>
      <object_component id="oc-1ce">
         <name>.debug_info</name>
         <load_address>0x4da4</load_address>
         <run_address>0x4da4</run_address>
         <size>0x1db</size>
         <input_file_ref idref="fl-cd"/>
      </object_component>
      <object_component id="oc-1da">
         <name>.debug_info</name>
         <load_address>0x4f7f</load_address>
         <run_address>0x4f7f</run_address>
         <size>0x1e6</size>
         <input_file_ref idref="fl-cd"/>
      </object_component>
      <object_component id="oc-1d4">
         <name>.debug_info</name>
         <load_address>0x5165</load_address>
         <run_address>0x5165</run_address>
         <size>0x27e</size>
         <input_file_ref idref="fl-cd"/>
      </object_component>
      <object_component id="oc-a8">
         <name>.debug_info</name>
         <load_address>0x53e3</load_address>
         <run_address>0x53e3</run_address>
         <size>0x2c</size>
         <input_file_ref idref="fl-cd"/>
      </object_component>
      <object_component id="oc-ad">
         <name>.debug_info</name>
         <load_address>0x540f</load_address>
         <run_address>0x540f</run_address>
         <size>0x62</size>
         <input_file_ref idref="fl-cd"/>
      </object_component>
      <object_component id="oc-30a">
         <name>.debug_info</name>
         <load_address>0x5471</load_address>
         <run_address>0x5471</run_address>
         <size>0x190</size>
         <input_file_ref idref="fl-ce"/>
      </object_component>
      <object_component id="oc-26e">
         <name>.debug_info</name>
         <load_address>0x5601</load_address>
         <run_address>0x5601</run_address>
         <size>0x113</size>
         <input_file_ref idref="fl-ce"/>
      </object_component>
      <object_component id="oc-304">
         <name>.debug_info</name>
         <load_address>0x5714</load_address>
         <run_address>0x5714</run_address>
         <size>0x123</size>
         <input_file_ref idref="fl-ce"/>
      </object_component>
      <object_component id="oc-2bb">
         <name>.debug_info</name>
         <load_address>0x5837</load_address>
         <run_address>0x5837</run_address>
         <size>0x16c</size>
         <input_file_ref idref="fl-d0"/>
      </object_component>
      <object_component id="oc-1c8">
         <name>.debug_info</name>
         <load_address>0x59a3</load_address>
         <run_address>0x59a3</run_address>
         <size>0x1ab</size>
         <input_file_ref idref="fl-d0"/>
      </object_component>
      <object_component id="oc-2b9">
         <name>.debug_info</name>
         <load_address>0x5b4e</load_address>
         <run_address>0x5b4e</run_address>
         <size>0x156</size>
         <input_file_ref idref="fl-d1"/>
      </object_component>
      <object_component id="oc-1c2">
         <name>.debug_info</name>
         <load_address>0x5ca4</load_address>
         <run_address>0x5ca4</run_address>
         <size>0x22a</size>
         <input_file_ref idref="fl-d1"/>
      </object_component>
      <object_component id="oc-2ab">
         <name>.debug_info</name>
         <load_address>0x5ece</load_address>
         <run_address>0x5ece</run_address>
         <size>0x207</size>
         <input_file_ref idref="fl-d2"/>
      </object_component>
      <object_component id="oc-1b3">
         <name>.debug_info</name>
         <load_address>0x60d5</load_address>
         <run_address>0x60d5</run_address>
         <size>0x1fd</size>
         <input_file_ref idref="fl-d2"/>
      </object_component>
      <object_component id="oc-2a0">
         <name>.debug_info</name>
         <load_address>0x62d2</load_address>
         <run_address>0x62d2</run_address>
         <size>0x1bb</size>
         <input_file_ref idref="fl-d2"/>
      </object_component>
      <object_component id="oc-2a7">
         <name>.debug_info</name>
         <load_address>0x648d</load_address>
         <run_address>0x648d</run_address>
         <size>0x16e</size>
         <input_file_ref idref="fl-d2"/>
      </object_component>
      <object_component id="oc-2ac">
         <name>.debug_info</name>
         <load_address>0x65fb</load_address>
         <run_address>0x65fb</run_address>
         <size>0x2c</size>
         <input_file_ref idref="fl-d2"/>
      </object_component>
      <object_component id="oc-2b1">
         <name>.debug_info</name>
         <load_address>0x6627</load_address>
         <run_address>0x6627</run_address>
         <size>0x69</size>
         <input_file_ref idref="fl-d2"/>
      </object_component>
      <object_component id="oc-3b">
         <name>.debug_info</name>
         <load_address>0x6690</load_address>
         <run_address>0x6690</run_address>
         <size>0x111</size>
         <input_file_ref idref="fl-d3"/>
      </object_component>
      <object_component id="oc-89">
         <name>.debug_info</name>
         <load_address>0x67a1</load_address>
         <run_address>0x67a1</run_address>
         <size>0x13f</size>
         <input_file_ref idref="fl-d4"/>
      </object_component>
      <object_component id="oc-274">
         <name>.debug_info</name>
         <load_address>0x68e0</load_address>
         <run_address>0x68e0</run_address>
         <size>0x419</size>
         <input_file_ref idref="fl-d5"/>
      </object_component>
      <object_component id="oc-16d">
         <name>.debug_info</name>
         <load_address>0x6cf9</load_address>
         <run_address>0x6cf9</run_address>
         <size>0x19b</size>
         <input_file_ref idref="fl-d5"/>
      </object_component>
      <object_component id="oc-310">
         <name>.debug_info</name>
         <load_address>0x6e94</load_address>
         <run_address>0x6e94</run_address>
         <size>0x39</size>
         <input_file_ref idref="fl-d5"/>
      </object_component>
      <object_component id="oc-38a">
         <name>.debug_info</name>
         <load_address>0x6ecd</load_address>
         <run_address>0x6ecd</run_address>
         <size>0x39</size>
         <input_file_ref idref="fl-d5"/>
      </object_component>
      <object_component id="oc-315">
         <name>.debug_info</name>
         <load_address>0x6f06</load_address>
         <run_address>0x6f06</run_address>
         <size>0x39</size>
         <input_file_ref idref="fl-d5"/>
      </object_component>
      <object_component id="oc-31a">
         <name>.debug_info</name>
         <load_address>0x6f3f</load_address>
         <run_address>0x6f3f</run_address>
         <size>0xcd</size>
         <input_file_ref idref="fl-d5"/>
      </object_component>
      <object_component id="oc-90">
         <name>.debug_info</name>
         <load_address>0x700c</load_address>
         <run_address>0x700c</run_address>
         <size>0x148</size>
         <input_file_ref idref="fl-d6"/>
      </object_component>
      <object_component id="oc-35f">
         <name>.debug_info</name>
         <load_address>0x7154</load_address>
         <run_address>0x7154</run_address>
         <size>0x778</size>
         <input_file_ref idref="fl-d8"/>
      </object_component>
      <object_component id="oc-32c">
         <name>.debug_info</name>
         <load_address>0x78cc</load_address>
         <run_address>0x78cc</run_address>
         <size>0x213</size>
         <input_file_ref idref="fl-d8"/>
      </object_component>
      <object_component id="oc-3c4">
         <name>.debug_info</name>
         <load_address>0x7adf</load_address>
         <run_address>0x7adf</run_address>
         <size>0x1a8</size>
         <input_file_ref idref="fl-d8"/>
      </object_component>
      <object_component id="oc-3ca">
         <name>.debug_info</name>
         <load_address>0x7c87</load_address>
         <run_address>0x7c87</run_address>
         <size>0x210</size>
         <input_file_ref idref="fl-d8"/>
      </object_component>
      <object_component id="oc-337">
         <name>.debug_info</name>
         <load_address>0x7e97</load_address>
         <run_address>0x7e97</run_address>
         <size>0x3af</size>
         <input_file_ref idref="fl-d8"/>
      </object_component>
      <object_component id="oc-3d1">
         <name>.debug_info</name>
         <load_address>0x8246</load_address>
         <run_address>0x8246</run_address>
         <size>0x2fb</size>
         <input_file_ref idref="fl-d8"/>
      </object_component>
      <object_component id="oc-3d7">
         <name>.debug_info</name>
         <load_address>0x8541</load_address>
         <run_address>0x8541</run_address>
         <size>0x20a</size>
         <input_file_ref idref="fl-d8"/>
      </object_component>
      <object_component id="oc-33d">
         <name>.debug_info</name>
         <load_address>0x874b</load_address>
         <run_address>0x874b</run_address>
         <size>0x21d</size>
         <input_file_ref idref="fl-d8"/>
      </object_component>
      <object_component id="oc-343">
         <name>.debug_info</name>
         <load_address>0x8968</load_address>
         <run_address>0x8968</run_address>
         <size>0x2f8</size>
         <input_file_ref idref="fl-d8"/>
      </object_component>
      <object_component id="oc-349">
         <name>.debug_info</name>
         <load_address>0x8c60</load_address>
         <run_address>0x8c60</run_address>
         <size>0x4a4</size>
         <input_file_ref idref="fl-d8"/>
      </object_component>
      <object_component id="oc-29b">
         <name>.debug_info</name>
         <load_address>0x9104</load_address>
         <run_address>0x9104</run_address>
         <size>0x5cd</size>
         <input_file_ref idref="fl-d8"/>
      </object_component>
      <object_component id="oc-360">
         <name>.debug_info</name>
         <load_address>0x96d1</load_address>
         <run_address>0x96d1</run_address>
         <size>0x86</size>
         <input_file_ref idref="fl-d8"/>
      </object_component>
      <object_component id="oc-3ff">
         <name>.debug_info</name>
         <load_address>0x9757</load_address>
         <run_address>0x9757</run_address>
         <size>0x39</size>
         <input_file_ref idref="fl-d8"/>
      </object_component>
      <object_component id="oc-440">
         <name>.debug_info</name>
         <load_address>0x9790</load_address>
         <run_address>0x9790</run_address>
         <size>0xb6</size>
         <input_file_ref idref="fl-d8"/>
      </object_component>
      <object_component id="oc-404">
         <name>.debug_info</name>
         <load_address>0x9846</load_address>
         <run_address>0x9846</run_address>
         <size>0x46</size>
         <input_file_ref idref="fl-d8"/>
      </object_component>
      <object_component id="oc-365">
         <name>.debug_info</name>
         <load_address>0x988c</load_address>
         <run_address>0x988c</run_address>
         <size>0x46</size>
         <input_file_ref idref="fl-d8"/>
      </object_component>
      <object_component id="oc-39a">
         <name>.debug_info</name>
         <load_address>0x98d2</load_address>
         <run_address>0x98d2</run_address>
         <size>0x180</size>
         <input_file_ref idref="fl-d9"/>
      </object_component>
      <object_component id="oc-324">
         <name>.debug_info</name>
         <load_address>0x9a52</load_address>
         <run_address>0x9a52</run_address>
         <size>0x171</size>
         <input_file_ref idref="fl-d9"/>
      </object_component>
      <object_component id="oc-40e">
         <name>.debug_info</name>
         <load_address>0x9bc3</load_address>
         <run_address>0x9bc3</run_address>
         <size>0xee</size>
         <input_file_ref idref="fl-da"/>
      </object_component>
      <object_component id="oc-397">
         <name>.debug_info</name>
         <load_address>0x9cb1</load_address>
         <run_address>0x9cb1</run_address>
         <size>0xfa</size>
         <input_file_ref idref="fl-da"/>
      </object_component>
      <object_component id="oc-41b">
         <name>.debug_info</name>
         <load_address>0x9dab</load_address>
         <run_address>0x9dab</run_address>
         <size>0x162</size>
         <input_file_ref idref="fl-db"/>
      </object_component>
      <object_component id="oc-3b2">
         <name>.debug_info</name>
         <load_address>0x9f0d</load_address>
         <run_address>0x9f0d</run_address>
         <size>0x1c2</size>
         <input_file_ref idref="fl-db"/>
      </object_component>
      <object_component id="oc-3f0">
         <name>.debug_info</name>
         <load_address>0xa0cf</load_address>
         <run_address>0xa0cf</run_address>
         <size>0x15d</size>
         <input_file_ref idref="fl-dc"/>
      </object_component>
      <object_component id="oc-34e">
         <name>.debug_info</name>
         <load_address>0xa22c</load_address>
         <run_address>0xa22c</run_address>
         <size>0x1ab</size>
         <input_file_ref idref="fl-dc"/>
      </object_component>
      <object_component id="oc-432">
         <name>.debug_info</name>
         <load_address>0xa3d7</load_address>
         <run_address>0xa3d7</run_address>
         <size>0x161</size>
         <input_file_ref idref="fl-dd"/>
      </object_component>
      <object_component id="oc-3ea">
         <name>.debug_info</name>
         <load_address>0xa538</load_address>
         <run_address>0xa538</run_address>
         <size>0x247</size>
         <input_file_ref idref="fl-dd"/>
      </object_component>
      <object_component id="oc-423">
         <name>.debug_info</name>
         <load_address>0xa77f</load_address>
         <run_address>0xa77f</run_address>
         <size>0x15c</size>
         <input_file_ref idref="fl-de"/>
      </object_component>
      <object_component id="oc-3dd">
         <name>.debug_info</name>
         <load_address>0xa8db</load_address>
         <run_address>0xa8db</run_address>
         <size>0x189</size>
         <input_file_ref idref="fl-de"/>
      </object_component>
      <object_component id="oc-44e">
         <name>.debug_info</name>
         <load_address>0xaa64</load_address>
         <run_address>0xaa64</run_address>
         <size>0x39</size>
         <input_file_ref idref="fl-de"/>
      </object_component>
      <object_component id="oc-424">
         <name>.debug_info</name>
         <load_address>0xaa9d</load_address>
         <run_address>0xaa9d</run_address>
         <size>0x2c</size>
         <input_file_ref idref="fl-de"/>
      </object_component>
      <object_component id="oc-430">
         <name>.debug_info</name>
         <load_address>0xaac9</load_address>
         <run_address>0xaac9</run_address>
         <size>0x1bf</size>
         <input_file_ref idref="fl-df"/>
      </object_component>
      <object_component id="oc-3e4">
         <name>.debug_info</name>
         <load_address>0xac88</load_address>
         <run_address>0xac88</run_address>
         <size>0x1f0</size>
         <input_file_ref idref="fl-df"/>
      </object_component>
      <object_component id="oc-42c">
         <name>.debug_info</name>
         <load_address>0xae78</load_address>
         <run_address>0xae78</run_address>
         <size>0x154</size>
         <input_file_ref idref="fl-e0"/>
      </object_component>
      <object_component id="oc-3f7">
         <name>.debug_info</name>
         <load_address>0xafcc</load_address>
         <run_address>0xafcc</run_address>
         <size>0x156</size>
         <input_file_ref idref="fl-e1"/>
      </object_component>
      <object_component id="oc-353">
         <name>.debug_info</name>
         <load_address>0xb122</load_address>
         <run_address>0xb122</run_address>
         <size>0x14f</size>
         <input_file_ref idref="fl-e1"/>
      </object_component>
      <object_component id="oc-435">
         <name>.debug_info</name>
         <load_address>0xb271</load_address>
         <run_address>0xb271</run_address>
         <size>0x46</size>
         <input_file_ref idref="fl-e1"/>
      </object_component>
      <object_component id="oc-3f2">
         <name>.debug_info</name>
         <load_address>0xb2b7</load_address>
         <run_address>0xb2b7</run_address>
         <size>0x39</size>
         <input_file_ref idref="fl-e1"/>
      </object_component>
      <object_component id="oc-3bd">
         <name>.debug_info</name>
         <load_address>0xb2f0</load_address>
         <run_address>0xb2f0</run_address>
         <size>0x144</size>
         <input_file_ref idref="fl-e2"/>
      </object_component>
      <object_component id="oc-331">
         <name>.debug_info</name>
         <load_address>0xb434</load_address>
         <run_address>0xb434</run_address>
         <size>0x120</size>
         <input_file_ref idref="fl-e3"/>
      </object_component>
      <object_component id="oc-3a8">
         <name>.debug_info</name>
         <load_address>0xb554</load_address>
         <run_address>0xb554</run_address>
         <size>0x122</size>
         <input_file_ref idref="fl-e3"/>
      </object_component>
      <object_component id="oc-3a3">
         <name>.debug_info</name>
         <load_address>0xb676</load_address>
         <run_address>0xb676</run_address>
         <size>0x132</size>
         <input_file_ref idref="fl-e4"/>
      </object_component>
      <object_component id="oc-3ad">
         <name>.debug_info</name>
         <load_address>0xb7a8</load_address>
         <run_address>0xb7a8</run_address>
         <size>0x126</size>
         <input_file_ref idref="fl-e5"/>
      </object_component>
      <object_component id="oc-3ba">
         <name>.debug_info</name>
         <load_address>0xb8ce</load_address>
         <run_address>0xb8ce</run_address>
         <size>0x124</size>
         <input_file_ref idref="fl-e6"/>
      </object_component>
      <object_component id="oc-39e">
         <name>.debug_info</name>
         <load_address>0xb9f2</load_address>
         <run_address>0xb9f2</run_address>
         <size>0x12c</size>
         <input_file_ref idref="fl-e7"/>
      </object_component>
      <object_component id="oc-3fc">
         <name>.debug_info</name>
         <load_address>0xbb1e</load_address>
         <run_address>0xbb1e</run_address>
         <size>0x150</size>
         <input_file_ref idref="fl-e8"/>
      </object_component>
      <object_component id="oc-3f9">
         <name>.debug_info</name>
         <load_address>0xbc6e</load_address>
         <run_address>0xbc6e</run_address>
         <size>0x103</size>
         <input_file_ref idref="fl-e8"/>
      </object_component>
      <object_component id="oc-35b">
         <name>.debug_info</name>
         <load_address>0xbd71</load_address>
         <run_address>0xbd71</run_address>
         <size>0x143</size>
         <input_file_ref idref="fl-e8"/>
      </object_component>
      <object_component id="oc-412">
         <name>.debug_info</name>
         <load_address>0xbeb4</load_address>
         <run_address>0xbeb4</run_address>
         <size>0x10d</size>
         <input_file_ref idref="fl-e9"/>
      </object_component>
      <object_component id="oc-24a">
         <name>.debug_info</name>
         <load_address>0xbfc1</load_address>
         <run_address>0xbfc1</run_address>
         <size>0x17a</size>
         <input_file_ref idref="fl-ea"/>
      </object_component>
      <object_component id="oc-245">
         <name>.debug_info</name>
         <load_address>0xc13b</load_address>
         <run_address>0xc13b</run_address>
         <size>0x1aa</size>
         <input_file_ref idref="fl-ea"/>
      </object_component>
      <object_component id="oc-22c">
         <name>.debug_info</name>
         <load_address>0xc2e5</load_address>
         <run_address>0xc2e5</run_address>
         <size>0x1e9</size>
         <input_file_ref idref="fl-ea"/>
      </object_component>
      <object_component id="oc-fa">
         <name>.debug_info</name>
         <load_address>0xc4ce</load_address>
         <run_address>0xc4ce</run_address>
         <size>0x1f4</size>
         <input_file_ref idref="fl-ea"/>
      </object_component>
      <object_component id="oc-f4">
         <name>.debug_info</name>
         <load_address>0xc6c2</load_address>
         <run_address>0xc6c2</run_address>
         <size>0x1cb</size>
         <input_file_ref idref="fl-ea"/>
      </object_component>
      <object_component id="oc-13c">
         <name>.debug_info</name>
         <load_address>0xc88d</load_address>
         <run_address>0xc88d</run_address>
         <size>0x1c9</size>
         <input_file_ref idref="fl-ea"/>
      </object_component>
      <object_component id="oc-106">
         <name>.debug_info</name>
         <load_address>0xca56</load_address>
         <run_address>0xca56</run_address>
         <size>0x214</size>
         <input_file_ref idref="fl-ea"/>
      </object_component>
      <object_component id="oc-142">
         <name>.debug_info</name>
         <load_address>0xcc6a</load_address>
         <run_address>0xcc6a</run_address>
         <size>0x1bb</size>
         <input_file_ref idref="fl-ea"/>
      </object_component>
      <object_component id="oc-10d">
         <name>.debug_info</name>
         <load_address>0xce25</load_address>
         <run_address>0xce25</run_address>
         <size>0x1e0</size>
         <input_file_ref idref="fl-ea"/>
      </object_component>
      <object_component id="oc-2e0">
         <name>.debug_info</name>
         <load_address>0xd005</load_address>
         <run_address>0xd005</run_address>
         <size>0x19b</size>
         <input_file_ref idref="fl-eb"/>
      </object_component>
      <object_component id="oc-1fc">
         <name>.debug_info</name>
         <load_address>0xd1a0</load_address>
         <run_address>0xd1a0</run_address>
         <size>0x19e</size>
         <input_file_ref idref="fl-eb"/>
      </object_component>
      <object_component id="oc-cf">
         <name>.debug_info</name>
         <load_address>0xd33e</load_address>
         <run_address>0xd33e</run_address>
         <size>0x188</size>
         <input_file_ref idref="fl-eb"/>
      </object_component>
      <object_component id="oc-c9">
         <name>.debug_info</name>
         <load_address>0xd4c6</load_address>
         <run_address>0xd4c6</run_address>
         <size>0x1ba</size>
         <input_file_ref idref="fl-eb"/>
      </object_component>
      <object_component id="oc-23d">
         <name>.debug_info</name>
         <load_address>0xd680</load_address>
         <run_address>0xd680</run_address>
         <size>0x204</size>
         <input_file_ref idref="fl-eb"/>
      </object_component>
      <object_component id="oc-d6">
         <name>.debug_info</name>
         <load_address>0xd884</load_address>
         <run_address>0xd884</run_address>
         <size>0x1ab</size>
         <input_file_ref idref="fl-eb"/>
      </object_component>
      <object_component id="oc-40b">
         <name>.debug_info</name>
         <load_address>0xda2f</load_address>
         <run_address>0xda2f</run_address>
         <size>0xe8</size>
         <input_file_ref idref="fl-ec"/>
      </object_component>
      <object_component id="oc-383">
         <name>.debug_info</name>
         <load_address>0xdb17</load_address>
         <run_address>0xdb17</run_address>
         <size>0xf6</size>
         <input_file_ref idref="fl-ec"/>
      </object_component>
      <object_component id="oc-2f2">
         <name>.debug_info</name>
         <load_address>0xdc0d</load_address>
         <run_address>0xdc0d</run_address>
         <size>0x1cb</size>
[...]
      <symbol id="sm-c">
         <name>__TI_prof_data_start</name>
         <value>0xffffffff</value>
      </symbol>
      <symbol id="sm-d">
         <name>__TI_prof_data_size</name>
         <value>0xffffffff</value>
      </symbol>
      <symbol id="sm-7e">
         <name>temp</name>
         <value>0x20007880</value>
         <object_component_ref idref="oc-15a"/>
      </symbol>
      <symbol id="sm-7f">
         <name>DisplayBanner</name>
         <value>0x200050cd</value>
         <object_component_ref idref="oc-94"/>
      </symbol>
      <symbol id="sm-80">
         <name>BoardInit</name>
         <value>0x200050f3</value>
         <object_component_ref idref="oc-94"/>
      </symbol>
      <symbol id="sm-81">
         <name>main</name>
         <value>0x2000510b</value>
         <object_component_ref idref="oc-94"/>
      </symbol>
      <symbol id="sm-82">
         <name>pulse</name>
         <value>0x20017814</value>
         <object_component_ref idref="oc-157"/>
      </symbol>
      <symbol id="sm-83">
         <name>inputInt</name>
         <value>0x20005203</value>
         <object_component_ref idref="oc-94"/>
      </symbol>
      <symbol id="sm-84">
         <name>echowait</name>
         <value>0x20017818</value>
         <object_component_ref idref="oc-157"/>
      </symbol>
      <symbol id="sm-91">
         <name>PinMuxConfig</name>
         <value>0x20006ae5</value>
         <object_component_ref idref="oc-e0"/>
      </symbol>
      <symbol id="sm-b0">
         <name>ResetISR</name>
         <value>0x20007513</value>
         <object_component_ref idref="oc-26"/>
      </symbol>
      <symbol id="sm-b1">
         <name>g_pfnVectors</name>
         <value>0x20004000</value>
         <object_component_ref idref="oc-f"/>
      </symbol>
      <symbol id="sm-f3">
         <name>GetCmd</name>
         <value>0x20004ecf</value>
         <object_component_ref idref="oc-c2"/>
      </symbol>
      <symbol id="sm-f4">
         <name>Message</name>
         <value>0x20004e6b</value>
         <object_component_ref idref="oc-c2"/>
      </symbol>
      <symbol id="sm-f5">
         <name>Report</name>
         <value>0x2000500d</value>
         <object_component_ref idref="oc-c2"/>
      </symbol>
      <symbol id="sm-f6">
         <name>Error</name>
         <value>0x20004e97</value>
         <object_component_ref idref="oc-c2"/>
      </symbol>
      <symbol id="sm-f7">
         <name>InitTerm</name>
         <value>0x20004e4d</value>
         <object_component_ref idref="oc-c2"/>
      </symbol>
      <symbol id="sm-f8">
         <name>ClearTerm</name>
         <value>0x20004e8d</value>
         <object_component_ref idref="oc-c2"/>
      </symbol>
      <symbol id="sm-f9">
         <name>TrimSpace</name>
         <value>0x20004f75</value>
         <object_component_ref idref="oc-c2"/>
      </symbol>
      <symbol id="sm-104">
         <name>__aeabi_dmul</name>
         <value>0x20005f45</value>
         <object_component_ref idref="oc-116"/>
      </symbol>
      <symbol id="sm-10e">
         <name>__aeabi_d2uiz</name>
         <value>0x20006e5d</value>
         <object_component_ref idref="oc-11b"/>
      </symbol>
      <symbol id="sm-11b">
         <name>__aeabi_fdiv</name>
         <value>0x2000650d</value>
         <object_component_ref idref="oc-125"/>
      </symbol>
      <symbol id="sm-125">
         <name>__aeabi_fmul</name>
         <value>0x200067b7</value>
         <object_component_ref idref="oc-12a"/>
      </symbol>
      <symbol id="sm-130">
         <name>__aeabi_f2d</name>
         <value>0x20007011</value>
         <object_component_ref idref="oc-134"/>
      </symbol>
      <symbol id="sm-13a">
         <name>__aeabi_f2iz</name>
         <value>0x20007049</value>
         <object_component_ref idref="oc-12f"/>
      </symbol>
      <symbol id="sm-144">
         <name>__aeabi_ui2d</name>
         <value>0x200072c9</value>
         <object_component_ref idref="oc-111"/>
      </symbol>
      <symbol id="sm-14f">
         <name>__aeabi_ui2f</name>
         <value>0x20007265</value>
         <object_component_ref idref="oc-120"/>
      </symbol>
      <symbol id="sm-168">
         <name>__TI_zero_init_nomemset</name>
         <value>0x200074e1</value>
         <object_component_ref idref="oc-46"/>
      </symbol>
      <symbol id="sm-17f">
         <name>__TI_decompress_none</name>
         <value>0x20007505</value>
         <object_component_ref idref="oc-18"/>
      </symbol>
      <symbol id="sm-1a2">
         <name>__TI_decompress_lzss</name>
         <value>0x20006a7b</value>
         <object_component_ref idref="oc-12"/>
      </symbol>
      <symbol id="sm-1b4">
         <name>__stack</name>
         <value>0x2002f000</value>
         <object_component_ref idref="oc-20"/>
      </symbol>
      <symbol id="sm-1b5">
         <name>_c_int00_noargs</name>
         <value>0x200071cd</value>
         <object_component_ref idref="oc-58"/>
      </symbol>
      <symbol id="sm-1c0">
         <name>C$$EXIT</name>
         <value>0x20007547</value>
         <object_component_ref idref="oc-15f"/>
      </symbol>
      <symbol id="sm-1c1">
         <name>abort</name>
         <value>0x20007547</value>
         <object_component_ref idref="oc-15f"/>
      </symbol>
      <symbol id="sm-257">
         <name>_sys_memory</name>
         <value>0x20017000</value>
         <object_component_ref idref="oc-23"/>
      </symbol>
      <symbol id="sm-258">
         <name>free</name>
         <value>0x20006041</value>
         <object_component_ref idref="oc-1d9"/>
      </symbol>
      <symbol id="sm-259">
         <name>realloc</name>
         <value>0x20005e31</value>
         <object_component_ref idref="oc-1d3"/>
      </symbol>
      <symbol id="sm-25a">
         <name>malloc</name>
         <value>0x200068ad</value>
         <object_component_ref idref="oc-1cd"/>
      </symbol>
      <symbol id="sm-25b">
         <name>minit</name>
         <value>0x20006fd9</value>
         <object_component_ref idref="oc-2bc"/>
      </symbol>
      <symbol id="sm-270">
         <name>_nop</name>
         <value>0x20004e4b</value>
         <object_component_ref idref="oc-302"/>
      </symbol>
      <symbol id="sm-271">
         <name>_lock</name>
         <value>0x2001780c</value>
         <object_component_ref idref="oc-26d"/>
      </symbol>
      <symbol id="sm-272">
         <name>_unlock</name>
         <value>0x20017810</value>
         <object_component_ref idref="oc-26d"/>
      </symbol>
      <symbol id="sm-283">
         <name>memmove</name>
         <value>0x20007241</value>
         <object_component_ref idref="oc-1c7"/>
      </symbol>
      <symbol id="sm-291">
         <name>strlen</name>
         <value>0x200074cd</value>
         <object_component_ref idref="oc-1c1"/>
      </symbol>
      <symbol id="sm-2c0">
         <name>vsnprintf</name>
         <value>0x20006ee1</value>
         <object_component_ref idref="oc-1af"/>
      </symbol>
      <symbol id="sm-2db">
         <name>memcpy</name>
         <value>0x20006345</value>
         <object_component_ref idref="oc-3a"/>
      </symbol>
      <symbol id="sm-2dc">
         <name>__aeabi_memcpy</name>
         <value>0x20006345</value>
         <object_component_ref idref="oc-3a"/>
      </symbol>
      <symbol id="sm-2dd">
         <name>__aeabi_memcpy8</name>
         <value>0x20006345</value>
         <object_component_ref idref="oc-3a"/>
      </symbol>
      <symbol id="sm-2de">
         <name>__aeabi_memcpy4</name>
         <value>0x20006345</value>
         <object_component_ref idref="oc-3a"/>
      </symbol>
      <symbol id="sm-2ed">
         <name>__aeabi_memset</name>
         <value>0x20006833</value>
         <object_component_ref idref="oc-88"/>
      </symbol>
      <symbol id="sm-2ee">
         <name>memset</name>
         <value>0x20006839</value>
         <object_component_ref idref="oc-88"/>
      </symbol>
      <symbol id="sm-2ef">
         <name>__aeabi_memset8</name>
         <value>0x20006833</value>
         <object_component_ref idref="oc-88"/>
      </symbol>
      <symbol id="sm-2f0">
         <name>__aeabi_memset4</name>
         <value>0x20006833</value>
         <object_component_ref idref="oc-88"/>
      </symbol>
      <symbol id="sm-2f1">
         <name>__aeabi_memclr8</name>
         <value>0x20006831</value>
         <object_component_ref idref="oc-88"/>
      </symbol>
      <symbol id="sm-2f2">
         <name>__aeabi_memclr4</name>
         <value>0x20006831</value>
         <object_component_ref idref="oc-88"/>
      </symbol>
      <symbol id="sm-2f3">
         <name>__aeabi_memclr</name>
         <value>0x20006831</value>
         <object_component_ref idref="oc-88"/>
      </symbol>
      <symbol id="sm-31b">
         <name>__TI_auto_init_nobinit_nopinit</name>
         <value>0x20006e19</value>
         <object_component_ref idref="oc-16b"/>
      </symbol>
      <symbol id="sm-325">
         <name>_system_pre_init</name>
         <value>0x20007543</value>
         <object_component_ref idref="oc-8e"/>
      </symbol>
      <symbol id="sm-48b">
         <name>__TI_printfi</name>
         <value>0x20004401</value>
         <object_component_ref idref="oc-298"/>
      </symbol>
      <symbol id="sm-4a1">
         <name>atoi</name>
         <value>0x20006cf9</value>
         <object_component_ref idref="oc-323"/>
      </symbol>
      <symbol id="sm-4ac">
         <name>_ctypes_</name>
         <value>0x20007550</value>
         <object_component_ref idref="oc-396"/>
      </symbol>
      <symbol id="sm-4bb">
         <name>ltoa</name>
         <value>0x20006c53</value>
         <object_component_ref idref="oc-3b1"/>
      </symbol>
      <symbol id="sm-4cb">
         <name>memccpy</name>
         <value>0x200073b5</value>
         <object_component_ref idref="oc-34c"/>
      </symbol>
      <symbol id="sm-4db">
         <name>strchr</name>
         <value>0x20007479</value>
         <object_component_ref idref="oc-3e8"/>
      </symbol>
      <symbol id="sm-4fb">
         <name>frexpl</name>
         <value>0x20006b49</value>
         <object_component_ref idref="oc-3dc"/>
      </symbol>
      <symbol id="sm-4fc">
         <name>frexp</name>
         <value>0x20006b49</value>
         <object_component_ref idref="oc-3dc"/>
      </symbol>
      <symbol id="sm-51a">
         <name>scalbn</name>
         <value>0x20006119</value>
         <object_component_ref idref="oc-3e2"/>
      </symbol>
      <symbol id="sm-51b">
         <name>scalbnl</name>
         <value>0x20006119</value>
         <object_component_ref idref="oc-3e2"/>
      </symbol>
      <symbol id="sm-51c">
         <name>ldexpl</name>
         <value>0x20006119</value>
         <object_component_ref idref="oc-3e2"/>
      </symbol>
      <symbol id="sm-51d">
         <name>ldexp</name>
         <value>0x20006119</value>
         <object_component_ref idref="oc-3e2"/>
      </symbol>
      <symbol id="sm-527">
         <name>copysign</name>
         <value>0x20007535</value>
         <object_component_ref idref="oc-429"/>
      </symbol>
      <symbol id="sm-528">
         <name>copysignl</name>
         <value>0x20007535</value>
         <object_component_ref idref="oc-429"/>
      </symbol>
      <symbol id="sm-541">
         <name>wcslen</name>
         <value>0x200074f3</value>
         <object_component_ref idref="oc-352"/>
      </symbol>
      <symbol id="sm-558">
         <name>__aeabi_dsub</name>
         <value>0x2000576d</value>
         <object_component_ref idref="oc-3bc"/>
      </symbol>
      <symbol id="sm-559">
         <name>__aeabi_dadd</name>
         <value>0x20005777</value>
         <object_component_ref idref="oc-3bc"/>
      </symbol>
      <symbol id="sm-57b">
         <name>__aeabi_cdcmpeq</name>
         <value>0x20006629</value>
         <object_component_ref idref="oc-32f"/>
      </symbol>
      <symbol id="sm-57c">
         <name>__aeabi_cdcmple</name>
         <value>0x20006629</value>
         <object_component_ref idref="oc-32f"/>
      </symbol>
      <symbol id="sm-57d">
         <name>__aeabi_cdrcmple</name>
         <value>0x200066af</value>
         <object_component_ref idref="oc-3a7"/>
      </symbol>
      <symbol id="sm-591">
         <name>__aeabi_ddiv</name>
         <value>0x20005bd9</value>
         <object_component_ref idref="oc-3a2"/>
      </symbol>
      <symbol id="sm-59b">
         <name>__aeabi_d2iz</name>
         <value>0x20006d8d</value>
         <object_component_ref idref="oc-3ac"/>
      </symbol>
      <symbol id="sm-5a5">
         <name>__aeabi_i2d</name>
         <value>0x20007149</value>
         <object_component_ref idref="oc-3b7"/>
      </symbol>
      <symbol id="sm-5b2">
         <name>__aeabi_uldivmod</name>
         <value>0x200063e1</value>
         <object_component_ref idref="oc-39b"/>
      </symbol>
      <symbol id="sm-5c8">
         <name>__aeabi_errno_addr</name>
         <value>0x2000752d</value>
         <object_component_ref idref="oc-358"/>
      </symbol>
      <symbol id="sm-5c9">
         <name>errno</name>
         <value>0x2001781c</value>
         <object_component_ref idref="oc-3f8"/>
      </symbol>
      <symbol id="sm-5d3">
         <name>__aeabi_idiv0</name>
         <value>0x20005923</value>
         <object_component_ref idref="oc-411"/>
      </symbol>
      <symbol id="sm-5d4">
         <name>__aeabi_ldiv0</name>
         <value>0x20005923</value>
         <object_component_ref idref="oc-411"/>
      </symbol>
      <symbol id="sm-62a">
         <name>GPIOIntRegister</name>
         <value>0x200072e9</value>
         <object_component_ref idref="oc-104"/>
      </symbol>
      <symbol id="sm-62b">
         <name>GPIOIntEnable</name>
         <value>0x200073d1</value>
         <object_component_ref idref="oc-f2"/>
      </symbol>
      <symbol id="sm-62c">
         <name>GPIOIntTypeSet</name>
         <value>0x20006735</value>
         <object_component_ref idref="oc-f8"/>
      </symbol>
      <symbol id="sm-62d">
         <name>GPIOIntClear</name>
         <value>0x200074a3</value>
         <object_component_ref idref="oc-139"/>
      </symbol>
      <symbol id="sm-62e">
         <name>GPIOPinRead</name>
         <value>0x20007405</value>
         <object_component_ref idref="oc-13f"/>
      </symbol>
      <symbol id="sm-62f">
         <name>GPIODirModeSet</name>
         <value>0x20007081</value>
         <object_component_ref idref="oc-22a"/>
      </symbol>
      <symbol id="sm-630">
         <name>GPIOPinWrite</name>
         <value>0x20007289</value>
         <object_component_ref idref="oc-10a"/>
      </symbol>
      <symbol id="sm-671">
         <name>IntVTableBaseSet</name>
         <value>0x200074b9</value>
         <object_component_ref idref="oc-c8"/>
      </symbol>
      <symbol id="sm-672">
         <name>IntEnable</name>
         <value>0x2000629d</value>
         <object_component_ref idref="oc-d4"/>
      </symbol>
      <symbol id="sm-673">
         <name>IntRegister</name>
         <value>0x200072a9</value>
         <object_component_ref idref="oc-23b"/>
      </symbol>
      <symbol id="sm-674">
         <name>IntMasterEnable</name>
         <value>0x20007521</value>
         <object_component_ref idref="oc-ce"/>
      </symbol>
      <symbol id="sm-6ab">
         <name>PinTypeUART</name>
         <value>0x200073eb</value>
         <object_component_ref idref="oc-230"/>
      </symbol>
      <symbol id="sm-6ac">
         <name>PinTypeGPIO</name>
         <value>0x200070b7</value>
         <object_component_ref idref="oc-224"/>
      </symbol>
      <symbol id="sm-6ad">
         <name>PinConfigSet</name>
         <value>0x200065a1</value>
         <object_component_ref idref="oc-2eb"/>
      </symbol>
      <symbol id="sm-6ae">
         <name>PinModeSet</name>
         <value>0x20006ea1</value>
         <object_component_ref idref="oc-2f1"/>
      </symbol>
      <symbol id="sm-734">
         <name>PRCMPeripheralReset</name>
         <value>0x20006ba5</value>
         <object_component_ref idref="oc-217"/>
      </symbol>
      <symbol id="sm-735">
         <name>PRCMPeripheralClkEnable</name>
         <value>0x20006f61</value>
         <object_component_ref idref="oc-211"/>
      </symbol>
      <symbol id="sm-736">
         <name>PRCMPeripheralClockGet</name>
         <value>0x20006479</value>
         <object_component_ref idref="oc-19d"/>
      </symbol>
      <symbol id="sm-737">
         <name>PRCMCC3200MCUInit</name>
         <value>0x20005925</value>
         <object_component_ref idref="oc-da"/>
      </symbol>
      <symbol id="sm-738">
         <name>PRCMHIBRegWrite</name>
         <value>0x20007463</value>
         <object_component_ref idref="oc-20b"/>
      </symbol>
      <symbol id="sm-739">
         <name>PRCMSysResetCauseGet</name>
         <value>0x20007179</value>
         <object_component_ref idref="oc-1ff"/>
      </symbol>
      <symbol id="sm-73a">
         <name>PRCMPeripheralClkDisable</name>
         <value>0x200071a5</value>
         <object_component_ref idref="oc-21d"/>
      </symbol>
      <symbol id="sm-73b">
         <name>PRCMHIBRegRead</name>
         <value>0x2000744d</value>
         <object_component_ref idref="oc-205"/>
      </symbol>
      <symbol id="sm-781">
         <name>TimerDisable</name>
         <value>0x20007307</value>
         <object_component_ref idref="oc-151"/>
      </symbol>
      <symbol id="sm-782">
         <name>TimerIntRegister</name>
         <value>0x2000699d</value>
         <object_component_ref idref="oc-fe"/>
      </symbol>
      <symbol id="sm-783">
         <name>TimerEnable</name>
         <value>0x20007325</value>
         <object_component_ref idref="oc-ec"/>
      </symbol>
      <symbol id="sm-784">
         <name>TimerValueGet</name>
         <value>0x2000737d</value>
         <object_component_ref idref="oc-14b"/>
      </symbol>
      <symbol id="sm-785">
         <name>TimerLoadGet</name>
         <value>0x20007361</value>
         <object_component_ref idref="oc-145"/>
      </symbol>
      <symbol id="sm-786">
         <name>TimerConfigure</name>
         <value>0x20006dd5</value>
         <object_component_ref idref="oc-e6"/>
      </symbol>
      <symbol id="sm-7c2">
         <name>UARTConfigSetExpClk</name>
         <value>0x20006925</value>
         <object_component_ref idref="oc-1a3"/>
      </symbol>
      <symbol id="sm-7c3">
         <name>UARTDisable</name>
         <value>0x200070e9</value>
         <object_component_ref idref="oc-28a"/>
      </symbol>
      <symbol id="sm-7c4">
         <name>UARTCharsAvail</name>
         <value>0x2000741d</value>
         <object_component_ref idref="oc-1b5"/>
      </symbol>
      <symbol id="sm-7c5">
         <name>UARTCharGetNonBlocking</name>
         <value>0x20007399</value>
         <object_component_ref idref="oc-1bb"/>
      </symbol>
      <symbol id="sm-7c6">
         <name>UARTCharPut</name>
         <value>0x20007343</value>
         <object_component_ref idref="oc-1a9"/>
      </symbol>
      <symbol id="sm-7c7">
         <name>UARTEnable</name>
         <value>0x2000721d</value>
         <object_component_ref idref="oc-290"/>
      </symbol>
      <symbol id="sm-7cb">
         <name>UtilsDelay</name>
         <value>0x2000753d</value>
         <object_component_ref idref="oc-110"/>
      </symbol>
      <symbol id="sm-7d5">
         <name>CPUcpsie</name>
         <value>0x2000748f</value>
         <object_component_ref idref="oc-1ef"/>
      </symbol>
      <symbol id="sm-7d7">
         <name>__TI_static_base__</name>
         <value>0x20007888</value>
      </symbol>
      <symbol id="sm-7da">
         <name>__mpu_init</name>
         <value>0x0</value>
      </symbol>
      <symbol id="sm-7db">
         <name>_system_post_cinit</name>
         <value>0x0</value>
      </symbol>
   </symbol_table>
   <title>Link successful</title>
</link_info>
