<?xml version="1.0"?>
<link_info>
   <banner>TI ARM Linker PC v5.2.6</banner>
   <copyright>Copyright (c) 1996-2015 Texas Instruments Incorporated</copyright>
   <link_time>0x56b26f2f</link_time>
   <link_errors>0x0</link_errors>
   <output_file>timer_cc.out</output_file>
   <entry_point>
      <name>_c_int00</name>
      <address>0x20006e7d</address>
   </entry_point>
   <input_file_list>
      <input_file id="fl-2">
         <path>.\</path>
         <kind>object</kind>
         <file>main.obj</file>
         <name>main.obj</name>
      </input_file>
      <input_file id="fl-3">
         <path>.\</path>
         <kind>object</kind>
         <file>pinmux.obj</file>
         <name>pinmux.obj</name>
      </input_file>
      <input_file id="fl-4">
         <path>.\</path>
         <kind>object</kind>
         <file>startup_ccs.obj</file>
         <name>startup_ccs.obj</name>
      </input_file>
      <input_file id="fl-5">
         <path>.\</path>
         <kind>object</kind>
         <file>uart_if.obj</file>
         <name>uart_if.obj</name>
      </input_file>
      <input_file id="fl-12c">
         <path>C:\TI\ccsv6\tools\compiler\ti-cgt-arm_5.2.6\lib\</path>
         <kind>archive</kind>
         <file>rtsv7M4_T_le_v4SPD16_eabi.lib</file>
         <name>boot.obj</name>
      </input_file>
      <input_file id="fl-12d">
         <path>C:\TI\ccsv6\tools\compiler\ti-cgt-arm_5.2.6\lib\</path>
         <kind>archive</kind>
         <file>rtsv7M4_T_le_v4SPD16_eabi.lib</file>
         <name>copy_decompress_none.obj</name>
      </input_file>
      <input_file id="fl-12e">
         <path>C:\TI\ccsv6\tools\compiler\ti-cgt-arm_5.2.6\lib\</path>
         <kind>archive</kind>
         <file>rtsv7M4_T_le_v4SPD16_eabi.lib</file>
         <name>copy_decompress_rle.obj</name>
      </input_file>
      <input_file id="fl-12f">
         <path>C:\TI\ccsv6\tools\compiler\ti-cgt-arm_5.2.6\lib\</path>
         <kind>archive</kind>
         <file>rtsv7M4_T_le_v4SPD16_eabi.lib</file>
         <name>copy_zero_init.obj</name>
      </input_file>
      <input_file id="fl-130">
         <path>C:\TI\ccsv6\tools\compiler\ti-cgt-arm_5.2.6\lib\</path>
         <kind>archive</kind>
         <file>rtsv7M4_T_le_v4SPD16_eabi.lib</file>
         <name>exit.obj</name>
      </input_file>
      <input_file id="fl-131">
         <path>C:\TI\ccsv6\tools\compiler\ti-cgt-arm_5.2.6\lib\</path>
         <kind>archive</kind>
         <file>rtsv7M4_T_le_v4SPD16_eabi.lib</file>
         <name>fd_mul_t2.obj</name>
      </input_file>
      <input_file id="fl-132">
         <path>C:\TI\ccsv6\tools\compiler\ti-cgt-arm_5.2.6\lib\</path>
         <kind>archive</kind>
         <file>rtsv7M4_T_le_v4SPD16_eabi.lib</file>
         <name>fd_tou_t2.obj</name>
      </input_file>
      <input_file id="fl-133">
         <path>C:\TI\ccsv6\tools\compiler\ti-cgt-arm_5.2.6\lib\</path>
         <kind>archive</kind>
         <file>rtsv7M4_T_le_v4SPD16_eabi.lib</file>
         <name>memcpy_t2.obj</name>
      </input_file>
      <input_file id="fl-134">
         <path>C:\TI\ccsv6\tools\compiler\ti-cgt-arm_5.2.6\lib\</path>
         <kind>archive</kind>
         <file>rtsv7M4_T_le_v4SPD16_eabi.lib</file>
         <name>memmov.obj</name>
      </input_file>
      <input_file id="fl-135">
         <path>C:\TI\ccsv6\tools\compiler\ti-cgt-arm_5.2.6\lib\</path>
         <kind>archive</kind>
         <file>rtsv7M4_T_le_v4SPD16_eabi.lib</file>
         <name>memory.obj</name>
      </input_file>
      <input_file id="fl-136">
         <path>C:\TI\ccsv6\tools\compiler\ti-cgt-arm_5.2.6\lib\</path>
         <kind>archive</kind>
         <file>rtsv7M4_T_le_v4SPD16_eabi.lib</file>
         <name>memset_t2.obj</name>
      </input_file>
      <input_file id="fl-137">
         <path>C:\TI\ccsv6\tools\compiler\ti-cgt-arm_5.2.6\lib\</path>
         <kind>archive</kind>
         <file>rtsv7M4_T_le_v4SPD16_eabi.lib</file>
         <name>pre_init.obj</name>
      </input_file>
      <input_file id="fl-138">
         <path>C:\TI\ccsv6\tools\compiler\ti-cgt-arm_5.2.6\lib\</path>
         <kind>archive</kind>
         <file>rtsv7M4_T_le_v4SPD16_eabi.lib</file>
         <name>stkdepth_vars.obj</name>
      </input_file>
      <input_file id="fl-139">
         <path>C:\TI\ccsv6\tools\compiler\ti-cgt-arm_5.2.6\lib\</path>
         <kind>archive</kind>
         <file>rtsv7M4_T_le_v4SPD16_eabi.lib</file>
         <name>strlen.obj</name>
      </input_file>
      <input_file id="fl-13a">
         <path>C:\TI\ccsv6\tools\compiler\ti-cgt-arm_5.2.6\lib\</path>
         <kind>archive</kind>
         <file>rtsv7M4_T_le_v4SPD16_eabi.lib</file>
         <name>u_tofd_t2.obj</name>
      </input_file>
      <input_file id="fl-13b">
         <path>C:\TI\ccsv6\tools\compiler\ti-cgt-arm_5.2.6\lib\</path>
         <kind>archive</kind>
         <file>rtsv7M4_T_le_v4SPD16_eabi.lib</file>
         <name>vsnprintf.obj</name>
      </input_file>
      <input_file id="fl-13c">
         <path>C:\TI\ccsv6\tools\compiler\ti-cgt-arm_5.2.6\lib\</path>
         <kind>archive</kind>
         <file>rtsv7M4_T_le_v4SPD16_eabi.lib</file>
         <name>_lock.obj</name>
      </input_file>
      <input_file id="fl-13d">
         <path>C:\TI\ccsv6\tools\compiler\ti-cgt-arm_5.2.6\lib\</path>
         <kind>archive</kind>
         <file>rtsv7M4_T_le_v4SPD16_eabi.lib</file>
         <name>_printfi.obj</name>
      </input_file>
      <input_file id="fl-13e">
         <path>C:\TI\ccsv6\tools\compiler\ti-cgt-arm_5.2.6\lib\</path>
         <kind>archive</kind>
         <file>rtsv7M4_T_le_v4SPD16_eabi.lib</file>
         <name>args_main.obj</name>
      </input_file>
      <input_file id="fl-13f">
         <path>C:\TI\ccsv6\tools\compiler\ti-cgt-arm_5.2.6\lib\</path>
         <kind>archive</kind>
         <file>rtsv7M4_T_le_v4SPD16_eabi.lib</file>
         <name>atoi.obj</name>
      </input_file>
      <input_file id="fl-140">
         <path>C:\TI\ccsv6\tools\compiler\ti-cgt-arm_5.2.6\lib\</path>
         <kind>archive</kind>
         <file>rtsv7M4_T_le_v4SPD16_eabi.lib</file>
         <name>autoinit.obj</name>
      </input_file>
      <input_file id="fl-141">
         <path>C:\TI\ccsv6\tools\compiler\ti-cgt-arm_5.2.6\lib\</path>
         <kind>archive</kind>
         <file>rtsv7M4_T_le_v4SPD16_eabi.lib</file>
         <name>cpy_tbl.obj</name>
      </input_file>
      <input_file id="fl-142">
         <path>C:\TI\ccsv6\tools\compiler\ti-cgt-arm_5.2.6\lib\</path>
         <kind>archive</kind>
         <file>rtsv7M4_T_le_v4SPD16_eabi.lib</file>
         <name>ctype.obj</name>
      </input_file>
      <input_file id="fl-143">
         <path>C:\TI\ccsv6\tools\compiler\ti-cgt-arm_5.2.6\lib\</path>
         <kind>archive</kind>
         <file>rtsv7M4_T_le_v4SPD16_eabi.lib</file>
         <name>fd_add_t2.obj</name>
      </input_file>
      <input_file id="fl-144">
         <path>C:\TI\ccsv6\tools\compiler\ti-cgt-arm_5.2.6\lib\</path>
         <kind>archive</kind>
         <file>rtsv7M4_T_le_v4SPD16_eabi.lib</file>
         <name>fd_cmp_t2.obj</name>
      </input_file>
      <input_file id="fl-145">
         <path>C:\TI\ccsv6\tools\compiler\ti-cgt-arm_5.2.6\lib\</path>
         <kind>archive</kind>
         <file>rtsv7M4_T_le_v4SPD16_eabi.lib</file>
         <name>fd_div_t2.obj</name>
      </input_file>
      <input_file id="fl-146">
         <path>C:\TI\ccsv6\tools\compiler\ti-cgt-arm_5.2.6\lib\</path>
         <kind>archive</kind>
         <file>rtsv7M4_T_le_v4SPD16_eabi.lib</file>
         <name>fd_toi_t2.obj</name>
      </input_file>
      <input_file id="fl-147">
         <path>C:\TI\ccsv6\tools\compiler\ti-cgt-arm_5.2.6\lib\</path>
         <kind>archive</kind>
         <file>rtsv7M4_T_le_v4SPD16_eabi.lib</file>
         <name>frexp.obj</name>
      </input_file>
      <input_file id="fl-148">
         <path>C:\TI\ccsv6\tools\compiler\ti-cgt-arm_5.2.6\lib\</path>
         <kind>archive</kind>
         <file>rtsv7M4_T_le_v4SPD16_eabi.lib</file>
         <name>i_tofd_t2.obj</name>
      </input_file>
      <input_file id="fl-149">
         <path>C:\TI\ccsv6\tools\compiler\ti-cgt-arm_5.2.6\lib\</path>
         <kind>archive</kind>
         <file>rtsv7M4_T_le_v4SPD16_eabi.lib</file>
         <name>ldexp.obj</name>
      </input_file>
      <input_file id="fl-14a">
         <path>C:\TI\ccsv6\tools\compiler\ti-cgt-arm_5.2.6\lib\</path>
         <kind>archive</kind>
         <file>rtsv7M4_T_le_v4SPD16_eabi.lib</file>
         <name>ltoa.obj</name>
      </input_file>
      <input_file id="fl-14b">
         <path>C:\TI\ccsv6\tools\compiler\ti-cgt-arm_5.2.6\lib\</path>
         <kind>archive</kind>
         <file>rtsv7M4_T_le_v4SPD16_eabi.lib</file>
         <name>memccpy.obj</name>
      </input_file>
      <input_file id="fl-14c">
         <path>C:\TI\ccsv6\tools\compiler\ti-cgt-arm_5.2.6\lib\</path>
         <kind>archive</kind>
         <file>rtsv7M4_T_le_v4SPD16_eabi.lib</file>
         <name>strchr.obj</name>
      </input_file>
      <input_file id="fl-14d">
         <path>C:\TI\ccsv6\tools\compiler\ti-cgt-arm_5.2.6\lib\</path>
         <kind>archive</kind>
         <file>rtsv7M4_T_le_v4SPD16_eabi.lib</file>
         <name>ull_div_t2.obj</name>
      </input_file>
      <input_file id="fl-14e">
         <path>C:\TI\ccsv6\tools\compiler\ti-cgt-arm_5.2.6\lib\</path>
         <kind>archive</kind>
         <file>rtsv7M4_T_le_v4SPD16_eabi.lib</file>
         <name>xdclass.obj</name>
      </input_file>
      <input_file id="fl-14f">
         <path>C:\TI\ccsv6\tools\compiler\ti-cgt-arm_5.2.6\lib\</path>
         <kind>archive</kind>
         <file>rtsv7M4_T_le_v4SPD16_eabi.lib</file>
         <name>xdscale.obj</name>
      </input_file>
      <input_file id="fl-150">
         <path>C:\TI\ccsv6\tools\compiler\ti-cgt-arm_5.2.6\lib\</path>
         <kind>archive</kind>
         <file>rtsv7M4_T_le_v4SPD16_eabi.lib</file>
         <name>xdunscal.obj</name>
      </input_file>
      <input_file id="fl-151">
         <path>C:\TI\ccsv6\tools\compiler\ti-cgt-arm_5.2.6\lib\</path>
         <kind>archive</kind>
         <file>rtsv7M4_T_le_v4SPD16_eabi.lib</file>
         <name>xferaise.obj</name>
      </input_file>
      <input_file id="fl-152">
         <path>C:\TI\ccsv6\tools\compiler\ti-cgt-arm_5.2.6\lib\</path>
         <kind>archive</kind>
         <file>rtsv7M4_T_le_v4SPD16_eabi.lib</file>
         <name>xvalues.obj</name>
      </input_file>
      <input_file id="fl-153">
         <path>C:\TI\ccsv6\tools\compiler\ti-cgt-arm_5.2.6\lib\</path>
         <kind>archive</kind>
         <file>rtsv7M4_T_le_v4SPD16_eabi.lib</file>
         <name>errno.obj</name>
      </input_file>
      <input_file id="fl-154">
         <path>C:\TI\ccsv6\tools\compiler\ti-cgt-arm_5.2.6\lib\</path>
         <kind>archive</kind>
         <file>rtsv7M4_T_le_v4SPD16_eabi.lib</file>
         <name>feraiseexcept.obj</name>
      </input_file>
      <input_file id="fl-155">
         <path>C:\TI\ccsv6\tools\compiler\ti-cgt-arm_5.2.6\lib\</path>
         <kind>archive</kind>
         <file>rtsv7M4_T_le_v4SPD16_eabi.lib</file>
         <name>raise.obj</name>
      </input_file>
      <input_file id="fl-156">
         <path>C:\TI\ccsv6\tools\compiler\ti-cgt-arm_5.2.6\lib\</path>
         <kind>archive</kind>
         <file>rtsv7M4_T_le_v4SPD16_eabi.lib</file>
         <name>signal.obj</name>
      </input_file>
      <input_file id="fl-157">
         <path>C:\TI\ccsv6\tools\compiler\ti-cgt-arm_5.2.6\lib\</path>
         <kind>archive</kind>
         <file>rtsv7M4_T_le_v4SPD16_eabi.lib</file>
         <name>xdnorm.obj</name>
      </input_file>
      <input_file id="fl-158">
         <path>C:\TI\CC3200SDK_1.1.0\cc3200-sdk\driverlib\ccs\Release\</path>
         <kind>archive</kind>
         <file>driverlib.a</file>
         <name>gpio.obj</name>
      </input_file>
      <input_file id="fl-159">
         <path>C:\TI\CC3200SDK_1.1.0\cc3200-sdk\driverlib\ccs\Release\</path>
         <kind>archive</kind>
         <file>driverlib.a</file>
         <name>interrupt.obj</name>
      </input_file>
      <input_file id="fl-15a">
         <path>C:\TI\CC3200SDK_1.1.0\cc3200-sdk\driverlib\ccs\Release\</path>
         <kind>archive</kind>
         <file>driverlib.a</file>
         <name>pin.obj</name>
      </input_file>
      <input_file id="fl-15b">
         <path>C:\TI\CC3200SDK_1.1.0\cc3200-sdk\driverlib\ccs\Release\</path>
         <kind>archive</kind>
         <file>driverlib.a</file>
         <name>prcm.obj</name>
      </input_file>
      <input_file id="fl-15c">
         <path>C:\TI\CC3200SDK_1.1.0\cc3200-sdk\driverlib\ccs\Release\</path>
         <kind>archive</kind>
         <file>driverlib.a</file>
         <name>timer.obj</name>
      </input_file>
      <input_file id="fl-15d">
         <path>C:\TI\CC3200SDK_1.1.0\cc3200-sdk\driverlib\ccs\Release\</path>
         <kind>archive</kind>
         <file>driverlib.a</file>
         <name>uart.obj</name>
      </input_file>
      <input_file id="fl-15e">
         <path>C:\TI\CC3200SDK_1.1.0\cc3200-sdk\driverlib\ccs\Release\</path>
         <kind>archive</kind>
         <file>driverlib.a</file>
         <name>utils.obj</name>
      </input_file>
      <input_file id="fl-15f">
         <path>C:\TI\CC3200SDK_1.1.0\cc3200-sdk\driverlib\ccs\Release\</path>
         <kind>archive</kind>
         <file>driverlib.a</file>
         <name>cpu.obj</name>
      </input_file>
      <input_file id="fl-160">
         <path>C:\TI\CC3200SDK_1.1.0\cc3200-sdk\driverlib\ccs\Release\</path>
         <kind>archive</kind>
         <file>driverlib.a</file>
         <name>flash.obj</name>
      </input_file>
   </input_file_list>
   <object_component_list>
      <object_component id="oc-f">
         <name>.intvecs</name>
         <load_address>0x20004000</load_address>
         <run_address>0x20004000</run_address>
         <size>0x400</size>
         <input_file_ref idref="fl-4"/>
      </object_component>
      <object_component id="oc-231">
         <name>.text</name>
         <load_address>0x20004400</load_address>
         <run_address>0x20004400</run_address>
         <size>0x10ba</size>
         <input_file_ref idref="fl-13d"/>
      </object_component>
      <object_component id="oc-19c">
         <name>.text</name>
         <load_address>0x200054bc</load_address>
         <run_address>0x200054bc</run_address>
         <size>0x3dc</size>
         <input_file_ref idref="fl-135"/>
      </object_component>
      <object_component id="oc-cc">
         <name>.text</name>
         <load_address>0x20005898</load_address>
         <run_address>0x20005898</run_address>
         <size>0x280</size>
         <input_file_ref idref="fl-5"/>
      </object_component>
      <object_component id="oc-9f">
         <name>.text</name>
         <load_address>0x20005b18</load_address>
         <run_address>0x20005b18</run_address>
         <size>0x204</size>
         <input_file_ref idref="fl-2"/>
      </object_component>
      <object_component id="oc-273">
         <name>.text</name>
         <load_address>0x20005d1c</load_address>
         <run_address>0x20005d1c</run_address>
         <size>0x1f4</size>
         <input_file_ref idref="fl-14d"/>
      </object_component>
      <object_component id="oc-297">
         <name>.text</name>
         <load_address>0x20005f10</load_address>
         <run_address>0x20005f10</run_address>
         <size>0x1b6</size>
         <input_file_ref idref="fl-143"/>
      </object_component>
      <object_component id="oc-27d">
         <name>.text</name>
         <load_address>0x200060c6</load_address>
         <run_address>0x200060c6</run_address>
         <size>0x136</size>
         <input_file_ref idref="fl-145"/>
      </object_component>
      <object_component id="oc-e4">
         <name>.text:PRCMCC3200MCUInit</name>
         <load_address>0x200061fc</load_address>
         <run_address>0x200061fc</run_address>
         <size>0x134</size>
         <input_file_ref idref="fl-15b"/>
      </object_component>
      <object_component id="oc-2f3">
         <name>.text</name>
         <load_address>0x20006330</load_address>
         <run_address>0x20006330</run_address>
         <size>0x110</size>
         <input_file_ref idref="fl-14f"/>
      </object_component>
      <object_component id="oc-126">
         <name>.text</name>
         <load_address>0x20006440</load_address>
         <run_address>0x20006440</run_address>
         <size>0xfc</size>
         <input_file_ref idref="fl-131"/>
      </object_component>
      <object_component id="oc-318">
         <name>.text</name>
         <load_address>0x2000653c</load_address>
         <run_address>0x2000653c</run_address>
         <size>0xbe</size>
         <input_file_ref idref="fl-157"/>
      </object_component>
      <object_component id="oc-de">
         <name>.text:IntEnable</name>
         <load_address>0x200065fc</load_address>
         <run_address>0x200065fc</run_address>
         <size>0xa8</size>
         <input_file_ref idref="fl-159"/>
      </object_component>
      <object_component id="oc-36">
         <name>.text</name>
         <load_address>0x200066a4</load_address>
         <run_address>0x200066a4</run_address>
         <size>0x9c</size>
         <input_file_ref idref="fl-133"/>
      </object_component>
      <object_component id="oc-16c">
         <name>.text:PRCMPeripheralClockGet</name>
         <load_address>0x20006740</load_address>
         <run_address>0x20006740</run_address>
         <size>0x94</size>
         <input_file_ref idref="fl-15b"/>
      </object_component>
      <object_component id="oc-259">
         <name>.text:PinConfigSet</name>
         <load_address>0x200067d4</load_address>
         <run_address>0x200067d4</run_address>
         <size>0x88</size>
         <input_file_ref idref="fl-15a"/>
      </object_component>
      <object_component id="oc-17e">
         <name>.text</name>
         <load_address>0x2000685c</load_address>
         <run_address>0x2000685c</run_address>
         <size>0x88</size>
         <input_file_ref idref="fl-13b"/>
      </object_component>
      <object_component id="oc-278">
         <name>.text:__aeabi_cdcmple</name>
         <load_address>0x200068e4</load_address>
         <run_address>0x200068e4</run_address>
         <size>0x86</size>
         <input_file_ref idref="fl-144"/>
      </object_component>
      <object_component id="oc-282">
         <name>.text:__aeabi_cdrcmple</name>
         <load_address>0x2000696a</load_address>
         <run_address>0x2000696a</run_address>
         <size>0x86</size>
         <input_file_ref idref="fl-144"/>
      </object_component>
      <object_component id="oc-108">
         <name>.text:GPIOIntTypeSet</name>
         <load_address>0x200069f0</load_address>
         <run_address>0x200069f0</run_address>
         <size>0x82</size>
         <input_file_ref idref="fl-158"/>
      </object_component>
      <object_component id="oc-4f">
         <name>.text</name>
         <load_address>0x20006a72</load_address>
         <run_address>0x20006a72</run_address>
         <size>0x7a</size>
         <input_file_ref idref="fl-136"/>
      </object_component>
      <object_component id="oc-172">
         <name>.text:UARTConfigSetExpClk</name>
         <load_address>0x20006aec</load_address>
         <run_address>0x20006aec</run_address>
         <size>0x76</size>
         <input_file_ref idref="fl-15d"/>
      </object_component>
      <object_component id="oc-10e">
         <name>.text:TimerIntRegister</name>
         <load_address>0x20006b64</load_address>
         <run_address>0x20006b64</run_address>
         <size>0x70</size>
         <input_file_ref idref="fl-15c"/>
      </object_component>
      <object_component id="oc-ea">
         <name>.text</name>
         <load_address>0x20006bd4</load_address>
         <run_address>0x20006bd4</run_address>
         <size>0x6c</size>
         <input_file_ref idref="fl-3"/>
      </object_component>
      <object_component id="oc-61">
         <name>.text</name>
         <load_address>0x20006c40</load_address>
         <run_address>0x20006c40</run_address>
         <size>0x6c</size>
         <input_file_ref idref="fl-140"/>
      </object_component>
      <object_component id="oc-42">
         <name>.text</name>
         <load_address>0x20006cac</load_address>
         <run_address>0x20006cac</run_address>
         <size>0x6a</size>
         <input_file_ref idref="fl-12e"/>
      </object_component>
      <object_component id="oc-2eb">
         <name>.text</name>
         <load_address>0x20006d16</load_address>
         <run_address>0x20006d16</run_address>
         <size>0x66</size>
         <input_file_ref idref="fl-150"/>
      </object_component>
      <object_component id="oc-1cd">
         <name>.text:PRCMPeripheralReset</name>
         <load_address>0x20006d7c</load_address>
         <run_address>0x20006d7c</run_address>
         <size>0x58</size>
         <input_file_ref idref="fl-15b"/>
      </object_component>
      <object_component id="oc-28c">
         <name>.text</name>
         <load_address>0x20006dd4</load_address>
         <run_address>0x20006dd4</run_address>
         <size>0x56</size>
         <input_file_ref idref="fl-14a"/>
      </object_component>
      <object_component id="oc-2a2">
         <name>.text</name>
         <load_address>0x20006e2a</load_address>
         <run_address>0x20006e2a</run_address>
         <size>0x52</size>
         <input_file_ref idref="fl-149"/>
      </object_component>
      <object_component id="oc-24">
         <name>.text</name>
         <load_address>0x20006e7c</load_address>
         <run_address>0x20006e7c</run_address>
         <size>0x50</size>
         <input_file_ref idref="fl-12c"/>
      </object_component>
      <object_component id="oc-2ba">
         <name>.text</name>
         <load_address>0x20006ecc</load_address>
         <run_address>0x20006ecc</run_address>
         <size>0x4c</size>
         <input_file_ref idref="fl-13f"/>
      </object_component>
      <object_component id="oc-97">
         <name>.text</name>
         <load_address>0x20006f18</load_address>
         <run_address>0x20006f18</run_address>
         <size>0x4c</size>
         <input_file_ref idref="fl-141"/>
      </object_component>
      <object_component id="oc-209">
         <name>.text:GPIOGetIntNumber</name>
         <load_address>0x20006f64</load_address>
         <run_address>0x20006f64</run_address>
         <size>0x48</size>
         <input_file_ref idref="fl-158"/>
      </object_component>
      <object_component id="oc-287">
         <name>.text</name>
         <load_address>0x20006fac</load_address>
         <run_address>0x20006fac</run_address>
         <size>0x48</size>
         <input_file_ref idref="fl-146"/>
      </object_component>
      <object_component id="oc-f6">
         <name>.text:TimerConfigure</name>
         <load_address>0x20006ff4</load_address>
         <run_address>0x20006ff4</run_address>
         <size>0x44</size>
         <input_file_ref idref="fl-15c"/>
      </object_component>
      <object_component id="oc-6d">
         <name>.text</name>
         <load_address>0x20007038</load_address>
         <run_address>0x20007038</run_address>
         <size>0x44</size>
         <input_file_ref idref="fl-130"/>
      </object_component>
      <object_component id="oc-12b">
         <name>.text</name>
         <load_address>0x2000707c</load_address>
         <run_address>0x2000707c</run_address>
         <size>0x44</size>
         <input_file_ref idref="fl-132"/>
      </object_component>
      <object_component id="oc-25f">
         <name>.text:PinModeSet</name>
         <load_address>0x200070c0</load_address>
         <run_address>0x200070c0</run_address>
         <size>0x40</size>
         <input_file_ref idref="fl-15a"/>
      </object_component>
      <object_component id="oc-35d">
         <name>.text</name>
         <load_address>0x20007100</load_address>
         <run_address>0x20007100</run_address>
         <size>0x40</size>
         <input_file_ref idref="fl-156"/>
      </object_component>
      <object_component id="oc-f0">
         <name>.text:PRCMPeripheralClkEnable</name>
         <load_address>0x20007140</load_address>
         <run_address>0x20007140</run_address>
         <size>0x3c</size>
         <input_file_ref idref="fl-15b"/>
      </object_component>
      <object_component id="oc-1e6">
         <name>.text:GPIODirModeSet</name>
         <load_address>0x2000717c</load_address>
         <run_address>0x2000717c</run_address>
         <size>0x36</size>
         <input_file_ref idref="fl-158"/>
      </object_component>
      <object_component id="oc-327">
         <name>.text</name>
         <load_address>0x200071b4</load_address>
         <run_address>0x200071b4</run_address>
         <size>0x34</size>
         <input_file_ref idref="fl-154"/>
      </object_component>
      <object_component id="oc-1e0">
         <name>.text:PinTypeGPIO</name>
         <load_address>0x200071e8</load_address>
         <run_address>0x200071e8</run_address>
         <size>0x30</size>
         <input_file_ref idref="fl-15a"/>
      </object_component>
      <object_component id="oc-223">
         <name>.text:UARTDisable</name>
         <load_address>0x20007218</load_address>
         <run_address>0x20007218</run_address>
         <size>0x30</size>
         <input_file_ref idref="fl-15d"/>
      </object_component>
      <object_component id="oc-2ae">
         <name>.text</name>
         <load_address>0x20007248</load_address>
         <run_address>0x20007248</run_address>
         <size>0x30</size>
         <input_file_ref idref="fl-14e"/>
      </object_component>
      <object_component id="oc-2f9">
         <name>.text</name>
         <load_address>0x20007278</load_address>
         <run_address>0x20007278</run_address>
         <size>0x30</size>
         <input_file_ref idref="fl-151"/>
      </object_component>
      <object_component id="oc-292">
         <name>.text</name>
         <load_address>0x200072a8</load_address>
         <run_address>0x200072a8</run_address>
         <size>0x2e</size>
         <input_file_ref idref="fl-148"/>
      </object_component>
      <object_component id="oc-34d">
         <name>.text</name>
         <load_address>0x200072d6</load_address>
         <run_address>0x200072d6</run_address>
         <size>0x2e</size>
         <input_file_ref idref="fl-155"/>
      </object_component>
      <object_component id="oc-1d9">
         <name>.text:PRCMSysResetCauseGet</name>
         <load_address>0x20007304</load_address>
         <run_address>0x20007304</run_address>
         <size>0x2c</size>
         <input_file_ref idref="fl-15b"/>
      </object_component>
      <object_component id="oc-29c">
         <name>.text</name>
         <load_address>0x20007330</load_address>
         <run_address>0x20007330</run_address>
         <size>0x2a</size>
         <input_file_ref idref="fl-147"/>
      </object_component>
      <object_component id="oc-1d3">
         <name>.text:PRCMPeripheralClkDisable</name>
         <load_address>0x2000735c</load_address>
         <run_address>0x2000735c</run_address>
         <size>0x28</size>
         <input_file_ref idref="fl-15b"/>
      </object_component>
      <object_component id="oc-229">
         <name>.text:UARTEnable</name>
         <load_address>0x20007384</load_address>
         <run_address>0x20007384</run_address>
         <size>0x24</size>
         <input_file_ref idref="fl-15d"/>
      </object_component>
      <object_component id="oc-196">
         <name>.text</name>
         <load_address>0x200073a8</load_address>
         <run_address>0x200073a8</run_address>
         <size>0x24</size>
         <input_file_ref idref="fl-134"/>
      </object_component>
      <object_component id="oc-11a">
         <name>.text:GPIOPinWrite</name>
         <load_address>0x200073cc</load_address>
         <run_address>0x200073cc</run_address>
         <size>0x20</size>
         <input_file_ref idref="fl-158"/>
      </object_component>
      <object_component id="oc-201">
         <name>.text:IntRegister</name>
         <load_address>0x200073ec</load_address>
         <run_address>0x200073ec</run_address>
         <size>0x20</size>
         <input_file_ref idref="fl-159"/>
      </object_component>
      <object_component id="oc-121">
         <name>.text</name>
         <load_address>0x2000740c</load_address>
         <run_address>0x2000740c</run_address>
         <size>0x20</size>
         <input_file_ref idref="fl-13a"/>
      </object_component>
      <object_component id="oc-114">
         <name>.text:GPIOIntRegister</name>
         <load_address>0x2000742c</load_address>
         <run_address>0x2000742c</run_address>
         <size>0x1e</size>
         <input_file_ref idref="fl-158"/>
      </object_component>
      <object_component id="oc-142">
         <name>.text:TimerDisable</name>
         <load_address>0x2000744a</load_address>
         <run_address>0x2000744a</run_address>
         <size>0x1e</size>
         <input_file_ref idref="fl-15c"/>
      </object_component>
      <object_component id="oc-fc">
         <name>.text:TimerEnable</name>
         <load_address>0x20007468</load_address>
         <run_address>0x20007468</run_address>
         <size>0x1e</size>
         <input_file_ref idref="fl-15c"/>
      </object_component>
      <object_component id="oc-178">
         <name>.text:UARTCharPut</name>
         <load_address>0x20007486</load_address>
         <run_address>0x20007486</run_address>
         <size>0x1e</size>
         <input_file_ref idref="fl-15d"/>
      </object_component>
      <object_component id="oc-13c">
         <name>.text:TimerValueGet</name>
         <load_address>0x200074a4</load_address>
         <run_address>0x200074a4</run_address>
         <size>0x1c</size>
         <input_file_ref idref="fl-15c"/>
      </object_component>
      <object_component id="oc-18a">
         <name>.text:UARTCharGetNonBlocking</name>
         <load_address>0x200074c0</load_address>
         <run_address>0x200074c0</run_address>
         <size>0x1c</size>
         <input_file_ref idref="fl-15d"/>
      </object_component>
      <object_component id="oc-2b4">
         <name>.text</name>
         <load_address>0x200074dc</load_address>
         <run_address>0x200074dc</run_address>
         <size>0x1c</size>
         <input_file_ref idref="fl-14b"/>
      </object_component>
      <object_component id="oc-102">
         <name>.text:GPIOIntEnable</name>
         <load_address>0x200074f8</load_address>
         <run_address>0x200074f8</run_address>
         <size>0x1a</size>
         <input_file_ref idref="fl-158"/>
      </object_component>
      <object_component id="oc-1f2">
         <name>.text:PinTypeTimer</name>
         <load_address>0x20007512</load_address>
         <run_address>0x20007512</run_address>
         <size>0x1a</size>
         <input_file_ref idref="fl-15a"/>
      </object_component>
      <object_component id="oc-1ec">
         <name>.text:PinTypeUART</name>
         <load_address>0x2000752c</load_address>
         <run_address>0x2000752c</run_address>
         <size>0x1a</size>
         <input_file_ref idref="fl-15a"/>
      </object_component>
      <object_component id="oc-136">
         <name>.text:GPIOPinRead</name>
         <load_address>0x20007546</load_address>
         <run_address>0x20007546</run_address>
         <size>0x18</size>
         <input_file_ref idref="fl-158"/>
      </object_component>
      <object_component id="oc-184">
         <name>.text:UARTCharsAvail</name>
         <load_address>0x2000755e</load_address>
         <run_address>0x2000755e</run_address>
         <size>0x18</size>
         <input_file_ref idref="fl-15d"/>
      </object_component>
      <object_component id="oc-67">
         <name>.text</name>
         <load_address>0x20007578</load_address>
         <run_address>0x20007578</run_address>
         <size>0x18</size>
         <input_file_ref idref="fl-13e"/>
      </object_component>
      <object_component id="oc-1c1">
         <name>.text:PRCMHIBRegRead</name>
         <load_address>0x20007590</load_address>
         <run_address>0x20007590</run_address>
         <size>0x16</size>
         <input_file_ref idref="fl-15b"/>
      </object_component>
      <object_component id="oc-1c7">
         <name>.text:PRCMHIBRegWrite</name>
         <load_address>0x200075a6</load_address>
         <run_address>0x200075a6</run_address>
         <size>0x16</size>
         <input_file_ref idref="fl-15b"/>
      </object_component>
      <object_component id="oc-2a8">
         <name>.text</name>
         <load_address>0x200075bc</load_address>
         <run_address>0x200075bc</run_address>
         <size>0x16</size>
         <input_file_ref idref="fl-14c"/>
      </object_component>
      <object_component id="oc-1b1">
         <name>.text:CPUcpsie</name>
         <load_address>0x200075d2</load_address>
         <run_address>0x200075d2</run_address>
         <size>0x14</size>
         <input_file_ref idref="fl-15f"/>
      </object_component>
      <object_component id="oc-130">
         <name>.text:GPIOIntClear</name>
         <load_address>0x200075e6</load_address>
         <run_address>0x200075e6</run_address>
         <size>0x14</size>
         <input_file_ref idref="fl-158"/>
      </object_component>
      <object_component id="oc-d2">
         <name>.text:IntVTableBaseSet</name>
         <load_address>0x200075fc</load_address>
         <run_address>0x200075fc</run_address>
         <size>0x14</size>
         <input_file_ref idref="fl-159"/>
      </object_component>
      <object_component id="oc-157">
         <name>.text</name>
         <load_address>0x20007610</load_address>
         <run_address>0x20007610</run_address>
         <size>0x14</size>
         <input_file_ref idref="fl-13c"/>
      </object_component>
      <object_component id="oc-190">
         <name>.text</name>
         <load_address>0x20007624</load_address>
         <run_address>0x20007624</run_address>
         <size>0x14</size>
         <input_file_ref idref="fl-139"/>
      </object_component>
      <object_component id="oc-12">
         <name>.text:decompress:none</name>
         <load_address>0x20007638</load_address>
         <run_address>0x20007638</run_address>
         <size>0xe</size>
         <input_file_ref idref="fl-12d"/>
      </object_component>
      <object_component id="oc-2d">
         <name>.text</name>
         <load_address>0x20007646</load_address>
         <run_address>0x20007646</run_address>
         <size>0xe</size>
         <input_file_ref idref="fl-4"/>
      </object_component>
      <object_component id="oc-1e">
         <name>.text:decompress:ZI</name>
         <load_address>0x20007654</load_address>
         <run_address>0x20007654</run_address>
         <size>0xc</size>
         <input_file_ref idref="fl-12f"/>
      </object_component>
      <object_component id="oc-d8">
         <name>.text:IntMasterEnable</name>
         <load_address>0x20007660</load_address>
         <run_address>0x20007660</run_address>
         <size>0xa</size>
         <input_file_ref idref="fl-159"/>
      </object_component>
      <object_component id="oc-120">
         <name>.text:UtilsDelay</name>
         <load_address>0x2000766a</load_address>
         <run_address>0x2000766a</run_address>
         <size>0x6</size>
         <input_file_ref idref="fl-15e"/>
      </object_component>
      <object_component id="oc-18">
         <name>.text:decompress:rle24</name>
         <load_address>0x20007670</load_address>
         <run_address>0x20007670</run_address>
         <size>0x6</size>
         <input_file_ref idref="fl-12e"/>
      </object_component>
      <object_component id="oc-5b">
         <name>.text</name>
         <load_address>0x20007676</load_address>
         <run_address>0x20007676</run_address>
         <size>0x4</size>
         <input_file_ref idref="fl-137"/>
      </object_component>
      <object_component id="oc-307">
         <name>.const:.string:_ctypes_</name>
         <load_address>0x20007680</load_address>
         <run_address>0x20007680</run_address>
         <size>0x101</size>
         <input_file_ref idref="fl-142"/>
      </object_component>
      <object_component id="oc-2dd">
         <name>.const:g_ulPinToPadMap</name>
         <load_address>0x20007784</load_address>
         <run_address>0x20007784</run_address>
         <size>0x100</size>
         <input_file_ref idref="fl-15a"/>
      </object_component>
      <object_component id="oc-1f9">
         <name>.const:PRCM_PeriphRegsList</name>
         <load_address>0x20007884</load_address>
         <run_address>0x20007884</run_address>
         <size>0xa8</size>
         <input_file_ref idref="fl-15b"/>
      </object_component>
      <object_component id="oc-1bd">
         <name>.const</name>
         <load_address>0x2000792c</load_address>
         <run_address>0x2000792c</run_address>
         <size>0x80</size>
         <input_file_ref idref="fl-159"/>
      </object_component>
      <object_component id="oc-14b">
         <name>.const</name>
         <load_address>0x200079b0</load_address>
         <run_address>0x200079b0</run_address>
         <size>0x8</size>
         <input_file_ref idref="fl-2"/>
      </object_component>
      <object_component id="oc-3a3">
         <name>.cinit..data.load</name>
         <load_address>0x200079b8</load_address>
         <run_address>0x200079b8</run_address>
         <size>0x4e</size>
      </object_component>
      <object_component id="oc-3a1">
         <name>__TI_handler_table</name>
         <load_address>0x20007a08</load_address>
         <run_address>0x20007a08</run_address>
         <size>0xc</size>
      </object_component>
      <object_component id="oc-3a4">
         <name>.cinit..bss.load</name>
         <load_address>0x20007a18</load_address>
         <run_address>0x20007a18</run_address>
         <size>0x8</size>
      </object_component>
      <object_component id="oc-3a2">
         <name>__TI_cinit_table</name>
         <load_address>0x20007a20</load_address>
         <run_address>0x20007a20</run_address>
         <size>0x10</size>
      </object_component>
      <object_component id="oc-2a">
         <name>.sysmem</name>
         <uninitialized>true</uninitialized>
         <run_address>0x20017000</run_address>
         <size>0x8</size>
         <input_file_ref idref="fl-135"/>
      </object_component>
      <object_component id="oc-3a6">
         <name>.sysmem</name>
         <uninitialized>true</uninitialized>
         <run_address>0x20017000</run_address>
         <size>0x0</size>
      </object_component>
      <object_component id="oc-29">
         <name>.stack</name>
         <uninitialized>true</uninitialized>
         <run_address>0x2002f000</run_address>
         <size>0x0</size>
         <input_file_ref idref="fl-12c"/>
      </object_component>
      <object_component id="oc-3a5">
         <name>.stack</name>
         <uninitialized>true</uninitialized>
         <run_address>0x2002f000</run_address>
         <size>0x0</size>
      </object_component>
      <object_component id="oc-1a2">
         <name>.common:__Errorlog</name>
         <uninitialized>true</uninitialized>
         <run_address>0x20017964</run_address>
         <size>0x4</size>
      </object_component>
      <object_component id="oc-148">
         <name>.data</name>
         <load_address>0x2001793c</load_address>
         <run_address>0x2001793c</run_address>
         <size>0x8</size>
         <input_file_ref idref="fl-2"/>
      </object_component>
      <object_component id="oc-aa">
         <name>.data</name>
         <load_address>0x2001794c</load_address>
         <run_address>0x2001794c</run_address>
         <size>0x8</size>
         <input_file_ref idref="fl-130"/>
      </object_component>
      <object_component id="oc-249">
         <name>.data</name>
         <load_address>0x20017930</load_address>
         <run_address>0x20017930</run_address>
         <size>0xc</size>
         <input_file_ref idref="fl-135"/>
      </object_component>
      <object_component id="oc-73">
         <name>.data</name>
         <load_address>0x20017960</load_address>
         <run_address>0x20017960</run_address>
         <size>0x4</size>
         <input_file_ref idref="fl-138"/>
      </object_component>
      <object_component id="oc-a7">
         <name>.data</name>
         <load_address>0x20017944</load_address>
         <run_address>0x20017944</run_address>
         <size>0x8</size>
         <input_file_ref idref="fl-13c"/>
      </object_component>
      <object_component id="oc-322">
         <name>.data</name>
         <load_address>0x200178b0</load_address>
         <run_address>0x200178b0</run_address>
         <size>0x80</size>
         <input_file_ref idref="fl-152"/>
      </object_component>
      <object_component id="oc-32d">
         <name>.data</name>
         <load_address>0x2001795c</load_address>
         <run_address>0x2001795c</run_address>
         <size>0x4</size>
         <input_file_ref idref="fl-153"/>
      </object_component>
      <object_component id="oc-353">
         <name>.data</name>
         <load_address>0x20017954</load_address>
         <run_address>0x20017954</run_address>
         <size>0x8</size>
         <input_file_ref idref="fl-154"/>
      </object_component>
      <object_component id="oc-36e">
         <name>.data:sigtable</name>
         <load_address>0x20017800</load_address>
         <run_address>0x20017800</run_address>
         <size>0xb0</size>
         <input_file_ref idref="fl-156"/>
      </object_component>
      <object_component id="oc-14f">
         <name>.debug_info</name>
         <load_address>0x0</load_address>
         <run_address>0x0</run_address>
         <size>0x4d0</size>
         <input_file_ref idref="fl-2"/>
      </object_component>
      <object_component id="oc-14c">
         <name>.debug_info</name>
         <load_address>0x4d0</load_address>
         <run_address>0x4d0</run_address>
         <size>0xc2</size>
         <input_file_ref idref="fl-2"/>
      </object_component>
      <object_component id="oc-149">
         <name>.debug_info</name>
         <load_address>0x592</load_address>
         <run_address>0x592</run_address>
         <size>0xe5</size>
         <input_file_ref idref="fl-2"/>
      </object_component>
      <object_component id="oc-a0">
         <name>.debug_info</name>
         <load_address>0x677</load_address>
         <run_address>0x677</run_address>
         <size>0x463</size>
         <input_file_ref idref="fl-2"/>
      </object_component>
      <object_component id="oc-1ab">
         <name>.debug_info</name>
         <load_address>0xada</load_address>
         <run_address>0xada</run_address>
         <size>0x110</size>
         <input_file_ref idref="fl-2"/>
      </object_component>
      <object_component id="oc-2d8">
         <name>.debug_info</name>
         <load_address>0xbea</load_address>
         <run_address>0xbea</run_address>
         <size>0x62</size>
         <input_file_ref idref="fl-2"/>
      </object_component>
      <object_component id="oc-7e">
         <name>.debug_info</name>
         <load_address>0xc4c</load_address>
         <run_address>0xc4c</run_address>
         <size>0x84</size>
         <input_file_ref idref="fl-2"/>
      </object_component>
      <object_component id="oc-1b8">
         <name>.debug_info</name>
         <load_address>0xcd0</load_address>
         <run_address>0xcd0</run_address>
         <size>0x2c</size>
         <input_file_ref idref="fl-2"/>
      </object_component>
      <object_component id="oc-1a6">
         <name>.debug_info</name>
         <load_address>0xcfc</load_address>
         <run_address>0xcfc</run_address>
         <size>0x4e</size>
         <input_file_ref idref="fl-2"/>
      </object_component>
      <object_component id="oc-eb">
         <name>.debug_info</name>
         <load_address>0xd4a</load_address>
         <run_address>0xd4a</run_address>
         <size>0x1ff</size>
         <input_file_ref idref="fl-3"/>
      </object_component>
      <object_component id="oc-35">
         <name>.debug_info</name>
         <load_address>0xf49</load_address>
         <run_address>0xf49</run_address>
         <size>0x121</size>
         <input_file_ref idref="fl-4"/>
      </object_component>
      <object_component id="oc-10">
         <name>.debug_info</name>
         <load_address>0x106a</load_address>
         <run_address>0x106a</run_address>
         <size>0x106</size>
         <input_file_ref idref="fl-4"/>
      </object_component>
      <object_component id="oc-2e">
         <name>.debug_info</name>
         <load_address>0x1170</load_address>
         <run_address>0x1170</run_address>
         <size>0x427</size>
         <input_file_ref idref="fl-4"/>
      </object_component>
      <object_component id="oc-1a3">
         <name>.debug_info</name>
         <load_address>0x1597</load_address>
         <run_address>0x1597</run_address>
         <size>0x3a1</size>
         <input_file_ref idref="fl-5"/>
      </object_component>
      <object_component id="oc-cd">
         <name>.debug_info</name>
         <load_address>0x1938</load_address>
         <run_address>0x1938</run_address>
         <size>0x8da</size>
         <input_file_ref idref="fl-5"/>
      </object_component>
      <object_component id="oc-27">
         <name>.debug_info</name>
         <load_address>0x2212</load_address>
         <run_address>0x2212</run_address>
         <size>0x134</size>
         <input_file_ref idref="fl-12c"/>
      </object_component>
      <object_component id="oc-41">
         <name>.debug_info</name>
         <load_address>0x2346</load_address>
         <run_address>0x2346</run_address>
         <size>0x121</size>
         <input_file_ref idref="fl-12d"/>
      </object_component>
      <object_component id="oc-14">
         <name>.debug_info</name>
         <load_address>0x2467</load_address>
         <run_address>0x2467</run_address>
         <size>0x1c0</size>
         <input_file_ref idref="fl-12d"/>
      </object_component>
      <object_component id="oc-3c">
         <name>.debug_info</name>
         <load_address>0x2627</load_address>
         <run_address>0x2627</run_address>
         <size>0x46</size>
         <input_file_ref idref="fl-12d"/>
      </object_component>
      <object_component id="oc-84">
         <name>.debug_info</name>
         <load_address>0x266d</load_address>
         <run_address>0x266d</run_address>
         <size>0x2c</size>
         <input_file_ref idref="fl-12d"/>
      </object_component>
      <object_component id="oc-49">
         <name>.debug_info</name>
         <load_address>0x2699</load_address>
         <run_address>0x2699</run_address>
         <size>0x115</size>
         <input_file_ref idref="fl-12e"/>
      </object_component>
      <object_component id="oc-43">
         <name>.debug_info</name>
         <load_address>0x27ae</load_address>
         <run_address>0x27ae</run_address>
         <size>0x228</size>
         <input_file_ref idref="fl-12e"/>
      </object_component>
      <object_component id="oc-1b">
         <name>.debug_info</name>
         <load_address>0x29d6</load_address>
         <run_address>0x29d6</run_address>
         <size>0x192</size>
         <input_file_ref idref="fl-12e"/>
      </object_component>
      <object_component id="oc-4a">
         <name>.debug_info</name>
         <load_address>0x2b68</load_address>
         <run_address>0x2b68</run_address>
         <size>0x39</size>
         <input_file_ref idref="fl-12e"/>
      </object_component>
      <object_component id="oc-8e">
         <name>.debug_info</name>
         <load_address>0x2ba1</load_address>
         <run_address>0x2ba1</run_address>
         <size>0x2c</size>
         <input_file_ref idref="fl-12e"/>
      </object_component>
      <object_component id="oc-5a">
         <name>.debug_info</name>
         <load_address>0x2bcd</load_address>
         <run_address>0x2bcd</run_address>
         <size>0x110</size>
         <input_file_ref idref="fl-12f"/>
      </object_component>
      <object_component id="oc-20">
         <name>.debug_info</name>
         <load_address>0x2cdd</load_address>
         <run_address>0x2cdd</run_address>
         <size>0x18b</size>
         <input_file_ref idref="fl-12f"/>
      </object_component>
      <object_component id="oc-55">
         <name>.debug_info</name>
         <load_address>0x2e68</load_address>
         <run_address>0x2e68</run_address>
         <size>0x46</size>
         <input_file_ref idref="fl-12f"/>
      </object_component>
      <object_component id="oc-ae">
         <name>.debug_info</name>
         <load_address>0x2eae</load_address>
         <run_address>0x2eae</run_address>
         <size>0x172</size>
         <input_file_ref idref="fl-130"/>
      </object_component>
      <object_component id="oc-ab">
         <name>.debug_info</name>
         <load_address>0x3020</load_address>
         <run_address>0x3020</run_address>
         <size>0x117</size>
         <input_file_ref idref="fl-130"/>
      </object_component>
      <object_component id="oc-6e">
         <name>.debug_info</name>
         <load_address>0x3137</load_address>
         <run_address>0x3137</run_address>
         <size>0x1ee</size>
         <input_file_ref idref="fl-130"/>
      </object_component>
      <object_component id="oc-127">
         <name>.debug_info</name>
         <load_address>0x3325</load_address>
         <run_address>0x3325</run_address>
         <size>0x117</size>
         <input_file_ref idref="fl-131"/>
      </object_component>
      <object_component id="oc-12c">
         <name>.debug_info</name>
         <load_address>0x343c</load_address>
         <run_address>0x343c</run_address>
         <size>0x116</size>
         <input_file_ref idref="fl-132"/>
      </object_component>
      <object_component id="oc-39">
         <name>.debug_info</name>
         <load_address>0x3552</load_address>
         <run_address>0x3552</run_address>
         <size>0xf6</size>
         <input_file_ref idref="fl-133"/>
      </object_component>
      <object_component id="oc-248">
         <name>.debug_info</name>
         <load_address>0x3648</load_address>
         <run_address>0x3648</run_address>
         <size>0x10d</size>
         <input_file_ref idref="fl-134"/>
      </object_component>
      <object_component id="oc-197">
         <name>.debug_info</name>
         <load_address>0x3755</load_address>
         <run_address>0x3755</run_address>
         <size>0x18c</size>
         <input_file_ref idref="fl-134"/>
      </object_component>
      <object_component id="oc-79">
         <name>.debug_info</name>
         <load_address>0x38e1</load_address>
         <run_address>0x38e1</run_address>
         <size>0x203</size>
         <input_file_ref idref="fl-135"/>
      </object_component>
      <object_component id="oc-2b">
         <name>.debug_info</name>
         <load_address>0x3ae4</load_address>
         <run_address>0x3ae4</run_address>
         <size>0xe2</size>
         <input_file_ref idref="fl-135"/>
      </object_component>
      <object_component id="oc-24a">
         <name>.debug_info</name>
         <load_address>0x3bc6</load_address>
         <run_address>0x3bc6</run_address>
         <size>0x12d</size>
         <input_file_ref idref="fl-135"/>
      </object_component>
      <object_component id="oc-19d">
         <name>.debug_info</name>
         <load_address>0x3cf3</load_address>
         <run_address>0x3cf3</run_address>
         <size>0x86c</size>
         <input_file_ref idref="fl-135"/>
      </object_component>
      <object_component id="oc-b4">
         <name>.debug_info</name>
         <load_address>0x455f</load_address>
         <run_address>0x455f</run_address>
         <size>0x2c</size>
         <input_file_ref idref="fl-135"/>
      </object_component>
      <object_component id="oc-b9">
         <name>.debug_info</name>
         <load_address>0x458b</load_address>
         <run_address>0x458b</run_address>
         <size>0x62</size>
         <input_file_ref idref="fl-135"/>
      </object_component>
      <object_component id="oc-50">
         <name>.debug_info</name>
         <load_address>0x45ed</load_address>
         <run_address>0x45ed</run_address>
         <size>0x124</size>
         <input_file_ref idref="fl-136"/>
      </object_component>
      <object_component id="oc-5c">
         <name>.debug_info</name>
         <load_address>0x4711</load_address>
         <run_address>0x4711</run_address>
         <size>0x129</size>
         <input_file_ref idref="fl-137"/>
      </object_component>
      <object_component id="oc-74">
         <name>.debug_info</name>
         <load_address>0x483a</load_address>
         <run_address>0x483a</run_address>
         <size>0xea</size>
         <input_file_ref idref="fl-138"/>
      </object_component>
      <object_component id="oc-246">
         <name>.debug_info</name>
         <load_address>0x4924</load_address>
         <run_address>0x4924</run_address>
         <size>0xcb</size>
         <input_file_ref idref="fl-139"/>
      </object_component>
      <object_component id="oc-191">
         <name>.debug_info</name>
         <load_address>0x49ef</load_address>
         <run_address>0x49ef</run_address>
         <size>0x1f7</size>
         <input_file_ref idref="fl-139"/>
      </object_component>
      <object_component id="oc-124">
         <name>.debug_info</name>
         <load_address>0x4be6</load_address>
         <run_address>0x4be6</run_address>
         <size>0x10b</size>
         <input_file_ref idref="fl-13a"/>
      </object_component>
      <object_component id="oc-238">
         <name>.debug_info</name>
         <load_address>0x4cf1</load_address>
         <run_address>0x4cf1</run_address>
         <size>0x1a9</size>
         <input_file_ref idref="fl-13b"/>
      </object_component>
      <object_component id="oc-17f">
         <name>.debug_info</name>
         <load_address>0x4e9a</load_address>
         <run_address>0x4e9a</run_address>
         <size>0x33d</size>
         <input_file_ref idref="fl-13b"/>
      </object_component>
      <object_component id="oc-239">
         <name>.debug_info</name>
         <load_address>0x51d7</load_address>
         <run_address>0x51d7</run_address>
         <size>0x2c</size>
         <input_file_ref idref="fl-13b"/>
      </object_component>
      <object_component id="oc-23e">
         <name>.debug_info</name>
         <load_address>0x5203</load_address>
         <run_address>0x5203</run_address>
         <size>0x69</size>
         <input_file_ref idref="fl-13b"/>
      </object_component>
      <object_component id="oc-15f">
         <name>.debug_info</name>
         <load_address>0x526c</load_address>
         <run_address>0x526c</run_address>
         <size>0x105</size>
         <input_file_ref idref="fl-13c"/>
      </object_component>
      <object_component id="oc-a8">
         <name>.debug_info</name>
         <load_address>0x5371</load_address>
         <run_address>0x5371</run_address>
         <size>0xf4</size>
         <input_file_ref idref="fl-13c"/>
      </object_component>
      <object_component id="oc-158">
         <name>.debug_info</name>
         <load_address>0x5465</load_address>
         <run_address>0x5465</run_address>
         <size>0x200</size>
         <input_file_ref idref="fl-13c"/>
      </object_component>
      <object_component id="oc-2c1">
         <name>.debug_info</name>
         <load_address>0x5665</load_address>
         <run_address>0x5665</run_address>
         <size>0x338</size>
         <input_file_ref idref="fl-13d"/>
      </object_component>
      <object_component id="oc-233">
         <name>.debug_info</name>
         <load_address>0x599d</load_address>
         <run_address>0x599d</run_address>
         <size>0x17ea</size>
         <input_file_ref idref="fl-13d"/>
      </object_component>
      <object_component id="oc-2c2">
         <name>.debug_info</name>
         <load_address>0x7187</load_address>
         <run_address>0x7187</run_address>
         <size>0x86</size>
         <input_file_ref idref="fl-13d"/>
      </object_component>
      <object_component id="oc-30e">
         <name>.debug_info</name>
         <load_address>0x720d</load_address>
         <run_address>0x720d</run_address>
         <size>0x46</size>
         <input_file_ref idref="fl-13d"/>
      </object_component>
      <object_component id="oc-2c7">
         <name>.debug_info</name>
         <load_address>0x7253</load_address>
         <run_address>0x7253</run_address>
         <size>0x39</size>
         <input_file_ref idref="fl-13d"/>
      </object_component>
      <object_component id="oc-a6">
         <name>.debug_info</name>
         <load_address>0x728c</load_address>
         <run_address>0x728c</run_address>
         <size>0x147</size>
         <input_file_ref idref="fl-13e"/>
      </object_component>
      <object_component id="oc-68">
         <name>.debug_info</name>
         <load_address>0x73d3</load_address>
         <run_address>0x73d3</run_address>
         <size>0x148</size>
         <input_file_ref idref="fl-13e"/>
      </object_component>
      <object_component id="oc-152">
         <name>.debug_info</name>
         <load_address>0x751b</load_address>
         <run_address>0x751b</run_address>
         <size>0x5e</size>
         <input_file_ref idref="fl-13e"/>
      </object_component>
      <object_component id="oc-30b">
         <name>.debug_info</name>
         <load_address>0x7579</load_address>
         <run_address>0x7579</run_address>
         <size>0xf5</size>
         <input_file_ref idref="fl-13f"/>
      </object_component>
      <object_component id="oc-2bb">
         <name>.debug_info</name>
         <load_address>0x766e</load_address>
         <run_address>0x766e</run_address>
         <size>0x152</size>
         <input_file_ref idref="fl-13f"/>
      </object_component>
      <object_component id="oc-9e">
         <name>.debug_info</name>
         <load_address>0x77c0</load_address>
         <run_address>0x77c0</run_address>
         <size>0x29e</size>
         <input_file_ref idref="fl-140"/>
      </object_component>
      <object_component id="oc-62">
         <name>.debug_info</name>
         <load_address>0x7a5e</load_address>
         <run_address>0x7a5e</run_address>
         <size>0x158</size>
         <input_file_ref idref="fl-140"/>
      </object_component>
      <object_component id="oc-c2">
         <name>.debug_info</name>
         <load_address>0x7bb6</load_address>
         <run_address>0x7bb6</run_address>
         <size>0x39</size>
         <input_file_ref idref="fl-140"/>
      </object_component>
      <object_component id="oc-c7">
         <name>.debug_info</name>
         <load_address>0x7bef</load_address>
         <run_address>0x7bef</run_address>
         <size>0xcd</size>
         <input_file_ref idref="fl-140"/>
      </object_component>
      <object_component id="oc-bf">
         <name>.debug_info</name>
         <load_address>0x7cbc</load_address>
         <run_address>0x7cbc</run_address>
         <size>0x1c1</size>
         <input_file_ref idref="fl-141"/>
      </object_component>
      <object_component id="oc-98">
         <name>.debug_info</name>
         <load_address>0x7e7d</load_address>
         <run_address>0x7e7d</run_address>
         <size>0x164</size>
         <input_file_ref idref="fl-141"/>
      </object_component>
      <object_component id="oc-167">
         <name>.debug_info</name>
         <load_address>0x7fe1</load_address>
         <run_address>0x7fe1</run_address>
         <size>0x2c</size>
         <input_file_ref idref="fl-141"/>
      </object_component>
      <object_component id="oc-33b">
         <name>.debug_info</name>
         <load_address>0x800d</load_address>
         <run_address>0x800d</run_address>
         <size>0xcf</size>
         <input_file_ref idref="fl-142"/>
      </object_component>
      <object_component id="oc-308">
         <name>.debug_info</name>
         <load_address>0x80dc</load_address>
         <run_address>0x80dc</run_address>
         <size>0xdb</size>
         <input_file_ref idref="fl-142"/>
      </object_component>
      <object_component id="oc-299">
         <name>.debug_info</name>
         <load_address>0x81b7</load_address>
         <run_address>0x81b7</run_address>
         <size>0x129</size>
         <input_file_ref idref="fl-143"/>
      </object_component>
      <object_component id="oc-279">
         <name>.debug_info</name>
         <load_address>0x82e0</load_address>
         <run_address>0x82e0</run_address>
         <size>0x105</size>
         <input_file_ref idref="fl-144"/>
      </object_component>
      <object_component id="oc-283">
         <name>.debug_info</name>
         <load_address>0x83e5</load_address>
         <run_address>0x83e5</run_address>
         <size>0x107</size>
         <input_file_ref idref="fl-144"/>
      </object_component>
      <object_component id="oc-27e">
         <name>.debug_info</name>
         <load_address>0x84ec</load_address>
         <run_address>0x84ec</run_address>
         <size>0x117</size>
         <input_file_ref idref="fl-145"/>
      </object_component>
      <object_component id="oc-288">
         <name>.debug_info</name>
         <load_address>0x8603</load_address>
         <run_address>0x8603</run_address>
         <size>0x10b</size>
         <input_file_ref idref="fl-146"/>
      </object_component>
      <object_component id="oc-2f2">
         <name>.debug_info</name>
         <load_address>0x870e</load_address>
         <run_address>0x870e</run_address>
         <size>0xfe</size>
         <input_file_ref idref="fl-147"/>
      </object_component>
      <object_component id="oc-29d">
         <name>.debug_info</name>
         <load_address>0x880c</load_address>
         <run_address>0x880c</run_address>
         <size>0x16e</size>
         <input_file_ref idref="fl-147"/>
      </object_component>
      <object_component id="oc-293">
         <name>.debug_info</name>
         <load_address>0x897a</load_address>
         <run_address>0x897a</run_address>
         <size>0x109</size>
         <input_file_ref idref="fl-148"/>
      </object_component>
      <object_component id="oc-300">
         <name>.debug_info</name>
         <load_address>0x8a83</load_address>
         <run_address>0x8a83</run_address>
         <size>0x142</size>
         <input_file_ref idref="fl-149"/>
      </object_component>
      <object_component id="oc-2a3">
         <name>.debug_info</name>
         <load_address>0x8bc5</load_address>
         <run_address>0x8bc5</run_address>
         <size>0x165</size>
         <input_file_ref idref="fl-149"/>
      </object_component>
      <object_component id="oc-2e8">
         <name>.debug_info</name>
         <load_address>0x8d2a</load_address>
         <run_address>0x8d2a</run_address>
         <size>0x12d</size>
         <input_file_ref idref="fl-14a"/>
      </object_component>
      <object_component id="oc-28d">
         <name>.debug_info</name>
         <load_address>0x8e57</load_address>
         <run_address>0x8e57</run_address>
         <size>0x1a3</size>
         <input_file_ref idref="fl-14a"/>
      </object_component>
      <object_component id="oc-306">
         <name>.debug_info</name>
         <load_address>0x8ffa</load_address>
         <run_address>0x8ffa</run_address>
         <size>0xd2</size>
         <input_file_ref idref="fl-14b"/>
      </object_component>
      <object_component id="oc-2b6">
         <name>.debug_info</name>
         <load_address>0x90cc</load_address>
         <run_address>0x90cc</run_address>
         <size>0x18c</size>
         <input_file_ref idref="fl-14b"/>
      </object_component>
      <object_component id="oc-302">
         <name>.debug_info</name>
         <load_address>0x9258</load_address>
         <run_address>0x9258</run_address>
         <size>0xd6</size>
         <input_file_ref idref="fl-14c"/>
      </object_component>
      <object_component id="oc-2a9">
         <name>.debug_info</name>
         <load_address>0x932e</load_address>
         <run_address>0x932e</run_address>
         <size>0x211</size>
         <input_file_ref idref="fl-14c"/>
      </object_component>
      <object_component id="oc-275">
         <name>.debug_info</name>
         <load_address>0x953f</load_address>
         <run_address>0x953f</run_address>
         <size>0x162</size>
         <input_file_ref idref="fl-14d"/>
      </object_component>
      <object_component id="oc-304">
         <name>.debug_info</name>
         <load_address>0x96a1</load_address>
         <run_address>0x96a1</run_address>
         <size>0xf3</size>
         <input_file_ref idref="fl-14e"/>
      </object_component>
      <object_component id="oc-2af">
         <name>.debug_info</name>
         <load_address>0x9794</load_address>
         <run_address>0x9794</run_address>
         <size>0x13a</size>
         <input_file_ref idref="fl-14e"/>
      </object_component>
      <object_component id="oc-326">
         <name>.debug_info</name>
         <load_address>0x98ce</load_address>
         <run_address>0x98ce</run_address>
         <size>0x111</size>
         <input_file_ref idref="fl-14f"/>
      </object_component>
      <object_component id="oc-2f4">
         <name>.debug_info</name>
         <load_address>0x99df</load_address>
         <run_address>0x99df</run_address>
         <size>0x192</size>
         <input_file_ref idref="fl-14f"/>
      </object_component>
      <object_component id="oc-346">
         <name>.debug_info</name>
         <load_address>0x9b71</load_address>
         <run_address>0x9b71</run_address>
         <size>0x86</size>
         <input_file_ref idref="fl-14f"/>
      </object_component>
      <object_component id="oc-31f">
         <name>.debug_info</name>
         <load_address>0x9bf7</load_address>
         <run_address>0x9bf7</run_address>
         <size>0xfb</size>
         <input_file_ref idref="fl-150"/>
      </object_component>
      <object_component id="oc-2ec">
         <name>.debug_info</name>
         <load_address>0x9cf2</load_address>
         <run_address>0x9cf2</run_address>
         <size>0x173</size>
         <input_file_ref idref="fl-150"/>
      </object_component>
      <object_component id="oc-2fa">
         <name>.debug_info</name>
         <load_address>0x9e65</load_address>
         <run_address>0x9e65</run_address>
         <size>0x153</size>
         <input_file_ref idref="fl-151"/>
      </object_component>
      <object_component id="oc-323">
         <name>.debug_info</name>
         <load_address>0x9fb8</load_address>
         <run_address>0x9fb8</run_address>
         <size>0x1b5</size>
         <input_file_ref idref="fl-152"/>
      </object_component>
      <object_component id="oc-32e">
         <name>.debug_info</name>
         <load_address>0xa16d</load_address>
         <run_address>0xa16d</run_address>
         <size>0xd6</size>
         <input_file_ref idref="fl-153"/>
      </object_component>
      <object_component id="oc-36c">
         <name>.debug_info</name>
         <load_address>0xa243</load_address>
         <run_address>0xa243</run_address>
         <size>0x13e</size>
         <input_file_ref idref="fl-154"/>
      </object_component>
      <object_component id="oc-354">
         <name>.debug_info</name>
         <load_address>0xa381</load_address>
         <run_address>0xa381</run_address>
         <size>0x10e</size>
         <input_file_ref idref="fl-154"/>
      </object_component>
      <object_component id="oc-328">
         <name>.debug_info</name>
         <load_address>0xa48f</load_address>
         <run_address>0xa48f</run_address>
         <size>0x16f</size>
         <input_file_ref idref="fl-154"/>
      </object_component>
      <object_component id="oc-367">
         <name>.debug_info</name>
         <load_address>0xa5fe</load_address>
         <run_address>0xa5fe</run_address>
         <size>0x6f</size>
         <input_file_ref idref="fl-154"/>
      </object_component>
      <object_component id="oc-364">
         <name>.debug_info</name>
         <load_address>0xa66d</load_address>
         <run_address>0xa66d</run_address>
         <size>0xfd</size>
         <input_file_ref idref="fl-155"/>
      </object_component>
      <object_component id="oc-34e">
         <name>.debug_info</name>
         <load_address>0xa76a</load_address>
         <run_address>0xa76a</run_address>
         <size>0x154</size>
         <input_file_ref idref="fl-155"/>
      </object_component>
      <object_component id="oc-375">
         <name>.debug_info</name>
         <load_address>0xa8be</load_address>
         <run_address>0xa8be</run_address>
         <size>0x2c</size>
         <input_file_ref idref="fl-155"/>
      </object_component>
      <object_component id="oc-372">
         <name>.debug_info</name>
         <load_address>0xa8ea</load_address>
         <run_address>0xa8ea</run_address>
         <size>0x11d</size>
         <input_file_ref idref="fl-156"/>
      </object_component>
      <object_component id="oc-36f">
         <name>.debug_info</name>
         <load_address>0xaa07</load_address>
         <run_address>0xaa07</run_address>
         <size>0xdb</size>
         <input_file_ref idref="fl-156"/>
      </object_component>
      <object_component id="oc-35e">
         <name>.debug_info</name>
         <load_address>0xaae2</load_address>
         <run_address>0xaae2</run_address>
         <size>0x16a</size>
         <input_file_ref idref="fl-156"/>
      </object_component>
      <object_component id="oc-341">
         <name>.debug_info</name>
         <load_address>0xac4c</load_address>
         <run_address>0xac4c</run_address>
         <size>0xc6</size>
         <input_file_ref idref="fl-157"/>
      </object_component>
      <object_component id="oc-31a">
         <name>.debug_info</name>
         <load_address>0xad12</load_address>
         <run_address>0xad12</run_address>
         <size>0x14d</size>
         <input_file_ref idref="fl-157"/>
      </object_component>
      <object_component id="oc-210">
         <name>.debug_info</name>
         <load_address>0xae5f</load_address>
         <run_address>0xae5f</run_address>
         <size>0x186</size>
         <input_file_ref idref="fl-158"/>
      </object_component>
      <object_component id="oc-20a">
         <name>.debug_info</name>
         <load_address>0xafe5</load_address>
         <run_address>0xafe5</run_address>
         <size>0x1c2</size>
         <input_file_ref idref="fl-158"/>
      </object_component>
      <object_component id="oc-1e7">
         <name>.debug_info</name>
         <load_address>0xb1a7</load_address>
         <run_address>0xb1a7</run_address>
         <size>0x201</size>
         <input_file_ref idref="fl-158"/>
      </object_component>
      <object_component id="oc-109">
         <name>.debug_info</name>
         <load_address>0xb3a8</load_address>
         <run_address>0xb3a8</run_address>
         <size>0x20c</size>
         <input_file_ref idref="fl-158"/>
      </object_component>
      <object_component id="oc-103">
         <name>.debug_info</name>
         <load_address>0xb5b4</load_address>
         <run_address>0xb5b4</run_address>
         <size>0x1e3</size>
         <input_file_ref idref="fl-158"/>
      </object_component>
      <object_component id="oc-131">
         <name>.debug_info</name>
         <load_address>0xb797</load_address>
         <run_address>0xb797</run_address>
         <size>0x1e1</size>
         <input_file_ref idref="fl-158"/>
      </object_component>
      <object_component id="oc-115">
         <name>.debug_info</name>
         <load_address>0xb978</load_address>
         <run_address>0xb978</run_address>
         <size>0x22c</size>
         <input_file_ref idref="fl-158"/>
      </object_component>
      <object_component id="oc-137">
         <name>.debug_info</name>
         <load_address>0xbba4</load_address>
         <run_address>0xbba4</run_address>
         <size>0x1d3</size>
         <input_file_ref idref="fl-158"/>
      </object_component>
      <object_component id="oc-11b">
         <name>.debug_info</name>
         <load_address>0xbd77</load_address>
         <run_address>0xbd77</run_address>
         <size>0x1f8</size>
         <input_file_ref idref="fl-158"/>
      </object_component>
      <object_component id="oc-252">
         <name>.debug_info</name>
         <load_address>0xbf6f</load_address>
         <run_address>0xbf6f</run_address>
         <size>0x1a7</size>
         <input_file_ref idref="fl-159"/>
      </object_component>
      <object_component id="oc-1be">
         <name>.debug_info</name>
         <load_address>0xc116</load_address>
         <run_address>0xc116</run_address>
         <size>0x1aa</size>
         <input_file_ref idref="fl-159"/>
      </object_component>
      <object_component id="oc-d9">
         <name>.debug_info</name>
         <load_address>0xc2c0</load_address>
         <run_address>0xc2c0</run_address>
         <size>0x1a0</size>
         <input_file_ref idref="fl-159"/>
      </object_component>
      <object_component id="oc-d3">
         <name>.debug_info</name>
         <load_address>0xc460</load_address>
         <run_address>0xc460</run_address>
         <size>0x1d2</size>
         <input_file_ref idref="fl-159"/>
      </object_component>
      <object_component id="oc-202">
         <name>.debug_info</name>
         <load_address>0xc632</load_address>
         <run_address>0xc632</run_address>
         <size>0x21c</size>
         <input_file_ref idref="fl-159"/>
      </object_component>
      <object_component id="oc-df">
         <name>.debug_info</name>
         <load_address>0xc84e</load_address>
         <run_address>0xc84e</run_address>
         <size>0x1c3</size>
         <input_file_ref idref="fl-159"/>
      </object_component>
      <object_component id="oc-315">
         <name>.debug_info</name>
         <load_address>0xca11</load_address>
         <run_address>0xca11</run_address>
         <size>0xf4</size>
         <input_file_ref idref="fl-15a"/>
      </object_component>
      <object_component id="oc-2de">
         <name>.debug_info</name>
         <load_address>0xcb05</load_address>
         <run_address>0xcb05</run_address>
         <size>0x102</size>
         <input_file_ref idref="fl-15a"/>
      </object_component>
      <object_component id="oc-260">
         <name>.debug_info</name>
         <load_address>0xcc07</load_address>
         <run_address>0xcc07</run_address>
         <size>0x1e3</size>
         <input_file_ref idref="fl-15a"/>
      </object_component>
      <object_component id="oc-25a">
         <name>.debug_info</name>
         <load_address>0xcdea</load_address>
         <run_address>0xcdea</run_address>
         <size>0x231</size>
         <input_file_ref idref="fl-15a"/>
      </object_component>
      <object_component id="oc-1ed">
         <name>.debug_info</name>
         <load_address>0xd01b</load_address>
         <run_address>0xd01b</run_address>
         <size>0x1f8</size>
         <input_file_ref idref="fl-15a"/>
      </object_component>
      <object_component id="oc-1f3">
         <name>.debug_info</name>
         <load_address>0xd213</load_address>
         <run_address>0xd213</run_address>
         <size>0x1fa</size>
         <input_file_ref idref="fl-15a"/>
      </object_component>
      <object_component id="oc-1e1">
         <name>.debug_info</name>
         <load_address>0xd40d</load_address>
         <run_address>0xd40d</run_address>
         <size>0x246</size>
         <input_file_ref idref="fl-15a"/>
      </object_component>
      <object_component id="oc-256">
         <name>.debug_info</name>
         <load_address>0xd653</load_address>
         <run_address>0xd653</run_address>
         <size>0x204</size>
         <input_file_ref idref="fl-15b"/>
      </object_component>
      <object_component id="oc-1fa">
         <name>.debug_info</name>
         <load_address>0xd857</load_address>
         <run_address>0xd857</run_address>
         <size>0x10b</size>
         <input_file_ref idref="fl-15b"/>
      </object_component>
      <object_component id="oc-1da">
         <name>.debug_info</name>
         <load_address>0xd962</load_address>
         <run_address>0xd962</run_address>
         <size>0x1ca</size>
         <input_file_ref idref="fl-15b"/>
      </object_component>
      <object_component id="oc-f1">
         <name>.debug_info</name>
         <load_address>0xdb2c</load_address>
         <run_address>0xdb2c</run_address>
         <size>0x20f</size>
         <input_file_ref idref="fl-15b"/>
      </object_component>
      <object_component id="oc-1d4">
         <name>.debug_info</name>
         <load_address>0xdd3b</load_address>
         <run_address>0xdd3b</run_address>
         <size>0x211</size>
         <input_file_ref idref="fl-15b"/>
      </object_component>
      <object_component id="oc-16d">
         <name>.debug_info</name>
         <load_address>0xdf4c</load_address>
         <run_address>0xdf4c</run_address>
         <size>0x23a</size>
         <input_file_ref idref="fl-15b"/>
      </object_component>
      <object_component id="oc-1ce">
         <name>.debug_info</name>
         <load_address>0xe186</load_address>
         <run_address>0xe186</run_address>
         <size>0x1e4</size>
         <input_file_ref idref="fl-15b"/>
      </object_component>
      <object_component id="oc-e5">
         <name>.debug_info</name>
         <load_address>0xe36a</load_address>
         <run_address>0xe36a</run_address>
         <size>0x256</size>
         <input_file_ref idref="fl-15b"/>
      </object_component>
      <object_component id="oc-1c2">
         <name>.debug_info</name>
         <load_address>0xe5c0</load_address>
         <run_address>0xe5c0</run_address>
         <size>0x1e3</size>
         <input_file_ref idref="fl-15b"/>
      </object_component>
      <object_component id="oc-1c8">
         <name>.debug_info</name>
         <load_address>0xe7a3</load_address>
         <run_address>0xe7a3</run_address>
         <size>0x1f8</size>
         <input_file_ref idref="fl-15b"/>
      </object_component>
      <object_component id="oc-208">
         <name>.debug_info</name>
         <load_address>0xe99b</load_address>
         <run_address>0xe99b</run_address>
         <size>0x187</size>
         <input_file_ref idref="fl-15c"/>
      </object_component>
      <object_component id="oc-fd">
         <name>.debug_info</name>
         <load_address>0xeb22</load_address>
         <run_address>0xeb22</run_address>
         <size>0x1d3</size>
         <input_file_ref idref="fl-15c"/>
      </object_component>
      <object_component id="oc-143">
         <name>.debug_info</name>
         <load_address>0xecf5</load_address>
         <run_address>0xecf5</run_address>
         <size>0x1d5</size>
         <input_file_ref idref="fl-15c"/>
      </object_component>
      <object_component id="oc-f7">
         <name>.debug_info</name>
         <load_address>0xeeca</load_address>
         <run_address>0xeeca</run_address>
         <size>0x1dd</size>
         <input_file_ref idref="fl-15c"/>
      </object_component>
      <object_component id="oc-13d">
         <name>.debug_info</name>
         <load_address>0xf0a7</load_address>
         <run_address>0xf0a7</run_address>
         <size>0x1de</size>
         <input_file_ref idref="fl-15c"/>
      </object_component>
      <object_component id="oc-10f">
         <name>.debug_info</name>
         <load_address>0xf285</load_address>
[...]
         <value>0x20005a59</value>
         <object_component_ref idref="oc-cc"/>
      </symbol>
      <symbol id="sm-db">
         <name>Error</name>
         <value>0x200058e3</value>
         <object_component_ref idref="oc-cc"/>
      </symbol>
      <symbol id="sm-dc">
         <name>InitTerm</name>
         <value>0x20005899</value>
         <object_component_ref idref="oc-cc"/>
      </symbol>
      <symbol id="sm-dd">
         <name>ClearTerm</name>
         <value>0x200058d9</value>
         <object_component_ref idref="oc-cc"/>
      </symbol>
      <symbol id="sm-de">
         <name>TrimSpace</name>
         <value>0x200059c1</value>
         <object_component_ref idref="oc-cc"/>
      </symbol>
      <symbol id="sm-f0">
         <name>_c_int00</name>
         <value>0x20006e7d</value>
         <object_component_ref idref="oc-24"/>
      </symbol>
      <symbol id="sm-f1">
         <name>__stack</name>
         <value>0x2002f000</value>
         <object_component_ref idref="oc-29"/>
      </symbol>
      <symbol id="sm-108">
         <name>__TI_decompress_none</name>
         <value>0x20007639</value>
         <object_component_ref idref="oc-12"/>
      </symbol>
      <symbol id="sm-130">
         <name>__TI_decompress_rle24</name>
         <value>0x20007671</value>
         <object_component_ref idref="oc-18"/>
      </symbol>
      <symbol id="sm-142">
         <name>__TI_zero_init</name>
         <value>0x20007655</value>
         <object_component_ref idref="oc-1e"/>
      </symbol>
      <symbol id="sm-161">
         <name>C$$EXIT</name>
         <value>0x20007039</value>
         <object_component_ref idref="oc-6d"/>
      </symbol>
      <symbol id="sm-162">
         <name>abort</name>
         <value>0x2000703d</value>
         <object_component_ref idref="oc-6d"/>
      </symbol>
      <symbol id="sm-163">
         <name>exit</name>
         <value>0x20007045</value>
         <object_component_ref idref="oc-6d"/>
      </symbol>
      <symbol id="sm-164">
         <name>__TI_dtors_ptr</name>
         <value>0x20017950</value>
         <object_component_ref idref="oc-aa"/>
      </symbol>
      <symbol id="sm-165">
         <name>__TI_cleanup_ptr</name>
         <value>0x2001794c</value>
         <object_component_ref idref="oc-aa"/>
      </symbol>
      <symbol id="sm-17c">
         <name>__aeabi_dmul</name>
         <value>0x20006441</value>
         <object_component_ref idref="oc-126"/>
      </symbol>
      <symbol id="sm-189">
         <name>__aeabi_d2uiz</name>
         <value>0x2000707d</value>
         <object_component_ref idref="oc-12b"/>
      </symbol>
      <symbol id="sm-1a4">
         <name>memcpy</name>
         <value>0x200066a5</value>
         <object_component_ref idref="oc-36"/>
      </symbol>
      <symbol id="sm-1a5">
         <name>__aeabi_memcpy</name>
         <value>0x200066a5</value>
         <object_component_ref idref="oc-36"/>
      </symbol>
      <symbol id="sm-1a6">
         <name>__aeabi_memcpy8</name>
         <value>0x200066a5</value>
         <object_component_ref idref="oc-36"/>
      </symbol>
      <symbol id="sm-1a7">
         <name>__aeabi_memcpy4</name>
         <value>0x200066a5</value>
         <object_component_ref idref="oc-36"/>
      </symbol>
      <symbol id="sm-1b7">
         <name>memmove</name>
         <value>0x200073a9</value>
         <object_component_ref idref="oc-196"/>
      </symbol>
      <symbol id="sm-22e">
         <name>_sys_memory</name>
         <value>0x20017000</value>
         <object_component_ref idref="oc-2a"/>
      </symbol>
      <symbol id="sm-22f">
         <name>free</name>
         <value>0x200055b3</value>
         <object_component_ref idref="oc-19c"/>
      </symbol>
      <symbol id="sm-230">
         <name>realloc</name>
         <value>0x20005675</value>
         <object_component_ref idref="oc-19c"/>
      </symbol>
      <symbol id="sm-231">
         <name>memalign</name>
         <value>0x20005781</value>
         <object_component_ref idref="oc-19c"/>
      </symbol>
      <symbol id="sm-232">
         <name>calloc</name>
         <value>0x20005865</value>
         <object_component_ref idref="oc-19c"/>
      </symbol>
      <symbol id="sm-233">
         <name>malloc</name>
         <value>0x2000554b</value>
         <object_component_ref idref="oc-19c"/>
      </symbol>
      <symbol id="sm-234">
         <name>minit</name>
         <value>0x200054bd</value>
         <object_component_ref idref="oc-19c"/>
      </symbol>
      <symbol id="sm-243">
         <name>__aeabi_memset</name>
         <value>0x20006a75</value>
         <object_component_ref idref="oc-4f"/>
      </symbol>
      <symbol id="sm-244">
         <name>memset</name>
         <value>0x20006a7b</value>
         <object_component_ref idref="oc-4f"/>
      </symbol>
      <symbol id="sm-245">
         <name>__aeabi_memset8</name>
         <value>0x20006a75</value>
         <object_component_ref idref="oc-4f"/>
      </symbol>
      <symbol id="sm-246">
         <name>__aeabi_memset4</name>
         <value>0x20006a75</value>
         <object_component_ref idref="oc-4f"/>
      </symbol>
      <symbol id="sm-247">
         <name>__aeabi_memclr8</name>
         <value>0x20006a73</value>
         <object_component_ref idref="oc-4f"/>
      </symbol>
      <symbol id="sm-248">
         <name>__aeabi_memclr4</name>
         <value>0x20006a73</value>
         <object_component_ref idref="oc-4f"/>
      </symbol>
      <symbol id="sm-249">
         <name>__aeabi_memclr</name>
         <value>0x20006a73</value>
         <object_component_ref idref="oc-4f"/>
      </symbol>
      <symbol id="sm-253">
         <name>_system_pre_init</name>
         <value>0x20007677</value>
         <object_component_ref idref="oc-5b"/>
      </symbol>
      <symbol id="sm-25b">
         <name>main_func_sp</name>
         <value>0x20017960</value>
         <object_component_ref idref="oc-73"/>
      </symbol>
      <symbol id="sm-269">
         <name>strlen</name>
         <value>0x20007625</value>
         <object_component_ref idref="oc-190"/>
      </symbol>
      <symbol id="sm-275">
         <name>__aeabi_ui2d</name>
         <value>0x2000740d</value>
         <object_component_ref idref="oc-121"/>
      </symbol>
      <symbol id="sm-296">
         <name>vsnprintf</name>
         <value>0x2000685d</value>
         <object_component_ref idref="oc-17e"/>
      </symbol>
      <symbol id="sm-2af">
         <name>_nop</name>
         <value>0x2000761f</value>
         <object_component_ref idref="oc-157"/>
      </symbol>
      <symbol id="sm-2b0">
         <name>_lock</name>
         <value>0x20017944</value>
         <object_component_ref idref="oc-a7"/>
      </symbol>
      <symbol id="sm-2b1">
         <name>_unlock</name>
         <value>0x20017948</value>
         <object_component_ref idref="oc-a7"/>
      </symbol>
      <symbol id="sm-2b2">
         <name>_register_lock</name>
         <value>0x20007617</value>
         <object_component_ref idref="oc-157"/>
      </symbol>
      <symbol id="sm-2b3">
         <name>_register_unlock</name>
         <value>0x20007611</value>
         <object_component_ref idref="oc-157"/>
      </symbol>
      <symbol id="sm-3b8">
         <name>__TI_printfi</name>
         <value>0x200051b5</value>
         <object_component_ref idref="oc-231"/>
      </symbol>
      <symbol id="sm-3cd">
         <name>_args_main</name>
         <value>0x20007579</value>
         <object_component_ref idref="oc-67"/>
      </symbol>
      <symbol id="sm-3e3">
         <name>atoi</name>
         <value>0x20006ecd</value>
         <object_component_ref idref="oc-2ba"/>
      </symbol>
      <symbol id="sm-409">
         <name>__TI_auto_init</name>
         <value>0x20006c41</value>
         <object_component_ref idref="oc-61"/>
      </symbol>
      <symbol id="sm-423">
         <name>copy_in</name>
         <value>0x20006f19</value>
         <object_component_ref idref="oc-97"/>
      </symbol>
      <symbol id="sm-42e">
         <name>_ctypes_</name>
         <value>0x20007680</value>
         <object_component_ref idref="oc-307"/>
      </symbol>
      <symbol id="sm-452">
         <name>__aeabi_dsub</name>
         <value>0x20005f11</value>
         <object_component_ref idref="oc-297"/>
      </symbol>
      <symbol id="sm-453">
         <name>__aeabi_dadd</name>
         <value>0x20005f1b</value>
         <object_component_ref idref="oc-297"/>
      </symbol>
      <symbol id="sm-47a">
         <name>__aeabi_cdcmpeq</name>
         <value>0x200068e5</value>
         <object_component_ref idref="oc-278"/>
      </symbol>
      <symbol id="sm-47b">
         <name>__aeabi_cdcmple</name>
         <value>0x200068e5</value>
         <object_component_ref idref="oc-278"/>
      </symbol>
      <symbol id="sm-47c">
         <name>__aeabi_cdrcmple</name>
         <value>0x2000696b</value>
         <object_component_ref idref="oc-282"/>
      </symbol>
      <symbol id="sm-49c">
         <name>__aeabi_ddiv</name>
         <value>0x200060c7</value>
         <object_component_ref idref="oc-27d"/>
      </symbol>
      <symbol id="sm-4aa">
         <name>__aeabi_d2iz</name>
         <value>0x20006fad</value>
         <object_component_ref idref="oc-287"/>
      </symbol>
      <symbol id="sm-4b7">
         <name>frexp</name>
         <value>0x20007331</value>
         <object_component_ref idref="oc-29c"/>
      </symbol>
      <symbol id="sm-4c3">
         <name>__aeabi_i2d</name>
         <value>0x200072a9</value>
         <object_component_ref idref="oc-292"/>
      </symbol>
      <symbol id="sm-4d4">
         <name>ldexp</name>
         <value>0x20006e2b</value>
         <object_component_ref idref="oc-2a2"/>
      </symbol>
      <symbol id="sm-4e3">
         <name>ltoa</name>
         <value>0x20006dd5</value>
         <object_component_ref idref="oc-28c"/>
      </symbol>
      <symbol id="sm-4f3">
         <name>memccpy</name>
         <value>0x200074dd</value>
         <object_component_ref idref="oc-2b4"/>
      </symbol>
      <symbol id="sm-503">
         <name>strchr</name>
         <value>0x200075bd</value>
         <object_component_ref idref="oc-2a8"/>
      </symbol>
      <symbol id="sm-52d">
         <name>__aeabi_uldivmod</name>
         <value>0x20005d1d</value>
         <object_component_ref idref="oc-273"/>
      </symbol>
      <symbol id="sm-53b">
         <name>_Dclass</name>
         <value>0x20007249</value>
         <object_component_ref idref="oc-2ae"/>
      </symbol>
      <symbol id="sm-55c">
         <name>_Dscale</name>
         <value>0x20006331</value>
         <object_component_ref idref="oc-2f3"/>
      </symbol>
      <symbol id="sm-570">
         <name>_Dunscale</name>
         <value>0x20006d17</value>
         <object_component_ref idref="oc-2eb"/>
      </symbol>
      <symbol id="sm-57f">
         <name>_Feraise</name>
         <value>0x20007279</value>
         <object_component_ref idref="oc-2f9"/>
      </symbol>
      <symbol id="sm-58f">
         <name>_Rteps</name>
         <value>0x20017910</value>
         <object_component_ref idref="oc-322"/>
      </symbol>
      <symbol id="sm-590">
         <name>_Zero</name>
         <value>0x20017928</value>
         <object_component_ref idref="oc-322"/>
      </symbol>
      <symbol id="sm-591">
         <name>_Hugeval</name>
         <value>0x200178d0</value>
         <object_component_ref idref="oc-322"/>
      </symbol>
      <symbol id="sm-592">
         <name>_Snan</name>
         <value>0x20017900</value>
         <object_component_ref idref="oc-322"/>
      </symbol>
      <symbol id="sm-593">
         <name>_Nan</name>
         <value>0x200178f0</value>
         <object_component_ref idref="oc-322"/>
      </symbol>
      <symbol id="sm-594">
         <name>_Inf</name>
         <value>0x200178e0</value>
         <object_component_ref idref="oc-322"/>
      </symbol>
      <symbol id="sm-595">
         <name>_Xbig</name>
         <value>0x20017920</value>
         <object_component_ref idref="oc-322"/>
      </symbol>
      <symbol id="sm-596">
         <name>_Eps</name>
         <value>0x200178c0</value>
         <object_component_ref idref="oc-322"/>
      </symbol>
      <symbol id="sm-597">
         <name>_Denorm</name>
         <value>0x200178b0</value>
         <object_component_ref idref="oc-322"/>
      </symbol>
      <symbol id="sm-59f">
         <name>_Errno</name>
         <value>0x2001795c</value>
         <object_component_ref idref="oc-32d"/>
      </symbol>
      <symbol id="sm-5bd">
         <name>feraiseexcept</name>
         <value>0x200071b5</value>
         <object_component_ref idref="oc-327"/>
      </symbol>
      <symbol id="sm-5be">
         <name>_Tls_setup__Fenv</name>
         <value>0x20017958</value>
         <object_component_ref idref="oc-353"/>
      </symbol>
      <symbol id="sm-5bf">
         <name>_Fenv</name>
         <value>0x20017954</value>
         <object_component_ref idref="oc-353"/>
      </symbol>
      <symbol id="sm-5d3">
         <name>raise</name>
         <value>0x200072d7</value>
         <object_component_ref idref="oc-34d"/>
      </symbol>
      <symbol id="sm-5ed">
         <name>signal</name>
         <value>0x20007101</value>
         <object_component_ref idref="oc-35d"/>
      </symbol>
      <symbol id="sm-602">
         <name>_Dnorm</name>
         <value>0x2000653d</value>
         <object_component_ref idref="oc-318"/>
      </symbol>
      <symbol id="sm-658">
         <name>GPIOIntRegister</name>
         <value>0x2000742d</value>
         <object_component_ref idref="oc-114"/>
      </symbol>
      <symbol id="sm-659">
         <name>GPIOIntEnable</name>
         <value>0x200074f9</value>
         <object_component_ref idref="oc-102"/>
      </symbol>
      <symbol id="sm-65a">
         <name>GPIOIntTypeSet</name>
         <value>0x200069f1</value>
         <object_component_ref idref="oc-108"/>
      </symbol>
      <symbol id="sm-65b">
         <name>GPIOIntClear</name>
         <value>0x200075e7</value>
         <object_component_ref idref="oc-130"/>
      </symbol>
      <symbol id="sm-65c">
         <name>GPIOPinRead</name>
         <value>0x20007547</value>
         <object_component_ref idref="oc-136"/>
      </symbol>
      <symbol id="sm-65d">
         <name>GPIODirModeSet</name>
         <value>0x2000717d</value>
         <object_component_ref idref="oc-1e6"/>
      </symbol>
      <symbol id="sm-65e">
         <name>GPIOPinWrite</name>
         <value>0x200073cd</value>
         <object_component_ref idref="oc-11a"/>
      </symbol>
      <symbol id="sm-69f">
         <name>IntVTableBaseSet</name>
         <value>0x200075fd</value>
         <object_component_ref idref="oc-d2"/>
      </symbol>
      <symbol id="sm-6a0">
         <name>IntEnable</name>
         <value>0x200065fd</value>
         <object_component_ref idref="oc-de"/>
      </symbol>
      <symbol id="sm-6a1">
         <name>IntRegister</name>
         <value>0x200073ed</value>
         <object_component_ref idref="oc-201"/>
      </symbol>
      <symbol id="sm-6a2">
         <name>IntMasterEnable</name>
         <value>0x20007661</value>
         <object_component_ref idref="oc-d8"/>
      </symbol>
      <symbol id="sm-6e1">
         <name>PinTypeUART</name>
         <value>0x2000752d</value>
         <object_component_ref idref="oc-1ec"/>
      </symbol>
      <symbol id="sm-6e2">
         <name>PinTypeTimer</name>
         <value>0x20007513</value>
         <object_component_ref idref="oc-1f2"/>
      </symbol>
      <symbol id="sm-6e3">
         <name>PinTypeGPIO</name>
         <value>0x200071e9</value>
         <object_component_ref idref="oc-1e0"/>
      </symbol>
      <symbol id="sm-6e4">
         <name>PinConfigSet</name>
         <value>0x200067d5</value>
         <object_component_ref idref="oc-259"/>
      </symbol>
      <symbol id="sm-6e5">
         <name>PinModeSet</name>
         <value>0x200070c1</value>
         <object_component_ref idref="oc-25f"/>
      </symbol>
      <symbol id="sm-767">
         <name>PRCMPeripheralReset</name>
         <value>0x20006d7d</value>
         <object_component_ref idref="oc-1cd"/>
      </symbol>
      <symbol id="sm-768">
         <name>PRCMPeripheralClkEnable</name>
         <value>0x20007141</value>
         <object_component_ref idref="oc-f0"/>
      </symbol>
      <symbol id="sm-769">
         <name>PRCMPeripheralClockGet</name>
         <value>0x20006741</value>
         <object_component_ref idref="oc-16c"/>
      </symbol>
      <symbol id="sm-76a">
         <name>PRCMCC3200MCUInit</name>
         <value>0x200061fd</value>
         <object_component_ref idref="oc-e4"/>
      </symbol>
      <symbol id="sm-76b">
         <name>PRCMHIBRegWrite</name>
         <value>0x200075a7</value>
         <object_component_ref idref="oc-1c7"/>
      </symbol>
      <symbol id="sm-76c">
         <name>PRCMSysResetCauseGet</name>
         <value>0x20007305</value>
         <object_component_ref idref="oc-1d9"/>
      </symbol>
      <symbol id="sm-76d">
         <name>PRCMPeripheralClkDisable</name>
         <value>0x2000735d</value>
         <object_component_ref idref="oc-1d3"/>
      </symbol>
      <symbol id="sm-76e">
         <name>PRCMHIBRegRead</name>
         <value>0x20007591</value>
         <object_component_ref idref="oc-1c1"/>
      </symbol>
      <symbol id="sm-7aa">
         <name>TimerDisable</name>
         <value>0x2000744b</value>
         <object_component_ref idref="oc-142"/>
      </symbol>
      <symbol id="sm-7ab">
         <name>TimerIntRegister</name>
         <value>0x20006b65</value>
         <object_component_ref idref="oc-10e"/>
      </symbol>
      <symbol id="sm-7ac">
         <name>TimerEnable</name>
         <value>0x20007469</value>
         <object_component_ref idref="oc-fc"/>
      </symbol>
      <symbol id="sm-7ad">
         <name>TimerValueGet</name>
         <value>0x200074a5</value>
         <object_component_ref idref="oc-13c"/>
      </symbol>
      <symbol id="sm-7ae">
         <name>TimerConfigure</name>
         <value>0x20006ff5</value>
         <object_component_ref idref="oc-f6"/>
      </symbol>
      <symbol id="sm-7ea">
         <name>UARTConfigSetExpClk</name>
         <value>0x20006aed</value>
         <object_component_ref idref="oc-172"/>
      </symbol>
      <symbol id="sm-7eb">
         <name>UARTDisable</name>
         <value>0x20007219</value>
         <object_component_ref idref="oc-223"/>
      </symbol>
      <symbol id="sm-7ec">
         <name>UARTCharsAvail</name>
         <value>0x2000755f</value>
         <object_component_ref idref="oc-184"/>
      </symbol>
      <symbol id="sm-7ed">
         <name>UARTCharGetNonBlocking</name>
         <value>0x200074c1</value>
         <object_component_ref idref="oc-18a"/>
      </symbol>
      <symbol id="sm-7ee">
         <name>UARTCharPut</name>
         <value>0x20007487</value>
         <object_component_ref idref="oc-178"/>
      </symbol>
      <symbol id="sm-7ef">
         <name>UARTEnable</name>
         <value>0x20007385</value>
         <object_component_ref idref="oc-229"/>
      </symbol>
      <symbol id="sm-7f3">
         <name>UtilsDelay</name>
         <value>0x2000766b</value>
         <object_component_ref idref="oc-120"/>
      </symbol>
      <symbol id="sm-7fd">
         <name>CPUcpsie</name>
         <value>0x200075d3</value>
         <object_component_ref idref="oc-1b1"/>
      </symbol>
      <symbol id="sm-7ff">
         <name>__TI_static_base__</name>
         <value>0x200079b8</value>
      </symbol>
      <symbol id="sm-802">
         <name>SHT$$INIT_ARRAY$$Limit</name>
         <value>0x0</value>
      </symbol>
      <symbol id="sm-803">
         <name>SHT$$INIT_ARRAY$$Base</name>
         <value>0x0</value>
      </symbol>
   </symbol_table>
   <title>Link successful</title>
</link_info>
