<?xml version="1.0" encoding="ISO-8859-1" ?>
<link_info>
   <banner>TI ARM Linker PC v18.1.1.LTS</banner>
   <copyright>Copyright (c) 1996-2017 Texas Instruments Incorporated</copyright>
   <link_time>0x5af4ce42</link_time>
   <link_errors>0x0</link_errors>
   <output_file>lab2_Neo.out</output_file>
   <entry_point>
      <name>_c_int00_noargs</name>
      <address>0x20008a4d</address>
   </entry_point>
   <input_file_list>
      <input_file id="fl-2">
         <path>.\</path>
         <kind>object</kind>
         <file>Adafruit_GFX.obj</file>
         <name>Adafruit_GFX.obj</name>
      </input_file>
      <input_file id="fl-3">
         <path>.\</path>
         <kind>object</kind>
         <file>Adafruit_OLED.obj</file>
         <name>Adafruit_OLED.obj</name>
      </input_file>
      <input_file id="fl-4">
         <path>.\</path>
         <kind>object</kind>
         <file>i2c_if.obj</file>
         <name>i2c_if.obj</name>
      </input_file>
      <input_file id="fl-5">
         <path>.\</path>
         <kind>object</kind>
         <file>main.obj</file>
         <name>main.obj</name>
      </input_file>
      <input_file id="fl-6">
         <path>.\</path>
         <kind>object</kind>
         <file>pin_mux_config.obj</file>
         <name>pin_mux_config.obj</name>
      </input_file>
      <input_file id="fl-7">
         <path>.\</path>
         <kind>object</kind>
         <file>startup_ccs.obj</file>
         <name>startup_ccs.obj</name>
      </input_file>
      <input_file id="fl-8">
         <path>.\</path>
         <kind>object</kind>
         <file>uart_if.obj</file>
         <name>uart_if.obj</name>
      </input_file>
      <input_file id="fl-d">
         <kind>object</kind>
         <file>&lt;internal&gt;</file>
         <name>&lt;internal&gt;</name>
      </input_file>
      <input_file id="fl-c3">
         <path>C:\ti\ccsv8\tools\compiler\ti-cgt-arm_18.1.1.LTS\lib\</path>
         <kind>archive</kind>
         <file>rtsv7M4_T_le_eabi.lib</file>
         <name>copy_zero_init.c.obj</name>
      </input_file>
      <input_file id="fl-c4">
         <path>C:\ti\ccsv8\tools\compiler\ti-cgt-arm_18.1.1.LTS\lib\</path>
         <kind>archive</kind>
         <file>rtsv7M4_T_le_eabi.lib</file>
         <name>copy_decompress_none.c.obj</name>
      </input_file>
      <input_file id="fl-c5">
         <path>C:\ti\ccsv8\tools\compiler\ti-cgt-arm_18.1.1.LTS\lib\</path>
         <kind>archive</kind>
         <file>rtsv7M4_T_le_eabi.lib</file>
         <name>copy_decompress_lzss.c.obj</name>
      </input_file>
      <input_file id="fl-c6">
         <path>C:\ti\ccsv8\tools\compiler\ti-cgt-arm_18.1.1.LTS\lib\</path>
         <kind>archive</kind>
         <file>rtsv7M4_T_le_eabi.lib</file>
         <name>boot_cortex_m.c.obj</name>
      </input_file>
      <input_file id="fl-c7">
         <path>C:\ti\ccsv8\tools\compiler\ti-cgt-arm_18.1.1.LTS\lib\</path>
         <kind>archive</kind>
         <file>rtsv7M4_T_le_eabi.lib</file>
         <name>exit.c.obj</name>
      </input_file>
      <input_file id="fl-c8">
         <path>C:\ti\ccsv8\tools\compiler\ti-cgt-arm_18.1.1.LTS\lib\</path>
         <kind>archive</kind>
         <file>rtsv7M4_T_le_eabi.lib</file>
         <name>memory.c.obj</name>
      </input_file>
      <input_file id="fl-c9">
         <path>C:\ti\ccsv8\tools\compiler\ti-cgt-arm_18.1.1.LTS\lib\</path>
         <kind>archive</kind>
         <file>rtsv7M4_T_le_eabi.lib</file>
         <name>_lock.c.obj</name>
      </input_file>
      <input_file id="fl-ca">
         <path>C:\ti\ccsv8\tools\compiler\ti-cgt-arm_18.1.1.LTS\lib\</path>
         <kind>archive</kind>
         <file>rtsv7M4_T_le_eabi.lib</file>
         <name>args_main.c.obj</name>
      </input_file>
      <input_file id="fl-cb">
         <path>C:\ti\ccsv8\tools\compiler\ti-cgt-arm_18.1.1.LTS\lib\</path>
         <kind>archive</kind>
         <file>rtsv7M4_T_le_eabi.lib</file>
         <name>memmov.c.obj</name>
      </input_file>
      <input_file id="fl-cc">
         <path>C:\ti\ccsv8\tools\compiler\ti-cgt-arm_18.1.1.LTS\lib\</path>
         <kind>archive</kind>
         <file>rtsv7M4_T_le_eabi.lib</file>
         <name>strlen.c.obj</name>
      </input_file>
      <input_file id="fl-cd">
         <path>C:\ti\ccsv8\tools\compiler\ti-cgt-arm_18.1.1.LTS\lib\</path>
         <kind>archive</kind>
         <file>rtsv7M4_T_le_eabi.lib</file>
         <name>vsnprintf.c.obj</name>
      </input_file>
      <input_file id="fl-ce">
         <path>C:\ti\ccsv8\tools\compiler\ti-cgt-arm_18.1.1.LTS\lib\</path>
         <kind>archive</kind>
         <file>rtsv7M4_T_le_eabi.lib</file>
         <name>memcpy_t2.asm.obj</name>
      </input_file>
      <input_file id="fl-cf">
         <path>C:\ti\ccsv8\tools\compiler\ti-cgt-arm_18.1.1.LTS\lib\</path>
         <kind>archive</kind>
         <file>rtsv7M4_T_le_eabi.lib</file>
         <name>memset_t2.asm.obj</name>
      </input_file>
      <input_file id="fl-d0">
         <path>C:\ti\ccsv8\tools\compiler\ti-cgt-arm_18.1.1.LTS\lib\</path>
         <kind>archive</kind>
         <file>rtsv7M4_T_le_eabi.lib</file>
         <name>autoinit.c.obj</name>
      </input_file>
      <input_file id="fl-d1">
         <path>C:\ti\ccsv8\tools\compiler\ti-cgt-arm_18.1.1.LTS\lib\</path>
         <kind>archive</kind>
         <file>rtsv7M4_T_le_eabi.lib</file>
         <name>pre_init.c.obj</name>
      </input_file>
      <input_file id="fl-d2">
         <path>C:\ti\ccsv8\tools\compiler\ti-cgt-arm_18.1.1.LTS\lib\</path>
         <kind>archive</kind>
         <file>rtsv7M4_T_le_eabi.lib</file>
         <name>cpy_tbl.c.obj</name>
      </input_file>
      <input_file id="fl-d3">
         <path>C:\ti\ccsv8\tools\compiler\ti-cgt-arm_18.1.1.LTS\lib\</path>
         <kind>archive</kind>
         <file>rtsv7M4_T_le_eabi.lib</file>
         <name>_printfi.c.obj</name>
      </input_file>
      <input_file id="fl-d4">
         <path>C:\ti\ccsv8\tools\compiler\ti-cgt-arm_18.1.1.LTS\lib\</path>
         <kind>archive</kind>
         <file>rtsv7M4_T_le_eabi.lib</file>
         <name>atoi.c.obj</name>
      </input_file>
      <input_file id="fl-d5">
         <path>C:\ti\ccsv8\tools\compiler\ti-cgt-arm_18.1.1.LTS\lib\</path>
         <kind>archive</kind>
         <file>rtsv7M4_T_le_eabi.lib</file>
         <name>ctype.c.obj</name>
      </input_file>
      <input_file id="fl-d6">
         <path>C:\ti\ccsv8\tools\compiler\ti-cgt-arm_18.1.1.LTS\lib\</path>
         <kind>archive</kind>
         <file>rtsv7M4_T_le_eabi.lib</file>
         <name>ltoa.c.obj</name>
      </input_file>
      <input_file id="fl-d7">
         <path>C:\ti\ccsv8\tools\compiler\ti-cgt-arm_18.1.1.LTS\lib\</path>
         <kind>archive</kind>
         <file>rtsv7M4_T_le_eabi.lib</file>
         <name>memccpy.c.obj</name>
      </input_file>
      <input_file id="fl-d8">
         <path>C:\ti\ccsv8\tools\compiler\ti-cgt-arm_18.1.1.LTS\lib\</path>
         <kind>archive</kind>
         <file>rtsv7M4_T_le_eabi.lib</file>
         <name>strchr.c.obj</name>
      </input_file>
      <input_file id="fl-d9">
         <path>C:\ti\ccsv8\tools\compiler\ti-cgt-arm_18.1.1.LTS\lib\</path>
         <kind>archive</kind>
         <file>rtsv7M4_T_le_eabi.lib</file>
         <name>s_frexp.c.obj</name>
      </input_file>
      <input_file id="fl-da">
         <path>C:\ti\ccsv8\tools\compiler\ti-cgt-arm_18.1.1.LTS\lib\</path>
         <kind>archive</kind>
         <file>rtsv7M4_T_le_eabi.lib</file>
         <name>s_scalbn.c.obj</name>
      </input_file>
      <input_file id="fl-db">
         <path>C:\ti\ccsv8\tools\compiler\ti-cgt-arm_18.1.1.LTS\lib\</path>
         <kind>archive</kind>
         <file>rtsv7M4_T_le_eabi.lib</file>
         <name>s_copysign.c.obj</name>
      </input_file>
      <input_file id="fl-dc">
         <path>C:\ti\ccsv8\tools\compiler\ti-cgt-arm_18.1.1.LTS\lib\</path>
         <kind>archive</kind>
         <file>rtsv7M4_T_le_eabi.lib</file>
         <name>wcslen.c.obj</name>
      </input_file>
      <input_file id="fl-dd">
         <path>C:\ti\ccsv8\tools\compiler\ti-cgt-arm_18.1.1.LTS\lib\</path>
         <kind>archive</kind>
         <file>rtsv7M4_T_le_eabi.lib</file>
         <name>fd_add_t2.asm.obj</name>
      </input_file>
      <input_file id="fl-de">
         <path>C:\ti\ccsv8\tools\compiler\ti-cgt-arm_18.1.1.LTS\lib\</path>
         <kind>archive</kind>
         <file>rtsv7M4_T_le_eabi.lib</file>
         <name>fd_cmp_t2.asm.obj</name>
      </input_file>
      <input_file id="fl-df">
         <path>C:\ti\ccsv8\tools\compiler\ti-cgt-arm_18.1.1.LTS\lib\</path>
         <kind>archive</kind>
         <file>rtsv7M4_T_le_eabi.lib</file>
         <name>fd_div_t2.asm.obj</name>
      </input_file>
      <input_file id="fl-e0">
         <path>C:\ti\ccsv8\tools\compiler\ti-cgt-arm_18.1.1.LTS\lib\</path>
         <kind>archive</kind>
         <file>rtsv7M4_T_le_eabi.lib</file>
         <name>fd_mul_t2.asm.obj</name>
      </input_file>
      <input_file id="fl-e1">
         <path>C:\ti\ccsv8\tools\compiler\ti-cgt-arm_18.1.1.LTS\lib\</path>
         <kind>archive</kind>
         <file>rtsv7M4_T_le_eabi.lib</file>
         <name>fd_toi_t2.asm.obj</name>
      </input_file>
      <input_file id="fl-e2">
         <path>C:\ti\ccsv8\tools\compiler\ti-cgt-arm_18.1.1.LTS\lib\</path>
         <kind>archive</kind>
         <file>rtsv7M4_T_le_eabi.lib</file>
         <name>i_tofd_t2.asm.obj</name>
      </input_file>
      <input_file id="fl-e3">
         <path>C:\ti\ccsv8\tools\compiler\ti-cgt-arm_18.1.1.LTS\lib\</path>
         <kind>archive</kind>
         <file>rtsv7M4_T_le_eabi.lib</file>
         <name>ull_div_t2.asm.obj</name>
      </input_file>
      <input_file id="fl-e4">
         <path>C:\ti\ccsv8\tools\compiler\ti-cgt-arm_18.1.1.LTS\lib\</path>
         <kind>archive</kind>
         <file>rtsv7M4_T_le_eabi.lib</file>
         <name>errno.c.obj</name>
      </input_file>
      <input_file id="fl-e5">
         <path>C:\ti\ccsv8\tools\compiler\ti-cgt-arm_18.1.1.LTS\lib\</path>
         <kind>archive</kind>
         <file>rtsv7M4_T_le_eabi.lib</file>
         <name>div0.asm.obj</name>
      </input_file>
      <input_file id="fl-e6">
         <path>C:\ti\CC3200SDK_1.3.0\cc3200-sdk\driverlib\ccs\Release\</path>
         <kind>archive</kind>
         <file>driverlib.a</file>
         <name>gpio.obj</name>
      </input_file>
      <input_file id="fl-e7">
         <path>C:\ti\CC3200SDK_1.3.0\cc3200-sdk\driverlib\ccs\Release\</path>
         <kind>archive</kind>
         <file>driverlib.a</file>
         <name>i2c.obj</name>
      </input_file>
      <input_file id="fl-e8">
         <path>C:\ti\CC3200SDK_1.3.0\cc3200-sdk\driverlib\ccs\Release\</path>
         <kind>archive</kind>
         <file>driverlib.a</file>
         <name>interrupt.obj</name>
      </input_file>
      <input_file id="fl-e9">
         <path>C:\ti\CC3200SDK_1.3.0\cc3200-sdk\driverlib\ccs\Release\</path>
         <kind>archive</kind>
         <file>driverlib.a</file>
         <name>pin.obj</name>
      </input_file>
      <input_file id="fl-ea">
         <path>C:\ti\CC3200SDK_1.3.0\cc3200-sdk\driverlib\ccs\Release\</path>
         <kind>archive</kind>
         <file>driverlib.a</file>
         <name>prcm.obj</name>
      </input_file>
      <input_file id="fl-eb">
         <path>C:\ti\CC3200SDK_1.3.0\cc3200-sdk\driverlib\ccs\Release\</path>
         <kind>archive</kind>
         <file>driverlib.a</file>
         <name>spi.obj</name>
      </input_file>
      <input_file id="fl-ec">
         <path>C:\ti\CC3200SDK_1.3.0\cc3200-sdk\driverlib\ccs\Release\</path>
         <kind>archive</kind>
         <file>driverlib.a</file>
         <name>uart.obj</name>
      </input_file>
      <input_file id="fl-ed">
         <path>C:\ti\CC3200SDK_1.3.0\cc3200-sdk\driverlib\ccs\Release\</path>
         <kind>archive</kind>
         <file>driverlib.a</file>
         <name>utils.obj</name>
      </input_file>
      <input_file id="fl-ee">
         <path>C:\ti\CC3200SDK_1.3.0\cc3200-sdk\driverlib\ccs\Release\</path>
         <kind>archive</kind>
         <file>driverlib.a</file>
         <name>cpu.obj</name>
      </input_file>
      <input_file id="fl-ef">
         <path>C:\ti\CC3200SDK_1.3.0\cc3200-sdk\driverlib\ccs\Release\</path>
         <kind>archive</kind>
         <file>driverlib.a</file>
         <name>flash.obj</name>
      </input_file>
   </input_file_list>
   <object_component_list>
      <object_component id="oc-f">
         <name>.intvecs</name>
         <load_address>0x20004000</load_address>
         <run_address>0x20004000</run_address>
         <size>0x400</size>
         <input_file_ref idref="fl-7"/>
      </object_component>
      <object_component id="oc-c8">
         <name>.text</name>
         <load_address>0x20004400</load_address>
         <run_address>0x20004400</run_address>
         <size>0xa94</size>
         <input_file_ref idref="fl-2"/>
      </object_component>
      <object_component id="oc-94">
         <name>.text</name>
         <load_address>0x20004e94</load_address>
         <run_address>0x20004e94</run_address>
         <size>0xa70</size>
         <input_file_ref idref="fl-5"/>
      </object_component>
      <object_component id="oc-2dd">
         <name>.text:__TI_printfi</name>
         <load_address>0x20005904</load_address>
         <run_address>0x20005904</run_address>
         <size>0xa4a</size>
         <input_file_ref idref="fl-d3"/>
      </object_component>
      <object_component id="oc-32b">
         <name>.text:_nop</name>
         <load_address>0x2000634e</load_address>
         <run_address>0x2000634e</run_address>
         <size>0x2</size>
         <input_file_ref idref="fl-c9"/>
      </object_component>
      <object_component id="oc-c2">
         <name>.text</name>
         <load_address>0x20006350</load_address>
         <run_address>0x20006350</run_address>
         <size>0x4aa</size>
         <input_file_ref idref="fl-3"/>
      </object_component>
      <object_component id="oc-437">
         <name>.text</name>
         <load_address>0x200067fa</load_address>
         <run_address>0x200067fa</run_address>
         <size>0x2</size>
         <input_file_ref idref="fl-e5"/>
      </object_component>
      <object_component id="oc-ec">
         <name>.text</name>
         <load_address>0x200067fc</load_address>
         <run_address>0x200067fc</run_address>
         <size>0x284</size>
         <input_file_ref idref="fl-4"/>
      </object_component>
      <object_component id="oc-f8">
         <name>.text</name>
         <load_address>0x20006a80</load_address>
         <run_address>0x20006a80</run_address>
         <size>0x280</size>
         <input_file_ref idref="fl-8"/>
      </object_component>
      <object_component id="oc-378">
         <name>.text:_pconv_a</name>
         <load_address>0x20006d00</load_address>
         <run_address>0x20006d00</run_address>
         <size>0x268</size>
         <input_file_ref idref="fl-d3"/>
      </object_component>
      <object_component id="oc-366">
         <name>.text:_pconv_g</name>
         <load_address>0x20006f68</load_address>
         <run_address>0x20006f68</run_address>
         <size>0x1cc</size>
         <input_file_ref idref="fl-d3"/>
      </object_component>
      <object_component id="oc-3e5">
         <name>.text</name>
         <load_address>0x20007134</load_address>
         <run_address>0x20007134</run_address>
         <size>0x1b6</size>
         <input_file_ref idref="fl-dd"/>
      </object_component>
      <object_component id="oc-e0">
         <name>.text:PRCMCC3200MCUInit</name>
         <load_address>0x200072ec</load_address>
         <run_address>0x200072ec</run_address>
         <size>0x178</size>
         <input_file_ref idref="fl-ea"/>
      </object_component>
      <object_component id="oc-372">
         <name>.text:_pconv_e</name>
         <load_address>0x20007464</load_address>
         <run_address>0x20007464</run_address>
         <size>0x13c</size>
         <input_file_ref idref="fl-d3"/>
      </object_component>
      <object_component id="oc-3cb">
         <name>.text</name>
         <load_address>0x200075a0</load_address>
         <run_address>0x200075a0</run_address>
         <size>0x136</size>
         <input_file_ref idref="fl-df"/>
      </object_component>
      <object_component id="oc-3f7">
         <name>.text:fcvt</name>
         <load_address>0x200076d8</load_address>
         <run_address>0x200076d8</run_address>
         <size>0x120</size>
         <input_file_ref idref="fl-d3"/>
      </object_component>
      <object_component id="oc-244">
         <name>.text:realloc</name>
         <load_address>0x200077f8</load_address>
         <run_address>0x200077f8</run_address>
         <size>0x114</size>
         <input_file_ref idref="fl-c8"/>
      </object_component>
      <object_component id="oc-e6">
         <name>.text</name>
         <load_address>0x2000790c</load_address>
         <run_address>0x2000790c</run_address>
         <size>0x110</size>
         <input_file_ref idref="fl-6"/>
      </object_component>
      <object_component id="oc-3c6">
         <name>.text</name>
         <load_address>0x20007a1c</load_address>
         <run_address>0x20007a1c</run_address>
         <size>0xfc</size>
         <input_file_ref idref="fl-e0"/>
      </object_component>
      <object_component id="oc-24a">
         <name>.text:free</name>
         <load_address>0x20007b18</load_address>
         <run_address>0x20007b18</run_address>
         <size>0xd8</size>
         <input_file_ref idref="fl-c8"/>
      </object_component>
      <object_component id="oc-40b">
         <name>.text:scalbn</name>
         <load_address>0x20007bf0</load_address>
         <run_address>0x20007bf0</run_address>
         <size>0xd0</size>
         <input_file_ref idref="fl-da"/>
      </object_component>
      <object_component id="oc-35b">
         <name>.text:_ltostr</name>
         <load_address>0x20007cc0</load_address>
         <run_address>0x20007cc0</run_address>
         <size>0xb1</size>
         <input_file_ref idref="fl-d3"/>
      </object_component>
      <object_component id="oc-da">
         <name>.text:IntEnable</name>
         <load_address>0x20007d74</load_address>
         <run_address>0x20007d74</run_address>
         <size>0xa8</size>
         <input_file_ref idref="fl-e8"/>
      </object_component>
      <object_component id="oc-110">
         <name>.text:SPIConfigSetExpClk</name>
         <load_address>0x20007e1c</load_address>
         <run_address>0x20007e1c</run_address>
         <size>0xa0</size>
         <input_file_ref idref="fl-eb"/>
      </object_component>
      <object_component id="oc-3a">
         <name>.text</name>
         <load_address>0x20007ebc</load_address>
         <run_address>0x20007ebc</run_address>
         <size>0x9c</size>
         <input_file_ref idref="fl-ce"/>
      </object_component>
      <object_component id="oc-3bf">
         <name>.text</name>
         <load_address>0x20007f58</load_address>
         <run_address>0x20007f58</run_address>
         <size>0x96</size>
         <input_file_ref idref="fl-e3"/>
      </object_component>
      <object_component id="oc-10a">
         <name>.text:PRCMPeripheralClockGet</name>
         <load_address>0x20007ff0</load_address>
         <run_address>0x20007ff0</run_address>
         <size>0x94</size>
         <input_file_ref idref="fl-ea"/>
      </object_component>
      <object_component id="oc-2a2">
         <name>.text:PinConfigSet</name>
         <load_address>0x20008084</load_address>
         <run_address>0x20008084</run_address>
         <size>0x88</size>
         <input_file_ref idref="fl-e9"/>
      </object_component>
      <object_component id="oc-361">
         <name>.text:__aeabi_cdcmple</name>
         <load_address>0x2000810c</load_address>
         <run_address>0x2000810c</run_address>
         <size>0x86</size>
         <input_file_ref idref="fl-de"/>
      </object_component>
      <object_component id="oc-3d0">
         <name>.text:__aeabi_cdrcmple</name>
         <load_address>0x20008192</load_address>
         <run_address>0x20008192</run_address>
         <size>0x86</size>
         <input_file_ref idref="fl-de"/>
      </object_component>
      <object_component id="oc-203">
         <name>.text:I2CMasterInitExpClk</name>
         <load_address>0x20008218</load_address>
         <run_address>0x20008218</run_address>
         <size>0x84</size>
         <input_file_ref idref="fl-e7"/>
      </object_component>
      <object_component id="oc-88">
         <name>.text</name>
         <load_address>0x2000829c</load_address>
         <run_address>0x2000829c</run_address>
         <size>0x7a</size>
         <input_file_ref idref="fl-cf"/>
      </object_component>
      <object_component id="oc-23e">
         <name>.text:malloc</name>
         <load_address>0x20008318</load_address>
         <run_address>0x20008318</run_address>
         <size>0x78</size>
         <input_file_ref idref="fl-c8"/>
      </object_component>
      <object_component id="oc-214">
         <name>.text:UARTConfigSetExpClk</name>
         <load_address>0x20008390</load_address>
         <run_address>0x20008390</run_address>
         <size>0x76</size>
         <input_file_ref idref="fl-ec"/>
      </object_component>
      <object_component id="oc-3f0">
         <name>.text:_mcpy</name>
         <load_address>0x20008406</load_address>
         <run_address>0x20008406</run_address>
         <size>0x6e</size>
         <input_file_ref idref="fl-d3"/>
      </object_component>
      <object_component id="oc-12">
         <name>.text:decompress:lzss:__TI_decompress_lzss</name>
         <load_address>0x20008474</load_address>
         <run_address>0x20008474</run_address>
         <size>0x68</size>
         <input_file_ref idref="fl-c5"/>
      </object_component>
      <object_component id="oc-405">
         <name>.text:frexp</name>
         <load_address>0x200084dc</load_address>
         <run_address>0x200084dc</run_address>
         <size>0x5c</size>
         <input_file_ref idref="fl-d9"/>
      </object_component>
      <object_component id="oc-fe">
         <name>.text:PRCMPeripheralReset</name>
         <load_address>0x20008538</load_address>
         <run_address>0x20008538</run_address>
         <size>0x58</size>
         <input_file_ref idref="fl-ea"/>
      </object_component>
      <object_component id="oc-36c">
         <name>.text:_pconv_f</name>
         <load_address>0x20008590</load_address>
         <run_address>0x20008590</run_address>
         <size>0x56</size>
         <input_file_ref idref="fl-d3"/>
      </object_component>
      <object_component id="oc-3da">
         <name>.text:ltoa</name>
         <load_address>0x200085e6</load_address>
         <run_address>0x200085e6</run_address>
         <size>0x54</size>
         <input_file_ref idref="fl-d6"/>
      </object_component>
      <object_component id="oc-3ea">
         <name>.text:_ecpy</name>
         <load_address>0x2000863a</load_address>
         <run_address>0x2000863a</run_address>
         <size>0x52</size>
         <input_file_ref idref="fl-d3"/>
      </object_component>
      <object_component id="oc-355">
         <name>.text:atoi</name>
         <load_address>0x2000868c</load_address>
         <run_address>0x2000868c</run_address>
         <size>0x4c</size>
         <input_file_ref idref="fl-d4"/>
      </object_component>
      <object_component id="oc-3d5">
         <name>.text</name>
         <load_address>0x200086d8</load_address>
         <run_address>0x200086d8</run_address>
         <size>0x48</size>
         <input_file_ref idref="fl-e1"/>
      </object_component>
      <object_component id="oc-130">
         <name>.text:__TI_auto_init_nobinit_nopinit:__TI_auto_init_nobinit_nopinit</name>
         <load_address>0x20008720</load_address>
         <run_address>0x20008720</run_address>
         <size>0x44</size>
         <input_file_ref idref="fl-d0"/>
      </object_component>
      <object_component id="oc-1ae">
         <name>.text:PinModeSet</name>
         <load_address>0x20008764</load_address>
         <run_address>0x20008764</run_address>
         <size>0x40</size>
         <input_file_ref idref="fl-e9"/>
      </object_component>
      <object_component id="oc-220">
         <name>.text:vsnprintf</name>
         <load_address>0x200087a4</load_address>
         <run_address>0x200087a4</run_address>
         <size>0x40</size>
         <input_file_ref idref="fl-cd"/>
      </object_component>
      <object_component id="oc-3fd">
         <name>.text:_fcpy</name>
         <load_address>0x200087e4</load_address>
         <run_address>0x200087e4</run_address>
         <size>0x3e</size>
         <input_file_ref idref="fl-d3"/>
      </object_component>
      <object_component id="oc-f2">
         <name>.text:PRCMPeripheralClkEnable</name>
         <load_address>0x20008824</load_address>
         <run_address>0x20008824</run_address>
         <size>0x3c</size>
         <input_file_ref idref="fl-ea"/>
      </object_component>
      <object_component id="oc-30d">
         <name>.text:minsert</name>
         <load_address>0x20008860</load_address>
         <run_address>0x20008860</run_address>
         <size>0x3c</size>
         <input_file_ref idref="fl-c8"/>
      </object_component>
      <object_component id="oc-301">
         <name>.text:minit</name>
         <load_address>0x2000889c</load_address>
         <run_address>0x2000889c</run_address>
         <size>0x38</size>
         <input_file_ref idref="fl-c8"/>
      </object_component>
      <object_component id="oc-1ba">
         <name>.text:GPIODirModeSet</name>
         <load_address>0x200088d4</load_address>
         <run_address>0x200088d4</run_address>
         <size>0x36</size>
         <input_file_ref idref="fl-e6"/>
      </object_component>
      <object_component id="oc-1b4">
         <name>.text:PinTypeGPIO</name>
         <load_address>0x2000890a</load_address>
         <run_address>0x2000890a</run_address>
         <size>0x30</size>
         <input_file_ref idref="fl-e9"/>
      </object_component>
      <object_component id="oc-2cf">
         <name>.text:UARTDisable</name>
         <load_address>0x2000893c</load_address>
         <run_address>0x2000893c</run_address>
         <size>0x30</size>
         <input_file_ref idref="fl-ec"/>
      </object_component>
      <object_component id="oc-2e3">
         <name>.text:_outs</name>
         <load_address>0x2000896c</load_address>
         <run_address>0x2000896c</run_address>
         <size>0x30</size>
         <input_file_ref idref="fl-cd"/>
      </object_component>
      <object_component id="oc-3e0">
         <name>.text</name>
         <load_address>0x2000899c</load_address>
         <run_address>0x2000899c</run_address>
         <size>0x2e</size>
         <input_file_ref idref="fl-e2"/>
      </object_component>
      <object_component id="oc-1eb">
         <name>.text:I2CMasterErr</name>
         <load_address>0x200089ca</load_address>
         <run_address>0x200089ca</run_address>
         <size>0x2c</size>
         <input_file_ref idref="fl-e7"/>
      </object_component>
      <object_component id="oc-195">
         <name>.text:PRCMSysResetCauseGet</name>
         <load_address>0x200089f8</load_address>
         <run_address>0x200089f8</run_address>
         <size>0x2c</size>
         <input_file_ref idref="fl-ea"/>
      </object_component>
      <object_component id="oc-1a7">
         <name>.text:PRCMPeripheralClkDisable</name>
         <load_address>0x20008a24</load_address>
         <run_address>0x20008a24</run_address>
         <size>0x28</size>
         <input_file_ref idref="fl-ea"/>
      </object_component>
      <object_component id="oc-58">
         <name>.text:_c_int00_noargs:_c_int00_noargs</name>
         <load_address>0x20008a4c</load_address>
         <run_address>0x20008a4c</run_address>
         <size>0x28</size>
         <input_file_ref idref="fl-c6"/>
      </object_component>
      <object_component id="oc-307">
         <name>.text:mremove</name>
         <load_address>0x20008a74</load_address>
         <run_address>0x20008a74</run_address>
         <size>0x28</size>
         <input_file_ref idref="fl-c8"/>
      </object_component>
      <object_component id="oc-2d5">
         <name>.text:UARTEnable</name>
         <load_address>0x20008a9c</load_address>
         <run_address>0x20008a9c</run_address>
         <size>0x24</size>
         <input_file_ref idref="fl-ec"/>
      </object_component>
      <object_component id="oc-238">
         <name>.text:memmove</name>
         <load_address>0x20008ac0</load_address>
         <run_address>0x20008ac0</run_address>
         <size>0x24</size>
         <input_file_ref idref="fl-cb"/>
      </object_component>
      <object_component id="oc-1f1">
         <name>.text:I2CMasterSlaveAddrSet</name>
         <load_address>0x20008ae4</load_address>
         <run_address>0x20008ae4</run_address>
         <size>0x22</size>
         <input_file_ref idref="fl-e7"/>
      </object_component>
      <object_component id="oc-104">
         <name>.text:SPIReset</name>
         <load_address>0x20008b06</load_address>
         <run_address>0x20008b06</run_address>
         <size>0x22</size>
         <input_file_ref idref="fl-eb"/>
      </object_component>
      <object_component id="oc-11c">
         <name>.text:GPIOPinWrite</name>
         <load_address>0x20008b28</load_address>
         <run_address>0x20008b28</run_address>
         <size>0x20</size>
         <input_file_ref idref="fl-e6"/>
      </object_component>
      <object_component id="oc-16e">
         <name>.text:SPIDataGet</name>
         <load_address>0x20008b48</load_address>
         <run_address>0x20008b48</run_address>
         <size>0x20</size>
         <input_file_ref idref="fl-eb"/>
      </object_component>
      <object_component id="oc-1d3">
         <name>.text:I2CMasterIntStatusEx</name>
         <load_address>0x20008b68</load_address>
         <run_address>0x20008b68</run_address>
         <size>0x1e</size>
         <input_file_ref idref="fl-e7"/>
      </object_component>
      <object_component id="oc-168">
         <name>.text:SPIDataPut</name>
         <load_address>0x20008b86</load_address>
         <run_address>0x20008b86</run_address>
         <size>0x1e</size>
         <input_file_ref idref="fl-eb"/>
      </object_component>
      <object_component id="oc-21a">
         <name>.text:UARTCharPut</name>
         <load_address>0x20008ba4</load_address>
         <run_address>0x20008ba4</run_address>
         <size>0x1e</size>
         <input_file_ref idref="fl-ec"/>
      </object_component>
      <object_component id="oc-1cc">
         <name>.text:PinTypeI2C</name>
         <load_address>0x20008bc2</load_address>
         <run_address>0x20008bc2</run_address>
         <size>0x1c</size>
         <input_file_ref idref="fl-e9"/>
      </object_component>
      <object_component id="oc-22c">
         <name>.text:UARTCharGetNonBlocking</name>
         <load_address>0x20008bde</load_address>
         <run_address>0x20008bde</run_address>
         <size>0x1c</size>
         <input_file_ref idref="fl-ec"/>
      </object_component>
      <object_component id="oc-37e">
         <name>.text:memccpy</name>
         <load_address>0x20008bfa</load_address>
         <run_address>0x20008bfa</run_address>
         <size>0x1c</size>
         <input_file_ref idref="fl-d7"/>
      </object_component>
      <object_component id="oc-1c0">
         <name>.text:PinTypeSPI</name>
         <load_address>0x20008c16</load_address>
         <run_address>0x20008c16</run_address>
         <size>0x1a</size>
         <input_file_ref idref="fl-e9"/>
      </object_component>
      <object_component id="oc-1c6">
         <name>.text:PinTypeUART</name>
         <load_address>0x20008c30</load_address>
         <run_address>0x20008c30</run_address>
         <size>0x1a</size>
         <input_file_ref idref="fl-e9"/>
      </object_component>
      <object_component id="oc-174">
         <name>.text:SPICSDisable</name>
         <load_address>0x20008c4a</load_address>
         <run_address>0x20008c4a</run_address>
         <size>0x18</size>
         <input_file_ref idref="fl-eb"/>
      </object_component>
      <object_component id="oc-162">
         <name>.text:SPICSEnable</name>
         <load_address>0x20008c62</load_address>
         <run_address>0x20008c62</run_address>
         <size>0x18</size>
         <input_file_ref idref="fl-eb"/>
      </object_component>
      <object_component id="oc-116">
         <name>.text:SPIEnable</name>
         <load_address>0x20008c7a</load_address>
         <run_address>0x20008c7a</run_address>
         <size>0x18</size>
         <input_file_ref idref="fl-eb"/>
      </object_component>
      <object_component id="oc-226">
         <name>.text:UARTCharsAvail</name>
         <load_address>0x20008c92</load_address>
         <run_address>0x20008c92</run_address>
         <size>0x18</size>
         <input_file_ref idref="fl-ec"/>
      </object_component>
      <object_component id="oc-2e9">
         <name>.text:_outc</name>
         <load_address>0x20008caa</load_address>
         <run_address>0x20008caa</run_address>
         <size>0x18</size>
         <input_file_ref idref="fl-cd"/>
      </object_component>
      <object_component id="oc-1f7">
         <name>.text:I2CMasterDataPut</name>
         <load_address>0x20008cc2</load_address>
         <run_address>0x20008cc2</run_address>
         <size>0x16</size>
         <input_file_ref idref="fl-e7"/>
      </object_component>
      <object_component id="oc-2ba">
         <name>.text:I2CMasterEnable</name>
         <load_address>0x20008cd8</load_address>
         <run_address>0x20008cd8</run_address>
         <size>0x16</size>
         <input_file_ref idref="fl-e7"/>
      </object_component>
      <object_component id="oc-19b">
         <name>.text:PRCMHIBRegRead</name>
         <load_address>0x20008cee</load_address>
         <run_address>0x20008cee</run_address>
         <size>0x16</size>
         <input_file_ref idref="fl-ea"/>
      </object_component>
      <object_component id="oc-1a1">
         <name>.text:PRCMHIBRegWrite</name>
         <load_address>0x20008d04</load_address>
         <run_address>0x20008d04</run_address>
         <size>0x16</size>
         <input_file_ref idref="fl-ea"/>
      </object_component>
      <object_component id="oc-411">
         <name>.text:strchr</name>
         <load_address>0x20008d1a</load_address>
         <run_address>0x20008d1a</run_address>
         <size>0x16</size>
         <input_file_ref idref="fl-d8"/>
      </object_component>
      <object_component id="oc-185">
         <name>.text:CPUcpsie</name>
         <load_address>0x20008d30</load_address>
         <run_address>0x20008d30</run_address>
         <size>0x14</size>
         <input_file_ref idref="fl-ee"/>
      </object_component>
      <object_component id="oc-ce">
         <name>.text:IntVTableBaseSet</name>
         <load_address>0x20008d44</load_address>
         <run_address>0x20008d44</run_address>
         <size>0x14</size>
         <input_file_ref idref="fl-e8"/>
      </object_component>
      <object_component id="oc-232">
         <name>.text:strlen</name>
         <load_address>0x20008d58</load_address>
         <run_address>0x20008d58</run_address>
         <size>0x14</size>
         <input_file_ref idref="fl-cc"/>
      </object_component>
      <object_component id="oc-1e5">
         <name>.text:I2CMasterControl</name>
         <load_address>0x20008d6c</load_address>
         <run_address>0x20008d6c</run_address>
         <size>0x12</size>
         <input_file_ref idref="fl-e7"/>
      </object_component>
      <object_component id="oc-1d9">
         <name>.text:I2CMasterIntClearEx</name>
         <load_address>0x20008d7e</load_address>
         <run_address>0x20008d7e</run_address>
         <size>0x12</size>
         <input_file_ref idref="fl-e7"/>
      </object_component>
      <object_component id="oc-1df">
         <name>.text:I2CMasterTimeoutSet</name>
         <load_address>0x20008d90</load_address>
         <run_address>0x20008d90</run_address>
         <size>0x12</size>
         <input_file_ref idref="fl-e7"/>
      </object_component>
      <object_component id="oc-46">
         <name>.text:decompress:ZI:__TI_zero_init_nomemset:__TI_zero_init_nomemset</name>
         <load_address>0x20008da2</load_address>
         <run_address>0x20008da2</run_address>
         <size>0x12</size>
         <input_file_ref idref="fl-c3"/>
      </object_component>
      <object_component id="oc-384">
         <name>.text:wcslen</name>
         <load_address>0x20008db4</load_address>
         <run_address>0x20008db4</run_address>
         <size>0x12</size>
         <input_file_ref idref="fl-dc"/>
      </object_component>
      <object_component id="oc-1fd">
         <name>.text:I2CMasterDataGet</name>
         <load_address>0x20008dc6</load_address>
         <run_address>0x20008dc6</run_address>
         <size>0xe</size>
         <input_file_ref idref="fl-e7"/>
      </object_component>
      <object_component id="oc-18">
         <name>.text:decompress:none:__TI_decompress_none</name>
         <load_address>0x20008dd4</load_address>
         <run_address>0x20008dd4</run_address>
         <size>0xe</size>
         <input_file_ref idref="fl-c4"/>
      </object_component>
      <object_component id="oc-26">
         <name>.text</name>
         <load_address>0x20008de2</load_address>
         <run_address>0x20008de2</run_address>
         <size>0xe</size>
         <input_file_ref idref="fl-7"/>
      </object_component>
      <object_component id="oc-d4">
         <name>.text:IntMasterEnable</name>
         <load_address>0x20008df0</load_address>
         <run_address>0x20008df0</run_address>
         <size>0xa</size>
         <input_file_ref idref="fl-e8"/>
      </object_component>
      <object_component id="oc-38a">
         <name>.text:__aeabi_errno_addr</name>
         <load_address>0x20008dfc</load_address>
         <run_address>0x20008dfc</run_address>
         <size>0x8</size>
         <input_file_ref idref="fl-e4"/>
      </object_component>
      <object_component id="oc-450">
         <name>.text:copysign</name>
         <load_address>0x20008e04</load_address>
         <run_address>0x20008e04</run_address>
         <size>0x8</size>
         <input_file_ref idref="fl-db"/>
      </object_component>
      <object_component id="oc-29a">
         <name>.text:UtilsDelay</name>
         <load_address>0x20008e0c</load_address>
         <run_address>0x20008e0c</run_address>
         <size>0x6</size>
         <input_file_ref idref="fl-ed"/>
      </object_component>
      <object_component id="oc-8e">
         <name>.text:_system_pre_init</name>
         <load_address>0x20008e12</load_address>
         <run_address>0x20008e12</run_address>
         <size>0x4</size>
         <input_file_ref idref="fl-d1"/>
      </object_component>
      <object_component id="oc-124">
         <name>.text:abort:abort</name>
         <load_address>0x20008e16</load_address>
         <run_address>0x20008e16</run_address>
         <size>0x4</size>
         <input_file_ref idref="fl-c7"/>
      </object_component>
      <object_component id="oc-17c">
         <name>.const:.string:font</name>
         <load_address>0x20008e1c</load_address>
         <run_address>0x20008e1c</run_address>
         <size>0x4fb</size>
         <input_file_ref idref="fl-2"/>
      </object_component>
      <object_component id="oc-3ba">
         <name>.const:.string:_ctypes_</name>
         <load_address>0x20009317</load_address>
         <run_address>0x20009317</run_address>
         <size>0x101</size>
         <input_file_ref idref="fl-d5"/>
      </object_component>
      <object_component id="oc-29e">
         <name>.const:g_ulPinToPadMap</name>
         <load_address>0x20009418</load_address>
         <run_address>0x20009418</run_address>
         <size>0x100</size>
         <input_file_ref idref="fl-e9"/>
      </object_component>
      <object_component id="oc-210">
         <name>.const:PRCM_PeriphRegsList</name>
         <load_address>0x20009518</load_address>
         <run_address>0x20009518</run_address>
         <size>0xa8</size>
         <input_file_ref idref="fl-ea"/>
      </object_component>
      <object_component id="oc-191">
         <name>.const</name>
         <load_address>0x200095c0</load_address>
         <run_address>0x200095c0</run_address>
         <size>0x80</size>
         <input_file_ref idref="fl-e8"/>
      </object_component>
      <object_component id="oc-4a6">
         <name>.cinit..data.load</name>
         <load_address>0x20009640</load_address>
         <run_address>0x20009640</run_address>
         <size>0x27</size>
      </object_component>
      <object_component id="oc-4a4">
         <name>__TI_handler_table</name>
         <load_address>0x20009668</load_address>
         <run_address>0x20009668</run_address>
         <size>0xc</size>
      </object_component>
      <object_component id="oc-4a7">
         <name>.cinit..bss.load</name>
         <load_address>0x20009678</load_address>
         <run_address>0x20009678</run_address>
         <size>0x8</size>
      </object_component>
      <object_component id="oc-4a5">
         <name>__TI_cinit_table</name>
         <load_address>0x20009680</load_address>
         <run_address>0x20009680</run_address>
         <size>0x10</size>
      </object_component>
      <object_component id="oc-17f">
         <name>.data</name>
         <load_address>0x20017800</load_address>
         <run_address>0x20017800</run_address>
         <size>0x15</size>
         <input_file_ref idref="fl-2"/>
      </object_component>
      <object_component id="oc-313">
         <name>.data:$O1$$</name>
         <load_address>0x20017818</load_address>
         <run_address>0x20017818</run_address>
         <size>0xc</size>
         <input_file_ref idref="fl-c8"/>
      </object_component>
      <object_component id="oc-26c">
         <name>.data:$O1$$</name>
         <load_address>0x20017824</load_address>
         <run_address>0x20017824</run_address>
         <size>0x8</size>
         <input_file_ref idref="fl-c9"/>
      </object_component>
      <object_component id="oc-421">
         <name>.data</name>
         <load_address>0x2001782c</load_address>
         <run_address>0x2001782c</run_address>
         <size>0x4</size>
         <input_file_ref idref="fl-e4"/>
      </object_component>
      <object_component id="oc-250">
         <name>.bss</name>
         <uninitialized>true</uninitialized>
         <run_address>0x20017830</run_address>
         <size>0x4</size>
         <input_file_ref idref="fl-8"/>
      </object_component>
      <object_component id="oc-23">
         <name>.sysmem</name>
         <uninitialized>true</uninitialized>
         <run_address>0x20017000</run_address>
         <size>0x8</size>
         <input_file_ref idref="fl-c8"/>
      </object_component>
      <object_component id="oc-4a9">
         <name>.sysmem</name>
         <uninitialized>true</uninitialized>
         <run_address>0x20017000</run_address>
         <size>0x0</size>
      </object_component>
      <object_component id="oc-20">
         <name>.stack</name>
         <uninitialized>true</uninitialized>
         <run_address>0x2002f800</run_address>
         <size>0x4</size>
         <input_file_ref idref="fl-c6"/>
      </object_component>
      <object_component id="oc-4a8">
         <name>.stack</name>
         <uninitialized>true</uninitialized>
         <run_address>0x2002f800</run_address>
         <size>0x0</size>
      </object_component>
      <object_component id="oc-183">
         <name>.debug_info</name>
         <load_address>0x0</load_address>
         <run_address>0x0</run_address>
         <size>0x220</size>
         <input_file_ref idref="fl-2"/>
      </object_component>
      <object_component id="oc-17d">
         <name>.debug_info</name>
         <load_address>0x220</load_address>
         <run_address>0x220</run_address>
         <size>0xd2</size>
         <input_file_ref idref="fl-2"/>
      </object_component>
      <object_component id="oc-180">
         <name>.debug_info</name>
         <load_address>0x2f2</load_address>
         <run_address>0x2f2</run_address>
         <size>0x180</size>
         <input_file_ref idref="fl-2"/>
      </object_component>
      <object_component id="oc-c9">
         <name>.debug_info</name>
         <load_address>0x472</load_address>
         <run_address>0x472</run_address>
         <size>0x14b8</size>
         <input_file_ref idref="fl-2"/>
      </object_component>
      <object_component id="oc-35">
         <name>.debug_info</name>
         <load_address>0x192a</load_address>
         <run_address>0x192a</run_address>
         <size>0x84</size>
         <input_file_ref idref="fl-2"/>
      </object_component>
      <object_component id="oc-17b">
         <name>.debug_info</name>
         <load_address>0x19ae</load_address>
         <run_address>0x19ae</run_address>
         <size>0x21b</size>
         <input_file_ref idref="fl-3"/>
      </object_component>
      <object_component id="oc-c3">
         <name>.debug_info</name>
         <load_address>0x1bc9</load_address>
         <run_address>0x1bc9</run_address>
         <size>0xe61</size>
         <input_file_ref idref="fl-3"/>
      </object_component>
      <object_component id="oc-324">
         <name>.debug_info</name>
         <load_address>0x2a2a</load_address>
         <run_address>0x2a2a</run_address>
         <size>0x62</size>
         <input_file_ref idref="fl-3"/>
      </object_component>
      <object_component id="oc-18c">
         <name>.debug_info</name>
         <load_address>0x2a8c</load_address>
         <run_address>0x2a8c</run_address>
         <size>0x2c</size>
         <input_file_ref idref="fl-3"/>
      </object_component>
      <object_component id="oc-b9">
         <name>.debug_info</name>
         <load_address>0x2ab8</load_address>
         <run_address>0x2ab8</run_address>
         <size>0x2c</size>
         <input_file_ref idref="fl-3"/>
      </object_component>
      <object_component id="oc-20f">
         <name>.debug_info</name>
         <load_address>0x2ae4</load_address>
         <run_address>0x2ae4</run_address>
         <size>0x477</size>
         <input_file_ref idref="fl-4"/>
      </object_component>
      <object_component id="oc-ed">
         <name>.debug_info</name>
         <load_address>0x2f5b</load_address>
         <run_address>0x2f5b</run_address>
         <size>0xbb5</size>
         <input_file_ref idref="fl-4"/>
      </object_component>
      <object_component id="oc-2c8">
         <name>.debug_info</name>
         <load_address>0x3b10</load_address>
         <run_address>0x3b10</run_address>
         <size>0x26b</size>
         <input_file_ref idref="fl-4"/>
      </object_component>
      <object_component id="oc-25a">
         <name>.debug_info</name>
         <load_address>0x3d7b</load_address>
         <run_address>0x3d7b</run_address>
         <size>0x110</size>
         <input_file_ref idref="fl-4"/>
      </object_component>
      <object_component id="oc-20a">
         <name>.debug_info</name>
         <load_address>0x3e8b</load_address>
         <run_address>0x3e8b</run_address>
         <size>0x8b</size>
         <input_file_ref idref="fl-4"/>
      </object_component>
      <object_component id="oc-31d">
         <name>.debug_info</name>
         <load_address>0x3f16</load_address>
         <run_address>0x3f16</run_address>
         <size>0x297</size>
         <input_file_ref idref="fl-4"/>
      </object_component>
      <object_component id="oc-2c3">
         <name>.debug_info</name>
         <load_address>0x41ad</load_address>
         <run_address>0x41ad</run_address>
         <size>0xbb</size>
         <input_file_ref idref="fl-4"/>
      </object_component>
      <object_component id="oc-123">
         <name>.debug_info</name>
         <load_address>0x4268</load_address>
         <run_address>0x4268</run_address>
         <size>0x7ae</size>
         <input_file_ref idref="fl-5"/>
      </object_component>
      <object_component id="oc-97">
         <name>.debug_info</name>
         <load_address>0x4a16</load_address>
         <run_address>0x4a16</run_address>
         <size>0x1338</size>
         <input_file_ref idref="fl-5"/>
      </object_component>
      <object_component id="oc-e8">
         <name>.debug_info</name>
         <load_address>0x5d4e</load_address>
         <run_address>0x5d4e</run_address>
         <size>0x377</size>
         <input_file_ref idref="fl-6"/>
      </object_component>
      <object_component id="oc-2e">
         <name>.debug_info</name>
         <load_address>0x60c5</load_address>
         <run_address>0x60c5</run_address>
         <size>0x190</size>
         <input_file_ref idref="fl-7"/>
      </object_component>
      <object_component id="oc-10">
         <name>.debug_info</name>
         <load_address>0x6255</load_address>
         <run_address>0x6255</run_address>
         <size>0x10f</size>
         <input_file_ref idref="fl-7"/>
      </object_component>
      <object_component id="oc-27">
         <name>.debug_info</name>
         <load_address>0x6364</load_address>
         <run_address>0x6364</run_address>
         <size>0x430</size>
         <input_file_ref idref="fl-7"/>
      </object_component>
      <object_component id="oc-254">
         <name>.debug_info</name>
         <load_address>0x6794</load_address>
         <run_address>0x6794</run_address>
         <size>0x3d5</size>
         <input_file_ref idref="fl-8"/>
      </object_component>
      <object_component id="oc-251">
         <name>.debug_info</name>
         <load_address>0x6b69</load_address>
         <run_address>0x6b69</run_address>
         <size>0x106</size>
         <input_file_ref idref="fl-8"/>
      </object_component>
      <object_component id="oc-f9">
         <name>.debug_info</name>
         <load_address>0x6c6f</load_address>
         <run_address>0x6c6f</run_address>
         <size>0x8e2</size>
         <input_file_ref idref="fl-8"/>
      </object_component>
      <object_component id="oc-255">
         <name>.debug_info</name>
         <load_address>0x7551</load_address>
         <run_address>0x7551</run_address>
         <size>0x2c</size>
         <input_file_ref idref="fl-8"/>
      </object_component>
      <object_component id="oc-87">
         <name>.debug_info</name>
         <load_address>0x757d</load_address>
         <run_address>0x757d</run_address>
         <size>0x1e5</size>
         <input_file_ref idref="fl-c3"/>
      </object_component>
      <object_component id="oc-47">
         <name>.debug_info</name>
         <load_address>0x7762</load_address>
         <run_address>0x7762</run_address>
         <size>0x1b4</size>
         <input_file_ref idref="fl-c3"/>
      </object_component>
      <object_component id="oc-82">
         <name>.debug_info</name>
         <load_address>0x7916</load_address>
         <run_address>0x7916</run_address>
         <size>0x46</size>
         <input_file_ref idref="fl-c3"/>
      </object_component>
      <object_component id="oc-45">
         <name>.debug_info</name>
         <load_address>0x795c</load_address>
         <run_address>0x795c</run_address>
         <size>0x16f</size>
         <input_file_ref idref="fl-c4"/>
      </object_component>
      <object_component id="oc-1c">
         <name>.debug_info</name>
         <load_address>0x7acb</load_address>
         <run_address>0x7acb</run_address>
         <size>0x1df</size>
         <input_file_ref idref="fl-c4"/>
      </object_component>
      <object_component id="oc-40">
         <name>.debug_info</name>
         <load_address>0x7caa</load_address>
         <run_address>0x7caa</run_address>
         <size>0x46</size>
         <input_file_ref idref="fl-c4"/>
      </object_component>
      <object_component id="oc-7a">
         <name>.debug_info</name>
         <load_address>0x7cf0</load_address>
         <run_address>0x7cf0</run_address>
         <size>0x2c</size>
         <input_file_ref idref="fl-c4"/>
      </object_component>
      <object_component id="oc-78">
         <name>.debug_info</name>
         <load_address>0x7d1c</load_address>
         <run_address>0x7d1c</run_address>
         <size>0x165</size>
         <input_file_ref idref="fl-c5"/>
      </object_component>
      <object_component id="oc-13">
         <name>.debug_info</name>
         <load_address>0x7e81</load_address>
         <run_address>0x7e81</run_address>
         <size>0x245</size>
         <input_file_ref idref="fl-c5"/>
      </object_component>
      <object_component id="oc-30">
         <name>.debug_info</name>
         <load_address>0x80c6</load_address>
         <run_address>0x80c6</run_address>
         <size>0x60</size>
         <input_file_ref idref="fl-c5"/>
      </object_component>
      <object_component id="oc-b2">
         <name>.debug_info</name>
         <load_address>0x8126</load_address>
         <run_address>0x8126</run_address>
         <size>0x46</size>
         <input_file_ref idref="fl-c5"/>
      </object_component>
      <object_component id="oc-73">
         <name>.debug_info</name>
         <load_address>0x816c</load_address>
         <run_address>0x816c</run_address>
         <size>0x39</size>
         <input_file_ref idref="fl-c5"/>
      </object_component>
      <object_component id="oc-21">
         <name>.debug_info</name>
         <load_address>0x81a5</load_address>
         <run_address>0x81a5</run_address>
         <size>0x100</size>
         <input_file_ref idref="fl-c6"/>
      </object_component>
      <object_component id="oc-5a">
         <name>.debug_info</name>
         <load_address>0x82a5</load_address>
         <run_address>0x82a5</run_address>
         <size>0x1a4</size>
         <input_file_ref idref="fl-c6"/>
      </object_component>
      <object_component id="oc-126">
         <name>.debug_info</name>
         <load_address>0x8449</load_address>
         <run_address>0x8449</run_address>
         <size>0x117</size>
         <input_file_ref idref="fl-c7"/>
      </object_component>
      <object_component id="oc-6e">
         <name>.debug_info</name>
         <load_address>0x8560</load_address>
         <run_address>0x8560</run_address>
         <size>0x28d</size>
         <input_file_ref idref="fl-c8"/>
      </object_component>
      <object_component id="oc-24">
         <name>.debug_info</name>
         <load_address>0x87ed</load_address>
         <run_address>0x87ed</run_address>
         <size>0x101</size>
         <input_file_ref idref="fl-c8"/>
      </object_component>
      <object_component id="oc-314">
         <name>.debug_info</name>
         <load_address>0x88ee</load_address>
         <run_address>0x88ee</run_address>
         <size>0x14c</size>
         <input_file_ref idref="fl-c8"/>
      </object_component>
      <object_component id="oc-302">
         <name>.debug_info</name>
         <load_address>0x8a3a</load_address>
         <run_address>0x8a3a</run_address>
         <size>0x139</size>
         <input_file_ref idref="fl-c8"/>
      </object_component>
      <object_component id="oc-308">
         <name>.debug_info</name>
         <load_address>0x8b73</load_address>
         <run_address>0x8b73</run_address>
         <size>0x174</size>
         <input_file_ref idref="fl-c8"/>
      </object_component>
      <object_component id="oc-30f">
         <name>.debug_info</name>
         <load_address>0x8ce7</load_address>
         <run_address>0x8ce7</run_address>
         <size>0x172</size>
         <input_file_ref idref="fl-c8"/>
      </object_component>
      <object_component id="oc-240">
         <name>.debug_info</name>
         <load_address>0x8e59</load_address>
         <run_address>0x8e59</run_address>
         <size>0x1db</size>
         <input_file_ref idref="fl-c8"/>
      </object_component>
      <object_component id="oc-24c">
         <name>.debug_info</name>
         <load_address>0x9034</load_address>
         <run_address>0x9034</run_address>
         <size>0x1e6</size>
         <input_file_ref idref="fl-c8"/>
      </object_component>
      <object_component id="oc-246">
         <name>.debug_info</name>
         <load_address>0x921a</load_address>
         <run_address>0x921a</run_address>
         <size>0x27e</size>
         <input_file_ref idref="fl-c8"/>
      </object_component>
      <object_component id="oc-a8">
         <name>.debug_info</name>
         <load_address>0x9498</load_address>
         <run_address>0x9498</run_address>
         <size>0x2c</size>
         <input_file_ref idref="fl-c8"/>
      </object_component>
      <object_component id="oc-ad">
         <name>.debug_info</name>
         <load_address>0x94c4</load_address>
         <run_address>0x94c4</run_address>
         <size>0x62</size>
         <input_file_ref idref="fl-c8"/>
      </object_component>
      <object_component id="oc-333">
         <name>.debug_info</name>
         <load_address>0x9526</load_address>
         <run_address>0x9526</run_address>
         <size>0x190</size>
         <input_file_ref idref="fl-c9"/>
      </object_component>
      <object_component id="oc-26d">
         <name>.debug_info</name>
         <load_address>0x96b6</load_address>
         <run_address>0x96b6</run_address>
         <size>0x113</size>
         <input_file_ref idref="fl-c9"/>
      </object_component>
      <object_component id="oc-32c">
         <name>.debug_info</name>
         <load_address>0x97c9</load_address>
         <run_address>0x97c9</run_address>
         <size>0x123</size>
         <input_file_ref idref="fl-c9"/>
      </object_component>
      <object_component id="oc-300">
         <name>.debug_info</name>
         <load_address>0x98ec</load_address>
         <run_address>0x98ec</run_address>
         <size>0x16c</size>
         <input_file_ref idref="fl-cb"/>
      </object_component>
      <object_component id="oc-239">
         <name>.debug_info</name>
         <load_address>0x9a58</load_address>
         <run_address>0x9a58</run_address>
         <size>0x1ab</size>
         <input_file_ref idref="fl-cb"/>
      </object_component>
      <object_component id="oc-2fe">
         <name>.debug_info</name>
         <load_address>0x9c03</load_address>
         <run_address>0x9c03</run_address>
         <size>0x156</size>
         <input_file_ref idref="fl-cc"/>
      </object_component>
      <object_component id="oc-234">
         <name>.debug_info</name>
         <load_address>0x9d59</load_address>
         <run_address>0x9d59</run_address>
         <size>0x22a</size>
         <input_file_ref idref="fl-cc"/>
      </object_component>
      <object_component id="oc-2f0">
         <name>.debug_info</name>
         <load_address>0x9f83</load_address>
         <run_address>0x9f83</run_address>
         <size>0x207</size>
         <input_file_ref idref="fl-cd"/>
      </object_component>
      <object_component id="oc-221">
         <name>.debug_info</name>
         <load_address>0xa18a</load_address>
         <run_address>0xa18a</run_address>
         <size>0x1fd</size>
         <input_file_ref idref="fl-cd"/>
      </object_component>
      <object_component id="oc-2e4">
         <name>.debug_info</name>
         <load_address>0xa387</load_address>
         <run_address>0xa387</run_address>
         <size>0x1bb</size>
         <input_file_ref idref="fl-cd"/>
      </object_component>
      <object_component id="oc-2ea">
         <name>.debug_info</name>
         <load_address>0xa542</load_address>
         <run_address>0xa542</run_address>
         <size>0x16e</size>
         <input_file_ref idref="fl-cd"/>
      </object_component>
      <object_component id="oc-2f1">
         <name>.debug_info</name>
         <load_address>0xa6b0</load_address>
         <run_address>0xa6b0</run_address>
         <size>0x2c</size>
         <input_file_ref idref="fl-cd"/>
      </object_component>
      <object_component id="oc-2f6">
         <name>.debug_info</name>
         <load_address>0xa6dc</load_address>
         <run_address>0xa6dc</run_address>
         <size>0x69</size>
         <input_file_ref idref="fl-cd"/>
      </object_component>
      <object_component id="oc-3b">
         <name>.debug_info</name>
         <load_address>0xa745</load_address>
         <run_address>0xa745</run_address>
         <size>0x111</size>
         <input_file_ref idref="fl-ce"/>
      </object_component>
      <object_component id="oc-89">
         <name>.debug_info</name>
         <load_address>0xa856</load_address>
         <run_address>0xa856</run_address>
         <size>0x13f</size>
         <input_file_ref idref="fl-cf"/>
      </object_component>
      <object_component id="oc-273">
         <name>.debug_info</name>
         <load_address>0xa995</load_address>
         <run_address>0xa995</run_address>
         <size>0x419</size>
         <input_file_ref idref="fl-d0"/>
      </object_component>
      <object_component id="oc-131">
         <name>.debug_info</name>
         <load_address>0xadae</load_address>
         <run_address>0xadae</run_address>
         <size>0x19b</size>
         <input_file_ref idref="fl-d0"/>
      </object_component>
      <object_component id="oc-339">
         <name>.debug_info</name>
         <load_address>0xaf49</load_address>
         <run_address>0xaf49</run_address>
         <size>0x39</size>
         <input_file_ref idref="fl-d0"/>
      </object_component>
      <object_component id="oc-3ac">
         <name>.debug_info</name>
         <load_address>0xaf82</load_address>
         <run_address>0xaf82</run_address>
         <size>0x39</size>
         <input_file_ref idref="fl-d0"/>
      </object_component>
      <object_component id="oc-33e">
         <name>.debug_info</name>
         <load_address>0xafbb</load_address>
         <run_address>0xafbb</run_address>
         <size>0x39</size>
         <input_file_ref idref="fl-d0"/>
      </object_component>
      <object_component id="oc-343">
         <name>.debug_info</name>
         <load_address>0xaff4</load_address>
         <run_address>0xaff4</run_address>
         <size>0xcd</size>
         <input_file_ref idref="fl-d0"/>
      </object_component>
      <object_component id="oc-8f">
         <name>.debug_info</name>
         <load_address>0xb0c1</load_address>
         <run_address>0xb0c1</run_address>
         <size>0x148</size>
         <input_file_ref idref="fl-d1"/>
      </object_component>
      <object_component id="oc-391">
         <name>.debug_info</name>
         <load_address>0xb209</load_address>
         <run_address>0xb209</run_address>
         <size>0x778</size>
         <input_file_ref idref="fl-d3"/>
      </object_component>
      <object_component id="oc-35e">
         <name>.debug_info</name>
         <load_address>0xb981</load_address>
         <run_address>0xb981</run_address>
         <size>0x213</size>
         <input_file_ref idref="fl-d3"/>
      </object_component>
      <object_component id="oc-3ed">
         <name>.debug_info</name>
         <load_address>0xbb94</load_address>
         <run_address>0xbb94</run_address>
         <size>0x1a8</size>
         <input_file_ref idref="fl-d3"/>
      </object_component>
      <object_component id="oc-3f3">
         <name>.debug_info</name>
         <load_address>0xbd3c</load_address>
         <run_address>0xbd3c</run_address>
         <size>0x210</size>
         <input_file_ref idref="fl-d3"/>
      </object_component>
      <object_component id="oc-369">
         <name>.debug_info</name>
         <load_address>0xbf4c</load_address>
         <run_address>0xbf4c</run_address>
         <size>0x3af</size>
         <input_file_ref idref="fl-d3"/>
      </object_component>
      <object_component id="oc-3fb">
         <name>.debug_info</name>
         <load_address>0xc2fb</load_address>
         <run_address>0xc2fb</run_address>
         <size>0x2fb</size>
         <input_file_ref idref="fl-d3"/>
      </object_component>
      <object_component id="oc-401">
         <name>.debug_info</name>
         <load_address>0xc5f6</load_address>
         <run_address>0xc5f6</run_address>
         <size>0x20a</size>
         <input_file_ref idref="fl-d3"/>
      </object_component>
      <object_component id="oc-370">
         <name>.debug_info</name>
         <load_address>0xc800</load_address>
         <run_address>0xc800</run_address>
         <size>0x21d</size>
         <input_file_ref idref="fl-d3"/>
      </object_component>
      <object_component id="oc-376">
         <name>.debug_info</name>
         <load_address>0xca1d</load_address>
         <run_address>0xca1d</run_address>
         <size>0x2f8</size>
         <input_file_ref idref="fl-d3"/>
      </object_component>
      <object_component id="oc-37c">
         <name>.debug_info</name>
         <load_address>0xcd15</load_address>
         <run_address>0xcd15</run_address>
         <size>0x4a4</size>
         <input_file_ref idref="fl-d3"/>
      </object_component>
      <object_component id="oc-2e1">
         <name>.debug_info</name>
         <load_address>0xd1b9</load_address>
         <run_address>0xd1b9</run_address>
         <size>0x5cd</size>
         <input_file_ref idref="fl-d3"/>
      </object_component>
      <object_component id="oc-392">
         <name>.debug_info</name>
         <load_address>0xd786</load_address>
         <run_address>0xd786</run_address>
         <size>0x86</size>
         <input_file_ref idref="fl-d3"/>
      </object_component>
      <object_component id="oc-428">
         <name>.debug_info</name>
         <load_address>0xd80c</load_address>
         <run_address>0xd80c</run_address>
         <size>0x39</size>
         <input_file_ref idref="fl-d3"/>
      </object_component>
      <object_component id="oc-467">
         <name>.debug_info</name>
         <load_address>0xd845</load_address>
         <run_address>0xd845</run_address>
         <size>0xb6</size>
         <input_file_ref idref="fl-d3"/>
      </object_component>
      <object_component id="oc-42d">
         <name>.debug_info</name>
         <load_address>0xd8fb</load_address>
         <run_address>0xd8fb</run_address>
         <size>0x46</size>
         <input_file_ref idref="fl-d3"/>
      </object_component>
      <object_component id="oc-397">
         <name>.debug_info</name>
         <load_address>0xd941</load_address>
         <run_address>0xd941</run_address>
         <size>0x46</size>
         <input_file_ref idref="fl-d3"/>
      </object_component>
      <object_component id="oc-3be">
         <name>.debug_info</name>
         <load_address>0xd987</load_address>
         <run_address>0xd987</run_address>
         <size>0x180</size>
         <input_file_ref idref="fl-d4"/>
      </object_component>
      <object_component id="oc-356">
         <name>.debug_info</name>
         <load_address>0xdb07</load_address>
         <run_address>0xdb07</run_address>
         <size>0x171</size>
         <input_file_ref idref="fl-d4"/>
      </object_component>
      <object_component id="oc-434">
         <name>.debug_info</name>
         <load_address>0xdc78</load_address>
         <run_address>0xdc78</run_address>
         <size>0xee</size>
         <input_file_ref idref="fl-d5"/>
      </object_component>
      <object_component id="oc-3bb">
         <name>.debug_info</name>
         <load_address>0xdd66</load_address>
         <run_address>0xdd66</run_address>
         <size>0xfa</size>
         <input_file_ref idref="fl-d5"/>
      </object_component>
      <object_component id="oc-442">
         <name>.debug_info</name>
         <load_address>0xde60</load_address>
         <run_address>0xde60</run_address>
         <size>0x162</size>
         <input_file_ref idref="fl-d6"/>
      </object_component>
      <object_component id="oc-3db">
         <name>.debug_info</name>
         <load_address>0xdfc2</load_address>
         <run_address>0xdfc2</run_address>
         <size>0x1c2</size>
         <input_file_ref idref="fl-d6"/>
      </object_component>
      <object_component id="oc-419">
         <name>.debug_info</name>
         <load_address>0xe184</load_address>
         <run_address>0xe184</run_address>
         <size>0x15d</size>
         <input_file_ref idref="fl-d7"/>
      </object_component>
      <object_component id="oc-380">
         <name>.debug_info</name>
         <load_address>0xe2e1</load_address>
         <run_address>0xe2e1</run_address>
         <size>0x1ab</size>
         <input_file_ref idref="fl-d7"/>
      </object_component>
      <object_component id="oc-459">
         <name>.debug_info</name>
         <load_address>0xe48c</load_address>
         <run_address>0xe48c</run_address>
         <size>0x161</size>
         <input_file_ref idref="fl-d8"/>
      </object_component>
      <object_component id="oc-414">
         <name>.debug_info</name>
         <load_address>0xe5ed</load_address>
         <run_address>0xe5ed</run_address>
         <size>0x247</size>
         <input_file_ref idref="fl-d8"/>
      </object_component>
      <object_component id="oc-44a">
         <name>.debug_info</name>
         <load_address>0xe834</load_address>
         <run_address>0xe834</run_address>
         <size>0x15c</size>
         <input_file_ref idref="fl-d9"/>
      </object_component>
      <object_component id="oc-406">
         <name>.debug_info</name>
         <load_address>0xe990</load_address>
         <run_address>0xe990</run_address>
         <size>0x189</size>
         <input_file_ref idref="fl-d9"/>
      </object_component>
      <object_component id="oc-473">
         <name>.debug_info</name>
         <load_address>0xeb19</load_address>
         <run_address>0xeb19</run_address>
         <size>0x39</size>
         <input_file_ref idref="fl-d9"/>
      </object_component>
      <object_component id="oc-44b">
         <name>.debug_info</name>
         <load_address>0xeb52</load_address>
         <run_address>0xeb52</run_address>
         <size>0x2c</size>
         <input_file_ref idref="fl-d9"/>
      </object_component>
      <object_component id="oc-457">
         <name>.debug_info</name>
         <load_address>0xeb7e</load_address>
         <run_address>0xeb7e</run_address>
         <size>0x1bf</size>
         <input_file_ref idref="fl-da"/>
      </object_component>
      <object_component id="oc-40c">
         <name>.debug_info</name>
         <load_address>0xed3d</load_address>
         <run_address>0xed3d</run_address>
         <size>0x1f0</size>
         <input_file_ref idref="fl-da"/>
      </object_component>
      <object_component id="oc-451">
         <name>.debug_info</name>
         <load_address>0xef2d</load_address>
         <run_address>0xef2d</run_address>
         <size>0x154</size>
         <input_file_ref idref="fl-db"/>
      </object_component>
      <object_component id="oc-420">
         <name>.debug_info</name>
         <load_address>0xf081</load_address>
         <run_address>0xf081</run_address>
         <size>0x156</size>
         <input_file_ref idref="fl-dc"/>
      </object_component>
      <object_component id="oc-387">
         <name>.debug_info</name>
         <load_address>0xf1d7</load_address>
         <run_address>0xf1d7</run_address>
         <size>0x14f</size>
         <input_file_ref idref="fl-dc"/>
      </object_component>
      <object_component id="oc-45c">
         <name>.debug_info</name>
         <load_address>0xf326</load_address>
         <run_address>0xf326</run_address>
         <size>0x46</size>
         <input_file_ref idref="fl-dc"/>
      </object_component>
      <object_component id="oc-41b">
         <name>.debug_info</name>
         <load_address>0xf36c</load_address>
         <run_address>0xf36c</run_address>
         <size>0x39</size>
         <input_file_ref idref="fl-dc"/>
      </object_component>
      <object_component id="oc-3e6">
         <name>.debug_info</name>
         <load_address>0xf3a5</load_address>
         <run_address>0xf3a5</run_address>
         <size>0x144</size>
         <input_file_ref idref="fl-dd"/>
      </object_component>
      <object_component id="oc-362">
         <name>.debug_info</name>
         <load_address>0xf4e9</load_address>
         <run_address>0xf4e9</run_address>
         <size>0x120</size>
         <input_file_ref idref="fl-de"/>
      </object_component>
      <object_component id="oc-3d1">
         <name>.debug_info</name>
         <load_address>0xf609</load_address>
         <run_address>0xf609</run_address>
         <size>0x122</size>
         <input_file_ref idref="fl-de"/>
      </object_component>
      <object_component id="oc-3ce">
         <name>.debug_info</name>
         <load_address>0xf72b</load_address>
         <run_address>0xf72b</run_address>
         <size>0x132</size>
         <input_file_ref idref="fl-df"/>
      </object_component>
      <object_component id="oc-3c7">
         <name>.debug_info</name>
         <load_address>0xf85d</load_address>
         <run_address>0xf85d</run_address>
         <size>0x132</size>
         <input_file_ref idref="fl-e0"/>
      </object_component>
      <object_component id="oc-3d8">
         <name>.debug_info</name>
         <load_address>0xf98f</load_address>
         <run_address>0xf98f</run_address>
         <size>0x126</size>
         <input_file_ref idref="fl-e1"/>
      </object_component>
      <object_component id="oc-3e2">
         <name>.debug_info</name>
         <load_address>0xfab5</load_address>
         <run_address>0xfab5</run_address>
         <size>0x124</size>
         <input_file_ref idref="fl-e2"/>
      </object_component>
      <object_component id="oc-3c0">
         <name>.debug_info</name>
         <load_address>0xfbd9</load_address>
         <run_address>0xfbd9</run_address>
         <size>0x12c</size>
         <input_file_ref idref="fl-e3"/>
      </object_component>
      <object_component id="oc-425">
         <name>.debug_info</name>
         <load_address>0xfd05</load_address>
         <run_address>0xfd05</run_address>
         <size>0x150</size>
         <input_file_ref idref="fl-e4"/>
      </object_component>
      <object_component id="oc-422">
         <name>.debug_info</name>
         <load_address>0xfe55</load_address>
         <run_address>0xfe55</run_address>
         <size>0x103</size>
         <input_file_ref idref="fl-e4"/>
      </object_component>
      <object_component id="oc-38b">
         <name>.debug_info</name>
         <load_address>0xff58</load_address>
         <run_address>0xff58</run_address>
         <size>0x143</size>
         <input_file_ref idref="fl-e4"/>
      </object_component>
      <object_component id="oc-438">
         <name>.debug_info</name>
         <load_address>0x1009b</load_address>
         <run_address>0x1009b</run_address>
         <size>0x10d</size>
         <input_file_ref idref="fl-e5"/>
      </object_component>
      <object_component id="oc-1bc">
         <name>.debug_info</name>
         <load_address>0x101a8</load_address>
         <run_address>0x101a8</run_address>
         <size>0x1e9</size>
         <input_file_ref idref="fl-e6"/>
      </object_component>
      <object_component id="oc-11e">
         <name>.debug_info</name>
         <load_address>0x10391</load_address>
         <run_address>0x10391</run_address>
         <size>0x1e0</size>
         <input_file_ref idref="fl-e6"/>
      </object_component>
      <object_component id="oc-204">
         <name>.debug_info</name>
         <load_address>0x10571</load_address>
         <run_address>0x10571</run_address>
         <size>0x24e</size>
         <input_file_ref idref="fl-e7"/>
      </object_component>
      <object_component id="oc-2bb">
         <name>.debug_info</name>
         <load_address>0x107bf</load_address>
         <run_address>0x107bf</run_address>
         <size>0x199</size>
         <input_file_ref idref="fl-e7"/>
      </object_component>
      <object_component id="oc-1d4">
         <name>.debug_info</name>
         <load_address>0x10958</load_address>
         <run_address>0x10958</run_address>
         <size>0x1d6</size>
         <input_file_ref idref="fl-e7"/>
      </object_component>
      <object_component id="oc-1da">
         <name>.debug_info</name>
         <load_address>0x10b2e</load_address>
         <run_address>0x10b2e</run_address>
         <size>0x1e4</size>
         <input_file_ref idref="fl-e7"/>
      </object_component>
      <object_component id="oc-1f2">
         <name>.debug_info</name>
         <load_address>0x10d12</load_address>
         <run_address>0x10d12</run_address>
         <size>0x21b</size>
         <input_file_ref idref="fl-e7"/>
      </object_component>
      <object_component id="oc-1e6">
         <name>.debug_info</name>
         <load_address>0x10f2d</load_address>
         <run_address>0x10f2d</run_address>
         <size>0x1ca</size>
         <input_file_ref idref="fl-e7"/>
      </object_component>
      <object_component id="oc-1ec">
         <name>.debug_info</name>
         <load_address>0x110f7</load_address>
         <run_address>0x110f7</run_address>
         <size>0x1af</size>
         <input_file_ref idref="fl-e7"/>
      </object_component>
      <object_component id="oc-1f8">
         <name>.debug_info</name>
         <load_address>0x112a6</load_address>
         <run_address>0x112a6</run_address>
         <size>0x1ca</size>
         <input_file_ref idref="fl-e7"/>
      </object_component>
      <object_component id="oc-1fe">
         <name>.debug_info</name>
         <load_address>0x11470</load_address>
         <run_address>0x11470</run_address>
         <size>0x19f</size>
         <input_file_ref idref="fl-e7"/>
      </object_component>
      <object_component id="oc-1e0">
         <name>.debug_info</name>
         <load_address>0x1160f</load_address>
         <run_address>0x1160f</run_address>
         <size>0x1d8</size>
         <input_file_ref idref="fl-e7"/>
      </object_component>
      <object_component id="oc-2ae">
         <name>.debug_info</name>
         <load_address>0x117e7</load_address>
         <run_address>0x117e7</run_address>
         <size>0x18b</size>
         <input_file_ref idref="fl-e7"/>
      </object_component>
      <object_component id="oc-298">
         <name>.debug_info</name>
         <load_address>0x11972</load_address>
         <run_address>0x11972</run_address>
         <size>0x19b</size>
         <input_file_ref idref="fl-e8"/>
      </object_component>
      <object_component id="oc-192">
         <name>.debug_info</name>
         <load_address>0x11b0d</load_address>
         <run_address>0x11b0d</run_address>
         <size>0x19e</size>
         <input_file_ref idref="fl-e8"/>
      </object_component>
      <object_component id="oc-d5">
         <name>.debug_info</name>
         <load_address>0x11cab</load_address>
         <run_address>0x11cab</run_address>
         <size>0x188</size>
         <input_file_ref idref="fl-e8"/>
      </object_component>
      <object_component id="oc-cf">
         <name>.debug_info</name>
         <load_address>0x11e33</load_address>
         <run_address>0x11e33</run_address>
         <size>0x1ba</size>
         <input_file_ref idref="fl-e8"/>
      </object_component>
      <object_component id="oc-db">
         <name>.debug_info</name>
         <load_address>0x11fed</load_address>
         <run_address>0x11fed</run_address>
         <size>0x1ab</size>
         <input_file_ref idref="fl-e8"/>
      </object_component>
      <object_component id="oc-350">
         <name>.debug_info</name>
         <load_address>0x12198</load_address>
         <run_address>0x12198</run_address>
[...]
      <symbol id="sm-1ca">
         <name>lcdTestPattern2</name>
         <value>0x200054d7</value>
         <object_component_ref idref="oc-94"/>
      </symbol>
      <symbol id="sm-1cb">
         <name>testtriangles</name>
         <value>0x20005145</value>
         <object_component_ref idref="oc-94"/>
      </symbol>
      <symbol id="sm-1cc">
         <name>DrawFullChar</name>
         <value>0x200055a7</value>
         <object_component_ref idref="oc-94"/>
      </symbol>
      <symbol id="sm-1cd">
         <name>testfillrects</name>
         <value>0x20004f9b</value>
         <object_component_ref idref="oc-94"/>
      </symbol>
      <symbol id="sm-1ce">
         <name>testdrawrects</name>
         <value>0x20004f3b</value>
         <object_component_ref idref="oc-94"/>
      </symbol>
      <symbol id="sm-1cf">
         <name>DrawHLines</name>
         <value>0x200055db</value>
         <object_component_ref idref="oc-94"/>
      </symbol>
      <symbol id="sm-1d0">
         <name>DrawVLines</name>
         <value>0x20005617</value>
         <object_component_ref idref="oc-94"/>
      </symbol>
      <symbol id="sm-1d1">
         <name>testfillcircles</name>
         <value>0x20005059</value>
         <object_component_ref idref="oc-94"/>
      </symbol>
      <symbol id="sm-1dd">
         <name>PinMuxConfig</name>
         <value>0x2000790d</value>
         <object_component_ref idref="oc-e6"/>
      </symbol>
      <symbol id="sm-1fc">
         <name>ResetISR</name>
         <value>0x20008de3</value>
         <object_component_ref idref="oc-26"/>
      </symbol>
      <symbol id="sm-1fd">
         <name>g_pfnVectors</name>
         <value>0x20004000</value>
         <object_component_ref idref="oc-f"/>
      </symbol>
      <symbol id="sm-23f">
         <name>GetCmd</name>
         <value>0x20006b03</value>
         <object_component_ref idref="oc-f8"/>
      </symbol>
      <symbol id="sm-240">
         <name>Message</name>
         <value>0x20006a9f</value>
         <object_component_ref idref="oc-f8"/>
      </symbol>
      <symbol id="sm-241">
         <name>Report</name>
         <value>0x20006c41</value>
         <object_component_ref idref="oc-f8"/>
      </symbol>
      <symbol id="sm-242">
         <name>Error</name>
         <value>0x20006acb</value>
         <object_component_ref idref="oc-f8"/>
      </symbol>
      <symbol id="sm-243">
         <name>InitTerm</name>
         <value>0x20006a81</value>
         <object_component_ref idref="oc-f8"/>
      </symbol>
      <symbol id="sm-244">
         <name>ClearTerm</name>
         <value>0x20006ac1</value>
         <object_component_ref idref="oc-f8"/>
      </symbol>
      <symbol id="sm-245">
         <name>TrimSpace</name>
         <value>0x20006ba9</value>
         <object_component_ref idref="oc-f8"/>
      </symbol>
      <symbol id="sm-259">
         <name>__TI_zero_init_nomemset</name>
         <value>0x20008da3</value>
         <object_component_ref idref="oc-46"/>
      </symbol>
      <symbol id="sm-270">
         <name>__TI_decompress_none</name>
         <value>0x20008dd5</value>
         <object_component_ref idref="oc-18"/>
      </symbol>
      <symbol id="sm-293">
         <name>__TI_decompress_lzss</name>
         <value>0x20008475</value>
         <object_component_ref idref="oc-12"/>
      </symbol>
      <symbol id="sm-2a5">
         <name>__stack</name>
         <value>0x2002f800</value>
         <object_component_ref idref="oc-20"/>
      </symbol>
      <symbol id="sm-2a6">
         <name>_c_int00_noargs</name>
         <value>0x20008a4d</value>
         <object_component_ref idref="oc-58"/>
      </symbol>
      <symbol id="sm-2b1">
         <name>C$$EXIT</name>
         <value>0x20008e17</value>
         <object_component_ref idref="oc-124"/>
      </symbol>
      <symbol id="sm-2b2">
         <name>abort</name>
         <value>0x20008e17</value>
         <object_component_ref idref="oc-124"/>
      </symbol>
      <symbol id="sm-348">
         <name>_sys_memory</name>
         <value>0x20017000</value>
         <object_component_ref idref="oc-23"/>
      </symbol>
      <symbol id="sm-349">
         <name>free</name>
         <value>0x20007b19</value>
         <object_component_ref idref="oc-24a"/>
      </symbol>
      <symbol id="sm-34a">
         <name>realloc</name>
         <value>0x200077f9</value>
         <object_component_ref idref="oc-244"/>
      </symbol>
      <symbol id="sm-34b">
         <name>malloc</name>
         <value>0x20008319</value>
         <object_component_ref idref="oc-23e"/>
      </symbol>
      <symbol id="sm-34c">
         <name>minit</name>
         <value>0x2000889d</value>
         <object_component_ref idref="oc-301"/>
      </symbol>
      <symbol id="sm-361">
         <name>_nop</name>
         <value>0x2000634f</value>
         <object_component_ref idref="oc-32b"/>
      </symbol>
      <symbol id="sm-362">
         <name>_lock</name>
         <value>0x20017824</value>
         <object_component_ref idref="oc-26c"/>
      </symbol>
      <symbol id="sm-363">
         <name>_unlock</name>
         <value>0x20017828</value>
         <object_component_ref idref="oc-26c"/>
      </symbol>
      <symbol id="sm-374">
         <name>memmove</name>
         <value>0x20008ac1</value>
         <object_component_ref idref="oc-238"/>
      </symbol>
      <symbol id="sm-382">
         <name>strlen</name>
         <value>0x20008d59</value>
         <object_component_ref idref="oc-232"/>
      </symbol>
      <symbol id="sm-3b1">
         <name>vsnprintf</name>
         <value>0x200087a5</value>
         <object_component_ref idref="oc-220"/>
      </symbol>
      <symbol id="sm-3cc">
         <name>memcpy</name>
         <value>0x20007ebd</value>
         <object_component_ref idref="oc-3a"/>
      </symbol>
      <symbol id="sm-3cd">
         <name>__aeabi_memcpy</name>
         <value>0x20007ebd</value>
         <object_component_ref idref="oc-3a"/>
      </symbol>
      <symbol id="sm-3ce">
         <name>__aeabi_memcpy8</name>
         <value>0x20007ebd</value>
         <object_component_ref idref="oc-3a"/>
      </symbol>
      <symbol id="sm-3cf">
         <name>__aeabi_memcpy4</name>
         <value>0x20007ebd</value>
         <object_component_ref idref="oc-3a"/>
      </symbol>
      <symbol id="sm-3de">
         <name>__aeabi_memset</name>
         <value>0x2000829f</value>
         <object_component_ref idref="oc-88"/>
      </symbol>
      <symbol id="sm-3df">
         <name>memset</name>
         <value>0x200082a5</value>
         <object_component_ref idref="oc-88"/>
      </symbol>
      <symbol id="sm-3e0">
         <name>__aeabi_memset8</name>
         <value>0x2000829f</value>
         <object_component_ref idref="oc-88"/>
      </symbol>
      <symbol id="sm-3e1">
         <name>__aeabi_memset4</name>
         <value>0x2000829f</value>
         <object_component_ref idref="oc-88"/>
      </symbol>
      <symbol id="sm-3e2">
         <name>__aeabi_memclr8</name>
         <value>0x2000829d</value>
         <object_component_ref idref="oc-88"/>
      </symbol>
      <symbol id="sm-3e3">
         <name>__aeabi_memclr4</name>
         <value>0x2000829d</value>
         <object_component_ref idref="oc-88"/>
      </symbol>
      <symbol id="sm-3e4">
         <name>__aeabi_memclr</name>
         <value>0x2000829d</value>
         <object_component_ref idref="oc-88"/>
      </symbol>
      <symbol id="sm-40c">
         <name>__TI_auto_init_nobinit_nopinit</name>
         <value>0x20008721</value>
         <object_component_ref idref="oc-130"/>
      </symbol>
      <symbol id="sm-416">
         <name>_system_pre_init</name>
         <value>0x20008e13</value>
         <object_component_ref idref="oc-8e"/>
      </symbol>
      <symbol id="sm-57c">
         <name>__TI_printfi</name>
         <value>0x20005905</value>
         <object_component_ref idref="oc-2dd"/>
      </symbol>
      <symbol id="sm-592">
         <name>atoi</name>
         <value>0x2000868d</value>
         <object_component_ref idref="oc-355"/>
      </symbol>
      <symbol id="sm-59d">
         <name>_ctypes_</name>
         <value>0x20009317</value>
         <object_component_ref idref="oc-3ba"/>
      </symbol>
      <symbol id="sm-5ac">
         <name>ltoa</name>
         <value>0x200085e7</value>
         <object_component_ref idref="oc-3da"/>
      </symbol>
      <symbol id="sm-5bc">
         <name>memccpy</name>
         <value>0x20008bfb</value>
         <object_component_ref idref="oc-37e"/>
      </symbol>
      <symbol id="sm-5cc">
         <name>strchr</name>
         <value>0x20008d1b</value>
         <object_component_ref idref="oc-411"/>
      </symbol>
      <symbol id="sm-5ec">
         <name>frexpl</name>
         <value>0x200084dd</value>
         <object_component_ref idref="oc-405"/>
      </symbol>
      <symbol id="sm-5ed">
         <name>frexp</name>
         <value>0x200084dd</value>
         <object_component_ref idref="oc-405"/>
      </symbol>
      <symbol id="sm-60b">
         <name>scalbn</name>
         <value>0x20007bf1</value>
         <object_component_ref idref="oc-40b"/>
      </symbol>
      <symbol id="sm-60c">
         <name>scalbnl</name>
         <value>0x20007bf1</value>
         <object_component_ref idref="oc-40b"/>
      </symbol>
      <symbol id="sm-60d">
         <name>ldexpl</name>
         <value>0x20007bf1</value>
         <object_component_ref idref="oc-40b"/>
      </symbol>
      <symbol id="sm-60e">
         <name>ldexp</name>
         <value>0x20007bf1</value>
         <object_component_ref idref="oc-40b"/>
      </symbol>
      <symbol id="sm-618">
         <name>copysign</name>
         <value>0x20008e05</value>
         <object_component_ref idref="oc-450"/>
      </symbol>
      <symbol id="sm-619">
         <name>copysignl</name>
         <value>0x20008e05</value>
         <object_component_ref idref="oc-450"/>
      </symbol>
      <symbol id="sm-632">
         <name>wcslen</name>
         <value>0x20008db5</value>
         <object_component_ref idref="oc-384"/>
      </symbol>
      <symbol id="sm-649">
         <name>__aeabi_dsub</name>
         <value>0x20007135</value>
         <object_component_ref idref="oc-3e5"/>
      </symbol>
      <symbol id="sm-64a">
         <name>__aeabi_dadd</name>
         <value>0x2000713f</value>
         <object_component_ref idref="oc-3e5"/>
      </symbol>
      <symbol id="sm-66c">
         <name>__aeabi_cdcmpeq</name>
         <value>0x2000810d</value>
         <object_component_ref idref="oc-361"/>
      </symbol>
      <symbol id="sm-66d">
         <name>__aeabi_cdcmple</name>
         <value>0x2000810d</value>
         <object_component_ref idref="oc-361"/>
      </symbol>
      <symbol id="sm-66e">
         <name>__aeabi_cdrcmple</name>
         <value>0x20008193</value>
         <object_component_ref idref="oc-3d0"/>
      </symbol>
      <symbol id="sm-682">
         <name>__aeabi_ddiv</name>
         <value>0x200075a1</value>
         <object_component_ref idref="oc-3cb"/>
      </symbol>
      <symbol id="sm-68d">
         <name>__aeabi_dmul</name>
         <value>0x20007a1d</value>
         <object_component_ref idref="oc-3c6"/>
      </symbol>
      <symbol id="sm-697">
         <name>__aeabi_d2iz</name>
         <value>0x200086d9</value>
         <object_component_ref idref="oc-3d5"/>
      </symbol>
      <symbol id="sm-6a1">
         <name>__aeabi_i2d</name>
         <value>0x2000899d</value>
         <object_component_ref idref="oc-3e0"/>
      </symbol>
      <symbol id="sm-6ae">
         <name>__aeabi_uldivmod</name>
         <value>0x20007f59</value>
         <object_component_ref idref="oc-3bf"/>
      </symbol>
      <symbol id="sm-6c4">
         <name>__aeabi_errno_addr</name>
         <value>0x20008dfd</value>
         <object_component_ref idref="oc-38a"/>
      </symbol>
      <symbol id="sm-6c5">
         <name>errno</name>
         <value>0x2001782c</value>
         <object_component_ref idref="oc-421"/>
      </symbol>
      <symbol id="sm-6cf">
         <name>__aeabi_idiv0</name>
         <value>0x200067fb</value>
         <object_component_ref idref="oc-437"/>
      </symbol>
      <symbol id="sm-6d0">
         <name>__aeabi_ldiv0</name>
         <value>0x200067fb</value>
         <object_component_ref idref="oc-437"/>
      </symbol>
      <symbol id="sm-6e4">
         <name>GPIODirModeSet</name>
         <value>0x200088d5</value>
         <object_component_ref idref="oc-1ba"/>
      </symbol>
      <symbol id="sm-6e5">
         <name>GPIOPinWrite</name>
         <value>0x20008b29</value>
         <object_component_ref idref="oc-11c"/>
      </symbol>
      <symbol id="sm-749">
         <name>I2CMasterDataPut</name>
         <value>0x20008cc3</value>
         <object_component_ref idref="oc-1f7"/>
      </symbol>
      <symbol id="sm-74a">
         <name>I2CMasterInitExpClk</name>
         <value>0x20008219</value>
         <object_component_ref idref="oc-203"/>
      </symbol>
      <symbol id="sm-74b">
         <name>I2CMasterIntClearEx</name>
         <value>0x20008d7f</value>
         <object_component_ref idref="oc-1d9"/>
      </symbol>
      <symbol id="sm-74c">
         <name>I2CMasterSlaveAddrSet</name>
         <value>0x20008ae5</value>
         <object_component_ref idref="oc-1f1"/>
      </symbol>
      <symbol id="sm-74d">
         <name>I2CMasterDataGet</name>
         <value>0x20008dc7</value>
         <object_component_ref idref="oc-1fd"/>
      </symbol>
      <symbol id="sm-74e">
         <name>I2CMasterErr</name>
         <value>0x200089cb</value>
         <object_component_ref idref="oc-1eb"/>
      </symbol>
      <symbol id="sm-74f">
         <name>I2CMasterTimeoutSet</name>
         <value>0x20008d91</value>
         <object_component_ref idref="oc-1df"/>
      </symbol>
      <symbol id="sm-750">
         <name>I2CMasterControl</name>
         <value>0x20008d6d</value>
         <object_component_ref idref="oc-1e5"/>
      </symbol>
      <symbol id="sm-751">
         <name>I2CMasterEnable</name>
         <value>0x20008cd9</value>
         <object_component_ref idref="oc-2ba"/>
      </symbol>
      <symbol id="sm-752">
         <name>I2CMasterIntStatusEx</name>
         <value>0x20008b69</value>
         <object_component_ref idref="oc-1d3"/>
      </symbol>
      <symbol id="sm-789">
         <name>IntVTableBaseSet</name>
         <value>0x20008d45</value>
         <object_component_ref idref="oc-ce"/>
      </symbol>
      <symbol id="sm-78a">
         <name>IntEnable</name>
         <value>0x20007d75</value>
         <object_component_ref idref="oc-da"/>
      </symbol>
      <symbol id="sm-78b">
         <name>IntMasterEnable</name>
         <value>0x20008df1</value>
         <object_component_ref idref="oc-d4"/>
      </symbol>
      <symbol id="sm-7d2">
         <name>PinTypeI2C</name>
         <value>0x20008bc3</value>
         <object_component_ref idref="oc-1cc"/>
      </symbol>
      <symbol id="sm-7d3">
         <name>PinTypeUART</name>
         <value>0x20008c31</value>
         <object_component_ref idref="oc-1c6"/>
      </symbol>
      <symbol id="sm-7d4">
         <name>PinTypeGPIO</name>
         <value>0x2000890b</value>
         <object_component_ref idref="oc-1b4"/>
      </symbol>
      <symbol id="sm-7d5">
         <name>PinConfigSet</name>
         <value>0x20008085</value>
         <object_component_ref idref="oc-2a2"/>
      </symbol>
      <symbol id="sm-7d6">
         <name>PinTypeSPI</name>
         <value>0x20008c17</value>
         <object_component_ref idref="oc-1c0"/>
      </symbol>
      <symbol id="sm-7d7">
         <name>PinModeSet</name>
         <value>0x20008765</value>
         <object_component_ref idref="oc-1ae"/>
      </symbol>
      <symbol id="sm-85d">
         <name>PRCMPeripheralReset</name>
         <value>0x20008539</value>
         <object_component_ref idref="oc-fe"/>
      </symbol>
      <symbol id="sm-85e">
         <name>PRCMPeripheralClkEnable</name>
         <value>0x20008825</value>
         <object_component_ref idref="oc-f2"/>
      </symbol>
      <symbol id="sm-85f">
         <name>PRCMPeripheralClockGet</name>
         <value>0x20007ff1</value>
         <object_component_ref idref="oc-10a"/>
      </symbol>
      <symbol id="sm-860">
         <name>PRCMCC3200MCUInit</name>
         <value>0x200072ed</value>
         <object_component_ref idref="oc-e0"/>
      </symbol>
      <symbol id="sm-861">
         <name>PRCMHIBRegWrite</name>
         <value>0x20008d05</value>
         <object_component_ref idref="oc-1a1"/>
      </symbol>
      <symbol id="sm-862">
         <name>PRCMSysResetCauseGet</name>
         <value>0x200089f9</value>
         <object_component_ref idref="oc-195"/>
      </symbol>
      <symbol id="sm-863">
         <name>PRCMPeripheralClkDisable</name>
         <value>0x20008a25</value>
         <object_component_ref idref="oc-1a7"/>
      </symbol>
      <symbol id="sm-864">
         <name>PRCMHIBRegRead</name>
         <value>0x20008cef</value>
         <object_component_ref idref="oc-19b"/>
      </symbol>
      <symbol id="sm-8a9">
         <name>SPICSEnable</name>
         <value>0x20008c63</value>
         <object_component_ref idref="oc-162"/>
      </symbol>
      <symbol id="sm-8aa">
         <name>SPIDataPut</name>
         <value>0x20008b87</value>
         <object_component_ref idref="oc-168"/>
      </symbol>
      <symbol id="sm-8ab">
         <name>SPIEnable</name>
         <value>0x20008c7b</value>
         <object_component_ref idref="oc-116"/>
      </symbol>
      <symbol id="sm-8ac">
         <name>SPIDataGet</name>
         <value>0x20008b49</value>
         <object_component_ref idref="oc-16e"/>
      </symbol>
      <symbol id="sm-8ad">
         <name>SPIConfigSetExpClk</name>
         <value>0x20007e1d</value>
         <object_component_ref idref="oc-110"/>
      </symbol>
      <symbol id="sm-8ae">
         <name>SPIReset</name>
         <value>0x20008b07</value>
         <object_component_ref idref="oc-104"/>
      </symbol>
      <symbol id="sm-8af">
         <name>SPICSDisable</name>
         <value>0x20008c4b</value>
         <object_component_ref idref="oc-174"/>
      </symbol>
      <symbol id="sm-8eb">
         <name>UARTConfigSetExpClk</name>
         <value>0x20008391</value>
         <object_component_ref idref="oc-214"/>
      </symbol>
      <symbol id="sm-8ec">
         <name>UARTDisable</name>
         <value>0x2000893d</value>
         <object_component_ref idref="oc-2cf"/>
      </symbol>
      <symbol id="sm-8ed">
         <name>UARTCharsAvail</name>
         <value>0x20008c93</value>
         <object_component_ref idref="oc-226"/>
      </symbol>
      <symbol id="sm-8ee">
         <name>UARTCharGetNonBlocking</name>
         <value>0x20008bdf</value>
         <object_component_ref idref="oc-22c"/>
      </symbol>
      <symbol id="sm-8ef">
         <name>UARTCharPut</name>
         <value>0x20008ba5</value>
         <object_component_ref idref="oc-21a"/>
      </symbol>
      <symbol id="sm-8f0">
         <name>UARTEnable</name>
         <value>0x20008a9d</value>
         <object_component_ref idref="oc-2d5"/>
      </symbol>
      <symbol id="sm-8f4">
         <name>UtilsDelay</name>
         <value>0x20008e0d</value>
         <object_component_ref idref="oc-29a"/>
      </symbol>
      <symbol id="sm-8fe">
         <name>CPUcpsie</name>
         <value>0x20008d31</value>
         <object_component_ref idref="oc-185"/>
      </symbol>
      <symbol id="sm-900">
         <name>__TI_static_base__</name>
         <value>0x20009640</value>
      </symbol>
      <symbol id="sm-903">
         <name>__mpu_init</name>
         <value>0x0</value>
      </symbol>
      <symbol id="sm-904">
         <name>_system_post_cinit</name>
         <value>0x0</value>
      </symbol>
   </symbol_table>
   <title>Link successful</title>
</link_info>
